stm32f0xx_gpio.c:119:6:GPIO_DeInit	8	static
stm32f0xx_gpio.c:169:6:GPIO_Init	32	static
stm32f0xx_gpio.c:224:6:GPIO_StructInit	0	static
stm32f0xx_gpio.c:245:6:GPIO_PinLockConfig	8	static
stm32f0xx_gpio.c:294:9:GPIO_ReadInputDataBit	0	static
stm32f0xx_gpio.c:320:10:GPIO_ReadInputData	0	static
stm32f0xx_gpio.c:340:9:GPIO_ReadOutputDataBit	0	static
stm32f0xx_gpio.c:366:10:GPIO_ReadOutputData	0	static
stm32f0xx_gpio.c:386:6:GPIO_SetBits	0	static
stm32f0xx_gpio.c:407:6:GPIO_ResetBits	0	static
stm32f0xx_gpio.c:432:6:GPIO_WriteBit	0	static
stm32f0xx_gpio.c:457:6:GPIO_Write	0	static
stm32f0xx_gpio.c:510:6:GPIO_PinAFConfig	8	static
