stm32f0xx_dma.c:137:6:DMA_DeInit	0	static
stm32f0xx_dma.c:233:6:DMA_Init	8	static
stm32f0xx_dma.c:292:6:DMA_StructInit	0	static
stm32f0xx_dma.c:329:6:DMA_Cmd	0	static
stm32f0xx_dma.c:355:6:DMA_RemapConfig	8	static
stm32f0xx_dma.c:415:6:DMA_SetCurrDataCounter	0	static
stm32f0xx_dma.c:435:10:DMA_GetCurrDataCounter	0	static
stm32f0xx_dma.c:512:6:DMA_ITConfig	0	static
stm32f0xx_dma.c:762:10:DMA_GetITStatus	0	static
stm32f0xx_dma.c:590:12:DMA_GetFlagStatus	8	static
stm32f0xx_dma.c:857:6:DMA_ClearITPendingBit	0	static
stm32f0xx_dma.c:685:6:DMA_ClearFlag	8	static
