stm32f0xx_syscfg.c:92:6:SYSCFG_DeInit	0	static
stm32f0xx_syscfg.c:114:6:SYSCFG_MemoryRemapConfig	0	static
stm32f0xx_syscfg.c:199:6:SYSCFG_I2CFastModePlusConfig	0	static
stm32f0xx_syscfg.c:155:6:SYSCFG_DMAChannelRemapConfig	8	static
stm32f0xx_syscfg.c:225:6:SYSCFG_IRDAEnvSelection	0	static
stm32f0xx_syscfg.c:247:6:SYSCFG_EXTILineConfig	8	static
stm32f0xx_syscfg.c:336:11:SYSCFG_GetPendingIT	0	static
stm32f0xx_syscfg.c:368:12:SYSCFG_GetFlagStatus	0	static
stm32f0xx_syscfg.c:397:6:SYSCFG_ClearFlag	0	static
stm32f0xx_syscfg.c:353:6:SYSCFG_BreakConfig	8	static
