stm32f0xx_crs.c:90:6:CRS_DeInit	8	static
stm32f0xx_crs.c:104:6:CRS_AdjustHSI48CalibrationValue	0	static
stm32f0xx_crs.c:121:6:CRS_FrequencyErrorCounterCmd	0	static
stm32f0xx_crs.c:142:6:CRS_AutomaticCalibrationCmd	0	static
stm32f0xx_crs.c:161:6:CRS_SoftwareSynchronizationGenerate	0	static
stm32f0xx_crs.c:175:6:CRS_FrequencyErrorCounterReload	0	static
stm32f0xx_crs.c:193:6:CRS_FrequencyErrorLimitConfig	0	static
stm32f0xx_crs.c:217:6:CRS_SynchronizationPrescalerConfig	0	static
stm32f0xx_crs.c:239:6:CRS_SynchronizationSourceConfig	0	static
stm32f0xx_crs.c:260:6:CRS_SynchronizationPolarityConfig	0	static
stm32f0xx_crs.c:277:10:CRS_GetReloadValue	0	static
stm32f0xx_crs.c:287:10:CRS_GetHSI48CalibrationValue	0	static
stm32f0xx_crs.c:297:10:CRS_GetFrequencyErrorValue	0	static
stm32f0xx_crs.c:310:10:CRS_GetFrequencyErrorDirection	0	static
stm32f0xx_crs.c:337:6:CRS_ITConfig	0	static
stm32f0xx_crs.c:366:12:CRS_GetFlagStatus	0	static
stm32f0xx_crs.c:415:10:CRS_GetITStatus	0	static
stm32f0xx_crs.c:436:6:CRS_ClearITPendingBit	0	static
stm32f0xx_crs.c:387:6:CRS_ClearFlag	8	static
