QuectelUG95.c:142:6:UG95_DTRset_nothing	0	static
QuectelUG95.c:611:6:UG95_dbgPrt_nothing	0	static
QuectelUG95.c:159:6:UG95_strsplit	48	static
QuectelUG95.c:724:6:UG95_prints	16	static
QuectelUG95.c:203:5:UG95_strsearch	32	static
QuectelUG95.c:231:4:UG95_strrmv	16	static
QuectelUG95.c:299:4:UG95_bufGet	24	static
QuectelUG95.c:490:4:UG95_bufWaitResp	48	static
QuectelUG95.c:564:6:UG95_bufClr	16	static
QuectelUG95.c:805:4:UG95_offEcho	8	static
QuectelUG95.c:420:5:UG95_bufGetResp	56	static
QuectelUG95.c:348:5:UG95_bufGets	40	static
QuectelUG95.c:586:6:UG95_setup	12	static
QuectelUG95.c:619:6:UG95_setup_dbgPrt	0	static
QuectelUG95.c:634:6:UG95_readc	48	static
QuectelUG95.c:744:6:UG95_rst	8	static
QuectelUG95.c:753:6:UG95_setAvoidSockRxDatEvt	0	static
QuectelUG95.c:763:4:UG95_get_sockRxDindex	12	static
QuectelUG95.c:778:6:UG95_rst_sockRxDindex	0	static
QuectelUG95.c:788:4:UG95_get_RxSMSindex	0	static
QuectelUG95.c:796:6:UG95_rst_RxSMSindex	0	static
QuectelUG95.c:825:4:UG95_getNetRegStt	96	static
QuectelUG95.c:847:5:UG95_explainNetRegStt	0	static
QuectelUG95.c:894:4:UG95_getNetwork	88	static
QuectelUG95.c:925:4:UG95_getSQ	96	static
QuectelUG95.c:950:4:UG95_getIMEI	16	static
QuectelUG95.c:969:4:UG95_sendSMS	96	static
QuectelUG95.c:1037:4:UG95_getSMSindexList	104	static
QuectelUG95.c:1070:4:UG95_readSMS	112	static
QuectelUG95.c:1147:4:UG95_delSMS	80	static
QuectelUG95.c:1178:6:UG95_checkHTTP	0	static
QuectelUG95.c:1192:4:UG95_runHTTPGET	104	static
QuectelUG95.c:1254:4:UG95_runHTTPPOST	120	static
QuectelUG95.c:1323:4:UG95_genChksum	8	static
QuectelUG95.c:1338:4:UG95_set_sockRxDatHdlMethod	40	static
QuectelUG95.c:1352:4:UG95_setQSCLK	32	static
QuectelUG95.c:1379:4:UG95_ini	16	static
QuectelUG95.c:1410:4:UG95_getNum	96	static
QuectelUG95.c:1435:4:UG95_setNum	80	static
QuectelUG95.c:1461:4:UG95_iniSockStack	184	static
QuectelUG95.c:1510:5:UG95_rdSock	120	static
QuectelUG95.c:1641:11:UG95_sockStt	120	static
QuectelUG95.c:1682:4:UG95_sendSock	176	static
QuectelUG95.c:1867:4:UG95_closeSock	16	static
QuectelUG95.c:1893:4:UG95_delFile	136	static
QuectelUG95.c:1916:4:UG95_file_open	208	static
QuectelUG95.c:1944:4:UG95_file_close	136	static
QuectelUG95.c:2032:4:UG95_FTPgetsize	256	static
QuectelUG95.c:2156:4:UG95_runFTPdownload	560	dynamic,bounded
QuectelUG95.c:2374:4:UG95_sndUSSD	24	static
