QuectelM95.c:147:6:QM95_DTRset_nothing	0	static
QuectelM95.c:625:6:QM95_dbgPrt_nothing	0	static
QuectelM95.c:208:5:QM95_strsearch	32	static
QuectelM95.c:236:4:QM95_strrmv	16	static
QuectelM95.c:164:6:QM95_strsplit	48	static
QuectelM95.c:743:6:QM95_prints	16	static
QuectelM95.c:304:4:QM95_bufGet	16	static
QuectelM95.c:504:4:QM95_bufWaitResp	48	static
QuectelM95.c:578:6:QM95_bufClr	16	static
QuectelM95.c:823:4:QM95_offEcho	8	static
QuectelM95.c:434:5:QM95_bufGetResp	56	static
QuectelM95.c:356:5:QM95_bufGets	40	static
QuectelM95.c:600:6:QM95_setup	12	static
QuectelM95.c:633:6:QM95_setup_dbgPrt	0	static
QuectelM95.c:648:6:QM95_readc	48	static
QuectelM95.c:763:6:QM95_rst	8	static
QuectelM95.c:772:6:QM95_setAvoidSockRxDatEvt	0	static
QuectelM95.c:781:4:QM95_get_sockRxDindex	12	static
QuectelM95.c:796:6:QM95_rst_sockRxDindex	0	static
QuectelM95.c:806:4:QM95_get_RxSMSindex	0	static
QuectelM95.c:814:6:QM95_rst_RxSMSindex	0	static
QuectelM95.c:843:4:QM95_getNetRegStt	96	static
QuectelM95.c:865:5:QM95_explainNetRegStt	0	static
QuectelM95.c:912:4:QM95_getNetwork	88	static
QuectelM95.c:943:4:QM95_getSQ	96	static
QuectelM95.c:968:4:QM95_getIMEI	16	static
QuectelM95.c:987:4:QM95_sendSMS	96	static
QuectelM95.c:1055:4:QM95_getSMSindexList	104	static
QuectelM95.c:1088:4:QM95_readSMS	112	static
QuectelM95.c:1163:4:QM95_delSMS	80	static
QuectelM95.c:1194:6:QM95_checkHTTP	0	static
QuectelM95.c:1208:4:QM95_runHTTPGET	104	static
QuectelM95.c:1270:4:QM95_runHTTPPOST	120	static
QuectelM95.c:1339:4:QM95_genChksum	8	static
QuectelM95.c:1354:4:QM95_set_sockRxDatHdlMethod	40	static
QuectelM95.c:1392:4:QM95_setQSCLK	32	static
QuectelM95.c:1462:4:QM95_ini	48	static
QuectelM95.c:1518:4:QM95_getNum	96	static
QuectelM95.c:1543:4:QM95_setNum	80	static
QuectelM95.c:1619:4:QM95_iniSockStack	168	static
QuectelM95.c:1674:5:QM95_rdSock	128	static
QuectelM95.c:1803:11:QM95_sockStt	144	static
QuectelM95.c:1881:4:QM95_sendSock	168	static
QuectelM95.c:2113:4:QM95_closeSock	24	static
QuectelM95.c:2151:4:QM95_delFile	136	static
QuectelM95.c:2174:4:QM95_file_open	208	static
QuectelM95.c:2202:4:QM95_file_close	136	static
QuectelM95.c:2224:4:QM95_file_read	232	static
QuectelM95.c:2297:4:QM95_FTPgetsize	248	static
QuectelM95.c:2412:4:QM95_runFTPdownload	336	static
QuectelM95.c:2630:4:QM95_sndUSSD	24	static
