QuectelL70.c:302:6:QL70_dbgPrt_nothing	0	static
QuectelL70.c:944:6:QL70_sendMTKbinCmd	40	static
QuectelL70.c:478:11:QL70_verifyNMEA.constprop	40	static
QuectelL70.c:267:6:QL70_prints.constprop	16	static
QuectelL70.c:797:4:QL70_sendPMTKcmd	48	static
QuectelL70.c:293:6:QL70_setup	0	static
QuectelL70.c:315:6:QL70_getData	72	static
QuectelL70.c:378:6:QL70_readc	40	static
QuectelL70.c:467:6:QL70_setup_dbgPrt	0	static
QuectelL70.c:864:4:QL70_sleep	8	static
QuectelL70.c:875:4:QL70_wkup	8	static
QuectelL70.c:886:4:QL70_getVersion	32	static
QuectelL70.c:914:4:QL70_set_support_QZSS_NMEA	72	static
QuectelL70.c:927:4:QL70_set_stop_QZSS	72	static
QuectelL70.c:1025:4:QL70_queryEPOstt	72	static
QuectelL70.c:1038:4:QL70_enterMTKbinProtocol	72	static
QuectelL70.c:1051:4:QL70_sendEPOpkt	24	static
QuectelL70.c:1086:4:QL70_exitMTKbinProtocol	24	static
QuectelL70.c:1158:5:calcDist	16	static
