SIM900.c:611:6:SIM900_dbgPrt_nothing	0	static
SIM900.c:183:6:SIM900_strsplit	48	static
SIM900.c:227:5:SIM900_strsearch	32	static
SIM900.c:728:6:SIM900_prints	16	static
SIM900.c:255:4:SIM900_strrmv	16	static
SIM900.c:342:4:SIM900_bufGet	24	static
SIM900.c:526:4:SIM900_bufWaitResp	40	static
SIM900.c:569:6:SIM900_bufClr	16	static
SIM900.c:863:4:SIM900_offEcho	8	static
SIM900.c:278:6:SIM900_bufRst	8	static
SIM900.c:463:5:SIM900_bufGetResp	48	static
SIM900.c:393:5:SIM900_bufGets	40	static
SIM900.c:2289:4:SIM900_closeBearer.constprop	40	static
SIM900.c:2215:4:SIM900_openBearer.constprop	312	dynamic,bounded
SIM900.c:590:6:SIM900_setup	8	static
SIM900.c:619:6:SIM900_setup_dbgPrt	0	static
SIM900.c:634:6:SIM900_readc	48	static
SIM900.c:744:6:SIM900_rst	16	static
SIM900.c:765:6:SIM900_rpwBySW	16	static
SIM900.c:784:4:SIM900_setCFUN	64	static
SIM900.c:812:6:SIM900_setAvoidSockRxDatEvt	0	static
SIM900.c:821:4:SIM900_get_sockRxDindex	12	static
SIM900.c:836:6:SIM900_rst_sockRxDindex	0	static
SIM900.c:846:4:SIM900_get_RxSMSindex	0	static
SIM900.c:854:6:SIM900_rst_RxSMSindex	0	static
SIM900.c:881:4:SIM900_getNetRegStt	96	static
SIM900.c:903:5:SIM900_explainNetRegStt	0	static
SIM900.c:950:4:SIM900_getNetwork	88	static
SIM900.c:974:4:SIM900_getIMEI	16	static
SIM900.c:993:4:SIM900_getSQ	96	static
SIM900.c:1017:4:SIM900_sendSMS	96	static
SIM900.c:1082:4:SIM900_getSMSindexList	104	static
SIM900.c:1115:4:SIM900_readSMS	112	static
SIM900.c:1170:4:SIM900_delSMS	80	static
SIM900.c:1201:6:SIM900_checkHTTP	0	static
SIM900.c:1215:4:SIM900_runHTTPGET	104	static
SIM900.c:1271:4:SIM900_runHTTPPOST	120	static
SIM900.c:1328:4:SIM900_genChksum	8	static
SIM900.c:1389:4:SIM900_setCSCLK	48	static
SIM900.c:1456:4:SIM900_ini	128	dynamic,bounded
SIM900.c:1512:4:SIM900_getNum	96	static
SIM900.c:1536:4:SIM900_setNum	80	static
SIM900.c:1563:4:SIM900_iniSockStack	176	static
SIM900.c:1626:5:SIM900_rdSock	224	dynamic,bounded
SIM900.c:1801:11:SIM900_sockStt	120	static
SIM900.c:1884:4:SIM900_sendSock	144	static
SIM900.c:2152:4:SIM900_closeSock	32	static
SIM900.c:2315:4:SIM900_FTPgetsize	232	static
SIM900.c:2438:4:SIM900_runFTPdownload	248	static
SIM900.c:2684:4:SIM900_sndUSSD	48	static
