Archive member included to satisfy reference by file (symbol)

e:/truestudio_for_arm/truestudio for stm32 9.0.0/armtools/bin/../lib/gcc/arm-atollic-eabi/6.3.1/../../../../arm-atollic-eabi/lib/armv6-m\libc_nano.a(lib_a-init.o)
                              src\startup_stm32f030x6.o (__libc_init_array)
e:/truestudio_for_arm/truestudio for stm32 9.0.0/armtools/bin/../lib/gcc/arm-atollic-eabi/6.3.1/../../../../arm-atollic-eabi/lib/armv6-m\libc_nano.a(lib_a-strlen.o)
                              src\tiny_printf.o (strlen)
e:/truestudio_for_arm/truestudio for stm32 9.0.0/armtools/bin/../lib/gcc/arm-atollic-eabi/6.3.1/armv6-m\libgcc.a(_thumb1_case_uqi.o)
                              Drivers\STM32F0xx_StdPeriph_Driver\src\stm32f0xx_rcc.o (__gnu_thumb1_case_uqi)
e:/truestudio_for_arm/truestudio for stm32 9.0.0/armtools/bin/../lib/gcc/arm-atollic-eabi/6.3.1/armv6-m\libgcc.a(_udivsi3.o)
                              Drivers\STM32F0xx_StdPeriph_Driver\src\stm32f0xx_rcc.o (__aeabi_uidiv)
e:/truestudio_for_arm/truestudio for stm32 9.0.0/armtools/bin/../lib/gcc/arm-atollic-eabi/6.3.1/armv6-m\libgcc.a(_divsi3.o)
                              src\tiny_printf.o (__aeabi_idiv)
e:/truestudio_for_arm/truestudio for stm32 9.0.0/armtools/bin/../lib/gcc/arm-atollic-eabi/6.3.1/armv6-m\libgcc.a(_dvmd_tls.o)
                              e:/truestudio_for_arm/truestudio for stm32 9.0.0/armtools/bin/../lib/gcc/arm-atollic-eabi/6.3.1/armv6-m\libgcc.a(_udivsi3.o) (__aeabi_idiv0)
e:/truestudio_for_arm/truestudio for stm32 9.0.0/armtools/bin/../lib/gcc/arm-atollic-eabi/6.3.1/../../../../arm-atollic-eabi/lib/armv6-m\libnosys.a(write.o)
                              src\tiny_printf.o (_write)
e:/truestudio_for_arm/truestudio for stm32 9.0.0/armtools/bin/../lib/gcc/arm-atollic-eabi/6.3.1/../../../../arm-atollic-eabi/lib/armv6-m\libnosys.a(errno.o)
                              e:/truestudio_for_arm/truestudio for stm32 9.0.0/armtools/bin/../lib/gcc/arm-atollic-eabi/6.3.1/../../../../arm-atollic-eabi/lib/armv6-m\libnosys.a(write.o) (errno)

Allocating common symbols
Common symbol       size              file

TIM_TimeBaseStructure
                    0xc               src\main.o
errno               0x4               e:/truestudio_for_arm/truestudio for stm32 9.0.0/armtools/bin/../lib/gcc/arm-atollic-eabi/6.3.1/../../../../arm-atollic-eabi/lib/armv6-m\libnosys.a(errno.o)
SPI_InitStruct      0x12              src\main.o
GPIO_InitStructure  0x8               src\main.o
USART_InitStructure
                    0x18              src\main.o
NVIC_InitStructure  0x3               src\main.o
EXTI_InitStructure  0x8               src\main.o

Discarded input sections

 .text          0x00000000        0x0 e:/truestudio_for_arm/truestudio for stm32 9.0.0/armtools/bin/../lib/gcc/arm-atollic-eabi/6.3.1/armv6-m/crti.o
 .data          0x00000000        0x0 e:/truestudio_for_arm/truestudio for stm32 9.0.0/armtools/bin/../lib/gcc/arm-atollic-eabi/6.3.1/armv6-m/crti.o
 .bss           0x00000000        0x0 e:/truestudio_for_arm/truestudio for stm32 9.0.0/armtools/bin/../lib/gcc/arm-atollic-eabi/6.3.1/armv6-m/crti.o
 .data          0x00000000        0x4 e:/truestudio_for_arm/truestudio for stm32 9.0.0/armtools/bin/../lib/gcc/arm-atollic-eabi/6.3.1/armv6-m/crtbegin.o
 .text          0x00000000        0x0 Drivers\STM32F0xx_StdPeriph_Driver\src\stm32f0xx_adc.o
 .data          0x00000000        0x0 Drivers\STM32F0xx_StdPeriph_Driver\src\stm32f0xx_adc.o
 .bss           0x00000000        0x0 Drivers\STM32F0xx_StdPeriph_Driver\src\stm32f0xx_adc.o
 .text.ADC_DeInit
                0x00000000       0x24 Drivers\STM32F0xx_StdPeriph_Driver\src\stm32f0xx_adc.o
 .text.ADC_Init
                0x00000000       0x2c Drivers\STM32F0xx_StdPeriph_Driver\src\stm32f0xx_adc.o
 .text.ADC_StructInit
                0x00000000       0x10 Drivers\STM32F0xx_StdPeriph_Driver\src\stm32f0xx_adc.o
 .text.ADC_Cmd  0x00000000       0x10 Drivers\STM32F0xx_StdPeriph_Driver\src\stm32f0xx_adc.o
 .text.ADC_ClockModeConfig
                0x00000000        0x4 Drivers\STM32F0xx_StdPeriph_Driver\src\stm32f0xx_adc.o
 .text.ADC_JitterCmd
                0x00000000       0x12 Drivers\STM32F0xx_StdPeriph_Driver\src\stm32f0xx_adc.o
 .text.ADC_AutoPowerOffCmd
                0x00000000       0x1c Drivers\STM32F0xx_StdPeriph_Driver\src\stm32f0xx_adc.o
 .text.ADC_WaitModeCmd
                0x00000000       0x1c Drivers\STM32F0xx_StdPeriph_Driver\src\stm32f0xx_adc.o
 .text.ADC_AnalogWatchdogCmd
                0x00000000       0x1c Drivers\STM32F0xx_StdPeriph_Driver\src\stm32f0xx_adc.o
 .text.ADC_AnalogWatchdogThresholdsConfig
                0x00000000        0x8 Drivers\STM32F0xx_StdPeriph_Driver\src\stm32f0xx_adc.o
 .text.ADC_AnalogWatchdogSingleChannelConfig
                0x00000000       0x10 Drivers\STM32F0xx_StdPeriph_Driver\src\stm32f0xx_adc.o
 .text.ADC_AnalogWatchdogSingleChannelCmd
                0x00000000       0x1c Drivers\STM32F0xx_StdPeriph_Driver\src\stm32f0xx_adc.o
[...]
Memory Configuration

Name             Origin             Length             Attributes
FLASH            0x08000000         0x00008000         xr
RAM              0x20000000         0x00001000         xrw
MEMORY_B1        0x60000000         0x00000000         xr
*default*        0x00000000         0xffffffff

Linker script and memory map

LOAD e:/truestudio_for_arm/truestudio for stm32 9.0.0/armtools/bin/../lib/gcc/arm-atollic-eabi/6.3.1/armv6-m/crti.o
LOAD e:/truestudio_for_arm/truestudio for stm32 9.0.0/armtools/bin/../lib/gcc/arm-atollic-eabi/6.3.1/armv6-m/crtbegin.o
LOAD Drivers\STM32F0xx_StdPeriph_Driver\src\stm32f0xx_adc.o
LOAD Drivers\STM32F0xx_StdPeriph_Driver\src\stm32f0xx_can.o
LOAD Drivers\STM32F0xx_StdPeriph_Driver\src\stm32f0xx_cec.o
LOAD Drivers\STM32F0xx_StdPeriph_Driver\src\stm32f0xx_comp.o
LOAD Drivers\STM32F0xx_StdPeriph_Driver\src\stm32f0xx_crc.o
LOAD Drivers\STM32F0xx_StdPeriph_Driver\src\stm32f0xx_crs.o
LOAD Drivers\STM32F0xx_StdPeriph_Driver\src\stm32f0xx_dbgmcu.o
LOAD Drivers\STM32F0xx_StdPeriph_Driver\src\stm32f0xx_dma.o
LOAD Drivers\STM32F0xx_StdPeriph_Driver\src\stm32f0xx_exti.o
LOAD Drivers\STM32F0xx_StdPeriph_Driver\src\stm32f0xx_flash.o
LOAD Drivers\STM32F0xx_StdPeriph_Driver\src\stm32f0xx_gpio.o
LOAD Drivers\STM32F0xx_StdPeriph_Driver\src\stm32f0xx_i2c.o
LOAD Drivers\STM32F0xx_StdPeriph_Driver\src\stm32f0xx_iwdg.o
LOAD Drivers\STM32F0xx_StdPeriph_Driver\src\stm32f0xx_misc.o
LOAD Drivers\STM32F0xx_StdPeriph_Driver\src\stm32f0xx_pwr.o
LOAD Drivers\STM32F0xx_StdPeriph_Driver\src\stm32f0xx_rcc.o
LOAD Drivers\STM32F0xx_StdPeriph_Driver\src\stm32f0xx_rtc.o
LOAD Drivers\STM32F0xx_StdPeriph_Driver\src\stm32f0xx_spi.o
LOAD Drivers\STM32F0xx_StdPeriph_Driver\src\stm32f0xx_syscfg.o
LOAD Drivers\STM32F0xx_StdPeriph_Driver\src\stm32f0xx_tim.o
LOAD Drivers\STM32F0xx_StdPeriph_Driver\src\stm32f0xx_usart.o
LOAD Drivers\STM32F0xx_StdPeriph_Driver\src\stm32f0xx_wwdg.o
LOAD src\main.o
LOAD src\startup_stm32f030x6.o
LOAD src\system_stm32f0xx.o
LOAD src\tiny_printf.o
                0x00000080                malloc_getpagesize_P = 0x80
START GROUP
LOAD e:/truestudio_for_arm/truestudio for stm32 9.0.0/armtools/bin/../lib/gcc/arm-atollic-eabi/6.3.1/../../../../arm-atollic-eabi/lib/armv6-m\libc_nano.a
LOAD e:/truestudio_for_arm/truestudio for stm32 9.0.0/armtools/bin/../lib/gcc/arm-atollic-eabi/6.3.1/../../../../arm-atollic-eabi/lib/armv6-m\libm.a
END GROUP
START GROUP
LOAD e:/truestudio_for_arm/truestudio for stm32 9.0.0/armtools/bin/../lib/gcc/arm-atollic-eabi/6.3.1/armv6-m\libgcc.a
LOAD e:/truestudio_for_arm/truestudio for stm32 9.0.0/armtools/bin/../lib/gcc/arm-atollic-eabi/6.3.1/../../../../arm-atollic-eabi/lib/armv6-m\libc_nano.a
END GROUP
START GROUP
LOAD e:/truestudio_for_arm/truestudio for stm32 9.0.0/armtools/bin/../lib/gcc/arm-atollic-eabi/6.3.1/armv6-m\libgcc.a
LOAD e:/truestudio_for_arm/truestudio for stm32 9.0.0/armtools/bin/../lib/gcc/arm-atollic-eabi/6.3.1/../../../../arm-atollic-eabi/lib/armv6-m\libc_nano.a
LOAD e:/truestudio_for_arm/truestudio for stm32 9.0.0/armtools/bin/../lib/gcc/arm-atollic-eabi/6.3.1/../../../../arm-atollic-eabi/lib/armv6-m\libnosys.a
END GROUP
START GROUP
LOAD e:/truestudio_for_arm/truestudio for stm32 9.0.0/armtools/bin/../lib/gcc/arm-atollic-eabi/6.3.1/armv6-m\libgcc.a
LOAD e:/truestudio_for_arm/truestudio for stm32 9.0.0/armtools/bin/../lib/gcc/arm-atollic-eabi/6.3.1/../../../../arm-atollic-eabi/lib/armv6-m\libc_nano.a
LOAD e:/truestudio_for_arm/truestudio for stm32 9.0.0/armtools/bin/../lib/gcc/arm-atollic-eabi/6.3.1/../../../../arm-atollic-eabi/lib/armv6-m\libnosys.a
END GROUP
LOAD e:/truestudio_for_arm/truestudio for stm32 9.0.0/armtools/bin/../lib/gcc/arm-atollic-eabi/6.3.1/armv6-m/crtend.o
LOAD e:/truestudio_for_arm/truestudio for stm32 9.0.0/armtools/bin/../lib/gcc/arm-atollic-eabi/6.3.1/armv6-m/crtn.o
                0x20001000                _estack = 0x20001000
                0x00000000                _Min_Heap_Size = 0x0
                0x00000080                _Min_Stack_Size = 0x80

.isr_vector     0x08000000       0xc0
                0x08000000                . = ALIGN (0x4)
 *(.isr_vector)
 .isr_vector    0x08000000       0xc0 src\startup_stm32f030x6.o
                0x08000000                g_pfnVectors
                0x080000c0                . = ALIGN (0x4)

.text           0x080000c0      0x724
                0x080000c0                . = ALIGN (0x4)
 *(.text)
 .text          0x080000c0       0x48 e:/truestudio_for_arm/truestudio for stm32 9.0.0/armtools/bin/../lib/gcc/arm-atollic-eabi/6.3.1/armv6-m/crtbegin.o
 *(.text*)
 .text.GPIO_Init
                0x08000108       0x78 Drivers\STM32F0xx_StdPeriph_Driver\src\stm32f0xx_gpio.o
                0x08000108                GPIO_Init
 .text.GPIO_ReadInputDataBit
                0x08000180        0xc Drivers\STM32F0xx_StdPeriph_Driver\src\stm32f0xx_gpio.o
                0x08000180                GPIO_ReadInputDataBit
 .text.GPIO_SetBits
                0x0800018c        0x4 Drivers\STM32F0xx_StdPeriph_Driver\src\stm32f0xx_gpio.o
                0x0800018c                GPIO_SetBits
 .text.GPIO_ResetBits
                0x08000190        0x4 Drivers\STM32F0xx_StdPeriph_Driver\src\stm32f0xx_gpio.o
                0x08000190                GPIO_ResetBits
 .text.GPIO_WriteBit
                0x08000194        0xc Drivers\STM32F0xx_StdPeriph_Driver\src\stm32f0xx_gpio.o
                0x08000194                GPIO_WriteBit
 .text.NVIC_Init
                0x080001a0       0x58 Drivers\STM32F0xx_StdPeriph_Driver\src\stm32f0xx_misc.o
                0x080001a0                NVIC_Init
 .text.RCC_AHBPeriphClockCmd
                0x080001f8       0x18 Drivers\STM32F0xx_StdPeriph_Driver\src\stm32f0xx_rcc.o
                0x080001f8                RCC_AHBPeriphClockCmd
 .text.RCC_APB1PeriphClockCmd
                0x08000210       0x18 Drivers\STM32F0xx_StdPeriph_Driver\src\stm32f0xx_rcc.o
                0x08000210                RCC_APB1PeriphClockCmd
 .text.TIM_TimeBaseInit
                0x08000228       0x78 Drivers\STM32F0xx_StdPeriph_Driver\src\stm32f0xx_tim.o
                0x08000228                TIM_TimeBaseInit
 .text.TIM_Cmd  0x080002a0       0x14 Drivers\STM32F0xx_StdPeriph_Driver\src\stm32f0xx_tim.o
                0x080002a0                TIM_Cmd
 .text.TIM_ClearFlag
                0x080002b4        0x8 Drivers\STM32F0xx_StdPeriph_Driver\src\stm32f0xx_tim.o
                0x080002b4                TIM_ClearFlag
 .text.TIM_GetITStatus
                0x080002bc       0x16 Drivers\STM32F0xx_StdPeriph_Driver\src\stm32f0xx_tim.o
                0x080002bc                TIM_GetITStatus
 .text.TIM_ClearITPendingBit
                0x080002d2        0x8 Drivers\STM32F0xx_StdPeriph_Driver\src\stm32f0xx_tim.o
                0x080002d2                TIM_ClearITPendingBit
 .text.TIM_DMACmd
                0x080002da       0x12 Drivers\STM32F0xx_StdPeriph_Driver\src\stm32f0xx_tim.o
                0x080002da                TIM_DMACmd
 .text.TIM_ITConfig
                0x080002ec        0x8 Drivers\STM32F0xx_StdPeriph_Driver\src\stm32f0xx_tim.o
                0x080002ec                TIM_ITConfig
 .text.TIM3_IRQHandler
                0x080002f4       0x38 src\main.o
                0x080002f4                TIM3_IRQHandler
 .text.HC595_Pulse
                0x0800032c       0x18 src\main.o
                0x0800032c                HC595_Pulse
 .text.Shift_Out
                0x08000344       0x30 src\main.o
                0x08000344                Shift_Out
 .text.HC595_Latch
                0x08000374       0x18 src\main.o
                0x08000374                HC595_Latch
 .text.Led_1    0x0800038c       0x84 src\main.o
                0x0800038c                Led_1
 .text.Led_2    0x08000410       0x84 src\main.o
                0x08000410                Led_2
 .text.Led_3    0x08000494       0x90 src\main.o
                0x08000494                Led_3
 .text.Led_4    0x08000524       0x80 src\main.o
                0x08000524                Led_4
 .text.startup.main
                0x080005a4       0x94 src\main.o
                0x080005a4                main
 .text.Reset_Handler
                0x08000638       0x50 src\startup_stm32f030x6.o
                0x08000638                Reset_Handler
 .text.Default_Handler
                0x08000688        0x2 src\startup_stm32f030x6.o
                0x08000688                TIM1_CC_IRQHandler
                0x08000688                HardFault_Handler
                0x08000688                SysTick_Handler
                0x08000688                PendSV_Handler
                0x08000688                NMI_Handler
                0x08000688                I2C1_IRQHandler
                0x08000688                SPI1_IRQHandler
                0x08000688                EXTI2_3_IRQHandler
                0x08000688                ADC1_IRQHandler
                0x08000688                TIM17_IRQHandler
                0x08000688                RTC_IRQHandler
                0x08000688                TIM16_IRQHandler
                0x08000688                EXTI4_15_IRQHandler
                0x08000688                RCC_IRQHandler
                0x08000688                DMA1_Channel1_IRQHandler
                0x08000688                Default_Handler
                0x08000688                TIM14_IRQHandler
                0x08000688                DMA1_Channel4_5_IRQHandler
                0x08000688                EXTI0_1_IRQHandler
                0x08000688                SVC_Handler
                0x08000688                WWDG_IRQHandler
                0x08000688                DMA1_Channel2_3_IRQHandler
                0x08000688                FLASH_IRQHandler
                0x08000688                USART1_IRQHandler
                0x08000688                TIM1_BRK_UP_TRG_COM_IRQHandler
 *fill*         0x0800068a        0x2 
 .text.SystemInit
                0x0800068c       0xf8 src\system_stm32f0xx.o
                0x0800068c                SystemInit
 .text.__libc_init_array
                0x08000784       0x48 e:/truestudio_for_arm/truestudio for stm32 9.0.0/armtools/bin/../lib/gcc/arm-atollic-eabi/6.3.1/../../../../arm-atollic-eabi/lib/armv6-m\libc_nano.a(lib_a-init.o)
                0x08000784                __libc_init_array
 *(.glue_7)
 .glue_7        0x080007cc        0x0 linker stubs
 *(.glue_7t)
 .glue_7t       0x080007cc        0x0 linker stubs
 *(.eh_frame)
 .eh_frame      0x080007cc        0x0 e:/truestudio_for_arm/truestudio for stm32 9.0.0/armtools/bin/../lib/gcc/arm-atollic-eabi/6.3.1/armv6-m/crtbegin.o
 *(.init)
 .init          0x080007cc        0x4 e:/truestudio_for_arm/truestudio for stm32 9.0.0/armtools/bin/../lib/gcc/arm-atollic-eabi/6.3.1/armv6-m/crti.o
                0x080007cc                _init
 .init          0x080007d0        0x8 e:/truestudio_for_arm/truestudio for stm32 9.0.0/armtools/bin/../lib/gcc/arm-atollic-eabi/6.3.1/armv6-m/crtn.o
 *(.fini)
 .fini          0x080007d8        0x4 e:/truestudio_for_arm/truestudio for stm32 9.0.0/armtools/bin/../lib/gcc/arm-atollic-eabi/6.3.1/armv6-m/crti.o
                0x080007d8                _fini
 .fini          0x080007dc        0x8 e:/truestudio_for_arm/truestudio for stm32 9.0.0/armtools/bin/../lib/gcc/arm-atollic-eabi/6.3.1/armv6-m/crtn.o
                0x080007e4                . = ALIGN (0x4)
                0x080007e4                _etext = .

.vfp11_veneer   0x080007e4        0x0
 .vfp11_veneer  0x080007e4        0x0 linker stubs

.v4_bx          0x080007e4        0x0
 .v4_bx         0x080007e4        0x0 linker stubs

.iplt           0x080007e4        0x0
 .iplt          0x080007e4        0x0 e:/truestudio_for_arm/truestudio for stm32 9.0.0/armtools/bin/../lib/gcc/arm-atollic-eabi/6.3.1/armv6-m/crtbegin.o

.rel.dyn        0x080007e4        0x0
 .rel.iplt      0x080007e4        0x0 e:/truestudio_for_arm/truestudio for stm32 9.0.0/armtools/bin/../lib/gcc/arm-atollic-eabi/6.3.1/armv6-m/crtbegin.o

.rodata         0x080007e4        0x0
                0x080007e4                . = ALIGN (0x4)
 *(.rodata)
 *(.rodata*)
                0x080007e4                . = ALIGN (0x4)

.ARM.extab
 *(.ARM.extab* .gnu.linkonce.armextab.*)

.ARM            0x080007e4        0x0
                0x080007e4                __exidx_start = .
 *(.ARM.exidx*)
                0x080007e4                __exidx_end = .

.preinit_array  0x080007e4        0x0
                0x080007e4                PROVIDE (__preinit_array_start, .)
 *(.preinit_array*)
                0x080007e4                PROVIDE (__preinit_array_end, .)

.init_array     0x080007e4        0x4
                0x080007e4                PROVIDE (__init_array_start, .)
 *(SORT(.init_array.*))
 *(.init_array*)
 .init_array    0x080007e4        0x4 e:/truestudio_for_arm/truestudio for stm32 9.0.0/armtools/bin/../lib/gcc/arm-atollic-eabi/6.3.1/armv6-m/crtbegin.o
                0x080007e8                PROVIDE (__init_array_end, .)

.fini_array     0x080007e8        0x4
                [!provide]                PROVIDE (__fini_array_start, .)
 *(SORT(.fini_array.*))
 *(.fini_array*)
 .fini_array    0x080007e8        0x4 e:/truestudio_for_arm/truestudio for stm32 9.0.0/armtools/bin/../lib/gcc/arm-atollic-eabi/6.3.1/armv6-m/crtbegin.o
                [!provide]                PROVIDE (__fini_array_end, .)
                0x080007ec                _sidata = LOADADDR (.data)

.data           0x20000000        0x4 load address 0x080007ec
                0x20000000                . = ALIGN (0x4)
                0x20000000                _sdata = .
 *(.data)
 *(.data*)
 .data.x        0x20000000        0x2 src\main.o
                0x20000000                x
                0x20000004                . = ALIGN (0x4)
 *fill*         0x20000002        0x2 
                0x20000004                _edata = .

.igot.plt       0x20000004        0x0 load address 0x080007f0
 .igot.plt      0x20000004        0x0 e:/truestudio_for_arm/truestudio for stm32 9.0.0/armtools/bin/../lib/gcc/arm-atollic-eabi/6.3.1/armv6-m/crtbegin.o
                0x20000004                . = ALIGN (0x4)

.bss            0x20000004       0x6c load address 0x080007f0
                0x20000004                _sbss = .
                0x20000004                __bss_start__ = _sbss
 *(.bss)
 .bss           0x20000004       0x1c e:/truestudio_for_arm/truestudio for stm32 9.0.0/armtools/bin/../lib/gcc/arm-atollic-eabi/6.3.1/armv6-m/crtbegin.o
 *(.bss*)
 .bss.y         0x20000020        0x2 src\main.o
                0x20000020                y
 *(COMMON)
 *fill*         0x20000022        0x2 
 COMMON         0x20000024       0x4c src\main.o
                0x20000024                TIM_TimeBaseStructure
                0x20000030                SPI_InitStruct
                0x20000044                GPIO_InitStructure
                0x2000004c                USART_InitStructure
                0x20000064                NVIC_InitStructure
                0x20000068                EXTI_InitStructure
                0x20000070                . = ALIGN (0x4)
                0x20000070                _ebss = .
                0x20000070                __bss_end__ = _ebss

._user_heap_stack
                0x20000070       0x80 load address 0x080007f0
                0x20000070                . = ALIGN (0x4)
                [!provide]                PROVIDE (end, .)
                [!provide]                PROVIDE (_end, .)
                0x20000070                . = (. + _Min_Heap_Size)
                0x200000f0                . = (. + _Min_Stack_Size)
 *fill*         0x20000070       0x80 
                0x200000f0                . = ALIGN (0x4)

.memory_b1_text
 *(.mb1text)
 *(.mb1text*)
 *(.mb1rodata)
 *(.mb1rodata*)

/DISCARD/
 libc.a(*)
 libm.a(*)
 libgcc.a(*)

.ARM.attributes
                0x00000000       0x28
 *(.ARM.attributes)
 .ARM.attributes
                0x00000000       0x1e e:/truestudio_for_arm/truestudio for stm32 9.0.0/armtools/bin/../lib/gcc/arm-atollic-eabi/6.3.1/armv6-m/crti.o
 .ARM.attributes
                0x0000001e       0x2c e:/truestudio_for_arm/truestudio for stm32 9.0.0/armtools/bin/../lib/gcc/arm-atollic-eabi/6.3.1/armv6-m/crtbegin.o
 .ARM.attributes
                0x0000004a       0x31 Drivers\STM32F0xx_StdPeriph_Driver\src\stm32f0xx_gpio.o
 .ARM.attributes
                0x0000007b       0x31 Drivers\STM32F0xx_StdPeriph_Driver\src\stm32f0xx_misc.o
 .ARM.attributes
                0x000000ac       0x31 Drivers\STM32F0xx_StdPeriph_Driver\src\stm32f0xx_rcc.o
 .ARM.attributes
                0x000000dd       0x31 Drivers\STM32F0xx_StdPeriph_Driver\src\stm32f0xx_tim.o
 .ARM.attributes
                0x0000010e       0x31 src\main.o
 .ARM.attributes
                0x0000013f       0x21 src\startup_stm32f030x6.o
 .ARM.attributes
                0x00000160       0x31 src\system_stm32f0xx.o
 .ARM.attributes
                0x00000191       0x2c e:/truestudio_for_arm/truestudio for stm32 9.0.0/armtools/bin/../lib/gcc/arm-atollic-eabi/6.3.1/../../../../arm-atollic-eabi/lib/armv6-m\libc_nano.a(lib_a-init.o)
 .ARM.attributes
                0x000001bd       0x1e e:/truestudio_for_arm/truestudio for stm32 9.0.0/armtools/bin/../lib/gcc/arm-atollic-eabi/6.3.1/armv6-m/crtn.o
OUTPUT(STM32F0_example.elf elf32-littlearm)

.debug_info     0x00000000     0x4752
 .debug_info    0x00000000      0x6aa Drivers\STM32F0xx_StdPeriph_Driver\src\stm32f0xx_gpio.o
 .debug_info    0x000006aa      0x373 Drivers\STM32F0xx_StdPeriph_Driver\src\stm32f0xx_misc.o
 .debug_info    0x00000a1d      0xaab Drivers\STM32F0xx_StdPeriph_Driver\src\stm32f0xx_rcc.o
 .debug_info    0x000014c8     0x201d Drivers\STM32F0xx_StdPeriph_Driver\src\stm32f0xx_tim.o
 .debug_info    0x000034e5      0xed9 src\main.o
 .debug_info    0x000043be       0x70 src\startup_stm32f030x6.o
 .debug_info    0x0000442e      0x324 src\system_stm32f0xx.o

.debug_abbrev   0x00000000      0xba9
 .debug_abbrev  0x00000000      0x1ed Drivers\STM32F0xx_StdPeriph_Driver\src\stm32f0xx_gpio.o
 .debug_abbrev  0x000001ed      0x14f Drivers\STM32F0xx_StdPeriph_Driver\src\stm32f0xx_misc.o
 .debug_abbrev  0x0000033c      0x243 Drivers\STM32F0xx_StdPeriph_Driver\src\stm32f0xx_rcc.o
 .debug_abbrev  0x0000057f      0x299 Drivers\STM32F0xx_StdPeriph_Driver\src\stm32f0xx_tim.o
 .debug_abbrev  0x00000818      0x213 src\main.o
 .debug_abbrev  0x00000a2b       0x12 src\startup_stm32f030x6.o
 .debug_abbrev  0x00000a3d      0x16c src\system_stm32f0xx.o

.debug_loc      0x00000000     0x2bf5
 .debug_loc     0x00000000      0x334 Drivers\STM32F0xx_StdPeriph_Driver\src\stm32f0xx_gpio.o
 .debug_loc     0x00000334       0xb3 Drivers\STM32F0xx_StdPeriph_Driver\src\stm32f0xx_misc.o
 .debug_loc     0x000003e7      0x925 Drivers\STM32F0xx_StdPeriph_Driver\src\stm32f0xx_rcc.o
 .debug_loc     0x00000d0c     0x19e7 Drivers\STM32F0xx_StdPeriph_Driver\src\stm32f0xx_tim.o
 .debug_loc     0x000026f3      0x403 src\main.o
 .debug_loc     0x00002af6       0xff src\system_stm32f0xx.o

.debug_aranges  0x00000000      0x5a0
 .debug_aranges
                0x00000000       0x80 Drivers\STM32F0xx_StdPeriph_Driver\src\stm32f0xx_gpio.o
 .debug_aranges
                0x00000080       0x30 Drivers\STM32F0xx_StdPeriph_Driver\src\stm32f0xx_misc.o
 .debug_aranges
                0x000000b0      0x160 Drivers\STM32F0xx_StdPeriph_Driver\src\stm32f0xx_rcc.o
 .debug_aranges
                0x00000210      0x2e0 Drivers\STM32F0xx_StdPeriph_Driver\src\stm32f0xx_tim.o
 .debug_aranges
                0x000004f0       0x60 src\main.o
 .debug_aranges
                0x00000550       0x28 src\startup_stm32f030x6.o
 .debug_aranges
                0x00000578       0x28 src\system_stm32f0xx.o

.debug_ranges   0x00000000      0x618
 .debug_ranges  0x00000000       0x70 Drivers\STM32F0xx_StdPeriph_Driver\src\stm32f0xx_gpio.o
 .debug_ranges  0x00000070       0x20 Drivers\STM32F0xx_StdPeriph_Driver\src\stm32f0xx_misc.o
 .debug_ranges  0x00000090      0x150 Drivers\STM32F0xx_StdPeriph_Driver\src\stm32f0xx_rcc.o
 .debug_ranges  0x000001e0      0x310 Drivers\STM32F0xx_StdPeriph_Driver\src\stm32f0xx_tim.o
 .debug_ranges  0x000004f0       0xd8 src\main.o
 .debug_ranges  0x000005c8       0x20 src\startup_stm32f030x6.o
 .debug_ranges  0x000005e8       0x30 src\system_stm32f0xx.o

.debug_line     0x00000000     0x1f24
 .debug_line    0x00000000      0x36b Drivers\STM32F0xx_StdPeriph_Driver\src\stm32f0xx_gpio.o
 .debug_line    0x0000036b      0x2a0 Drivers\STM32F0xx_StdPeriph_Driver\src\stm32f0xx_misc.o
 .debug_line    0x0000060b      0x66e Drivers\STM32F0xx_StdPeriph_Driver\src\stm32f0xx_rcc.o
 .debug_line    0x00000c79      0xbcd Drivers\STM32F0xx_StdPeriph_Driver\src\stm32f0xx_tim.o
 .debug_line    0x00001846      0x466 src\main.o
 .debug_line    0x00001cac       0x7f src\startup_stm32f030x6.o
 .debug_line    0x00001d2b      0x1f9 src\system_stm32f0xx.o

.debug_str      0x00000000     0x1c14
 .debug_str     0x00000000      0x4aa Drivers\STM32F0xx_StdPeriph_Driver\src\stm32f0xx_gpio.o
                                0x4f8 (size before relaxing)
 .debug_str     0x000004aa      0x17f Drivers\STM32F0xx_StdPeriph_Driver\src\stm32f0xx_misc.o
                                0x34c (size before relaxing)
 .debug_str     0x00000629      0x5b8 Drivers\STM32F0xx_StdPeriph_Driver\src\stm32f0xx_rcc.o
                                0x7f5 (size before relaxing)
 .debug_str     0x00000be1      0xbb9 Drivers\STM32F0xx_StdPeriph_Driver\src\stm32f0xx_tim.o
                                0xe62 (size before relaxing)
 .debug_str     0x0000179a      0x40f src\main.o
                                0x9e8 (size before relaxing)
 .debug_str     0x00001ba9       0x6b src\system_stm32f0xx.o
                                0x2ba (size before relaxing)

.comment        0x00000000       0x7c
 .comment       0x00000000       0x7c Drivers\STM32F0xx_StdPeriph_Driver\src\stm32f0xx_gpio.o
                                 0x7d (size before relaxing)
 .comment       0x0000007c       0x7d Drivers\STM32F0xx_StdPeriph_Driver\src\stm32f0xx_misc.o
 .comment       0x0000007c       0x7d Drivers\STM32F0xx_StdPeriph_Driver\src\stm32f0xx_rcc.o
 .comment       0x0000007c       0x7d Drivers\STM32F0xx_StdPeriph_Driver\src\stm32f0xx_tim.o
 .comment       0x0000007c       0x7d src\main.o
 .comment       0x0000007c       0x7d src\system_stm32f0xx.o

.debug_frame    0x00000000      0xc40
 .debug_frame   0x00000000      0x108 Drivers\STM32F0xx_StdPeriph_Driver\src\stm32f0xx_gpio.o
 .debug_frame   0x00000108       0x50 Drivers\STM32F0xx_StdPeriph_Driver\src\stm32f0xx_misc.o
 .debug_frame   0x00000158      0x2c4 Drivers\STM32F0xx_StdPeriph_Driver\src\stm32f0xx_rcc.o
 .debug_frame   0x0000041c      0x69c Drivers\STM32F0xx_StdPeriph_Driver\src\stm32f0xx_tim.o
 .debug_frame   0x00000ab8      0x114 src\main.o
 .debug_frame   0x00000bcc       0x48 src\system_stm32f0xx.o
 .debug_frame   0x00000c14       0x2c e:/truestudio_for_arm/truestudio for stm32 9.0.0/armtools/bin/../lib/gcc/arm-atollic-eabi/6.3.1/../../../../arm-atollic-eabi/lib/armv6-m\libc_nano.a(lib_a-init.o)

.stabstr        0x00000000       0x3f
 .stabstr       0x00000000       0x3f e:/truestudio_for_arm/truestudio for stm32 9.0.0/armtools/bin/../lib/gcc/arm-atollic-eabi/6.3.1/../../../../arm-atollic-eabi/lib/armv6-m\libnosys.a(write.o)

Cross Reference Table

Symbol                                            File
ADC1_IRQHandler                                   src\startup_stm32f030x6.o
ADC_AnalogWatchdogCmd                             Drivers\STM32F0xx_StdPeriph_Driver\src\stm32f0xx_adc.o
ADC_AnalogWatchdogSingleChannelCmd                Drivers\STM32F0xx_StdPeriph_Driver\src\stm32f0xx_adc.o
ADC_AnalogWatchdogSingleChannelConfig             Drivers\STM32F0xx_StdPeriph_Driver\src\stm32f0xx_adc.o
ADC_AnalogWatchdogThresholdsConfig                Drivers\STM32F0xx_StdPeriph_Driver\src\stm32f0xx_adc.o
ADC_AutoPowerOffCmd                               Drivers\STM32F0xx_StdPeriph_Driver\src\stm32f0xx_adc.o
ADC_ChannelConfig                                 Drivers\STM32F0xx_StdPeriph_Driver\src\stm32f0xx_adc.o
ADC_ClearFlag                                     Drivers\STM32F0xx_StdPeriph_Driver\src\stm32f0xx_adc.o
ADC_ClearITPendingBit                             Drivers\STM32F0xx_StdPeriph_Driver\src\stm32f0xx_adc.o
ADC_ClockModeConfig                               Drivers\STM32F0xx_StdPeriph_Driver\src\stm32f0xx_adc.o
ADC_Cmd                                           Drivers\STM32F0xx_StdPeriph_Driver\src\stm32f0xx_adc.o
ADC_ContinuousModeCmd                             Drivers\STM32F0xx_StdPeriph_Driver\src\stm32f0xx_adc.o
ADC_DMACmd                                        Drivers\STM32F0xx_StdPeriph_Driver\src\stm32f0xx_adc.o
ADC_DMARequestModeConfig                          Drivers\STM32F0xx_StdPeriph_Driver\src\stm32f0xx_adc.o
ADC_DeInit                                        Drivers\STM32F0xx_StdPeriph_Driver\src\stm32f0xx_adc.o
ADC_DiscModeCmd                                   Drivers\STM32F0xx_StdPeriph_Driver\src\stm32f0xx_adc.o
ADC_GetCalibrationFactor                          Drivers\STM32F0xx_StdPeriph_Driver\src\stm32f0xx_adc.o
ADC_GetConversionValue                            Drivers\STM32F0xx_StdPeriph_Driver\src\stm32f0xx_adc.o
ADC_GetFlagStatus                                 Drivers\STM32F0xx_StdPeriph_Driver\src\stm32f0xx_adc.o
ADC_GetITStatus                                   Drivers\STM32F0xx_StdPeriph_Driver\src\stm32f0xx_adc.o
ADC_ITConfig                                      Drivers\STM32F0xx_StdPeriph_Driver\src\stm32f0xx_adc.o
ADC_Init                                          Drivers\STM32F0xx_StdPeriph_Driver\src\stm32f0xx_adc.o
ADC_JitterCmd                                     Drivers\STM32F0xx_StdPeriph_Driver\src\stm32f0xx_adc.o
ADC_OverrunModeCmd                                Drivers\STM32F0xx_StdPeriph_Driver\src\stm32f0xx_adc.o
ADC_StartOfConversion                             Drivers\STM32F0xx_StdPeriph_Driver\src\stm32f0xx_adc.o
ADC_StopOfConversion                              Drivers\STM32F0xx_StdPeriph_Driver\src\stm32f0xx_adc.o
ADC_StructInit                                    Drivers\STM32F0xx_StdPeriph_Driver\src\stm32f0xx_adc.o
ADC_TempSensorCmd                                 Drivers\STM32F0xx_StdPeriph_Driver\src\stm32f0xx_adc.o
ADC_VbatCmd                                       Drivers\STM32F0xx_StdPeriph_Driver\src\stm32f0xx_adc.o
ADC_VrefintCmd                                    Drivers\STM32F0xx_StdPeriph_Driver\src\stm32f0xx_adc.o
ADC_WaitModeCmd                                   Drivers\STM32F0xx_StdPeriph_Driver\src\stm32f0xx_adc.o
AHBPrescTable                                     src\system_stm32f0xx.o
CAN_CancelTransmit                                Drivers\STM32F0xx_StdPeriph_Driver\src\stm32f0xx_can.o
CAN_ClearFlag                                     Drivers\STM32F0xx_StdPeriph_Driver\src\stm32f0xx_can.o
CAN_ClearITPendingBit                             Drivers\STM32F0xx_StdPeriph_Driver\src\stm32f0xx_can.o
CAN_DBGFreeze                                     Drivers\STM32F0xx_StdPeriph_Driver\src\stm32f0xx_can.o
CAN_DeInit                                        Drivers\STM32F0xx_StdPeriph_Driver\src\stm32f0xx_can.o
CAN_FIFORelease                                   Drivers\STM32F0xx_StdPeriph_Driver\src\stm32f0xx_can.o
CAN_FilterInit                                    Drivers\STM32F0xx_StdPeriph_Driver\src\stm32f0xx_can.o
CAN_GetFlagStatus                                 Drivers\STM32F0xx_StdPeriph_Driver\src\stm32f0xx_can.o
CAN_GetITStatus                                   Drivers\STM32F0xx_StdPeriph_Driver\src\stm32f0xx_can.o
CAN_GetLSBTransmitErrorCounter                    Drivers\STM32F0xx_StdPeriph_Driver\src\stm32f0xx_can.o
CAN_GetLastErrorCode                              Drivers\STM32F0xx_StdPeriph_Driver\src\stm32f0xx_can.o
CAN_GetReceiveErrorCounter                        Drivers\STM32F0xx_StdPeriph_Driver\src\stm32f0xx_can.o
CAN_ITConfig                                      Drivers\STM32F0xx_StdPeriph_Driver\src\stm32f0xx_can.o
CAN_Init                                          Drivers\STM32F0xx_StdPeriph_Driver\src\stm32f0xx_can.o
CAN_MessagePending                                Drivers\STM32F0xx_StdPeriph_Driver\src\stm32f0xx_can.o
CAN_OperatingModeRequest                          Drivers\STM32F0xx_StdPeriph_Driver\src\stm32f0xx_can.o
CAN_Receive                                       Drivers\STM32F0xx_StdPeriph_Driver\src\stm32f0xx_can.o
CAN_SlaveStartBank                                Drivers\STM32F0xx_StdPeriph_Driver\src\stm32f0xx_can.o
CAN_Sleep                                         Drivers\STM32F0xx_StdPeriph_Driver\src\stm32f0xx_can.o
CAN_StructInit                                    Drivers\STM32F0xx_StdPeriph_Driver\src\stm32f0xx_can.o
CAN_TTComModeCmd                                  Drivers\STM32F0xx_StdPeriph_Driver\src\stm32f0xx_can.o
CAN_Transmit                                      Drivers\STM32F0xx_StdPeriph_Driver\src\stm32f0xx_can.o
CAN_TransmitStatus                                Drivers\STM32F0xx_StdPeriph_Driver\src\stm32f0xx_can.o
CAN_WakeUp                                        Drivers\STM32F0xx_StdPeriph_Driver\src\stm32f0xx_can.o
CEC_ClearFlag                                     Drivers\STM32F0xx_StdPeriph_Driver\src\stm32f0xx_cec.o
CEC_ClearITPendingBit                             Drivers\STM32F0xx_StdPeriph_Driver\src\stm32f0xx_cec.o
CEC_Cmd                                           Drivers\STM32F0xx_StdPeriph_Driver\src\stm32f0xx_cec.o
CEC_DeInit                                        Drivers\STM32F0xx_StdPeriph_Driver\src\stm32f0xx_cec.o
CEC_EndOfMessage                                  Drivers\STM32F0xx_StdPeriph_Driver\src\stm32f0xx_cec.o
CEC_GetFlagStatus                                 Drivers\STM32F0xx_StdPeriph_Driver\src\stm32f0xx_cec.o
CEC_GetITStatus                                   Drivers\STM32F0xx_StdPeriph_Driver\src\stm32f0xx_cec.o
CEC_ITConfig                                      Drivers\STM32F0xx_StdPeriph_Driver\src\stm32f0xx_cec.o
CEC_Init                                          Drivers\STM32F0xx_StdPeriph_Driver\src\stm32f0xx_cec.o
CEC_ListenModeCmd                                 Drivers\STM32F0xx_StdPeriph_Driver\src\stm32f0xx_cec.o
CEC_OwnAddressClear                               Drivers\STM32F0xx_StdPeriph_Driver\src\stm32f0xx_cec.o
CEC_OwnAddressConfig                              Drivers\STM32F0xx_StdPeriph_Driver\src\stm32f0xx_cec.o
CEC_ReceiveData                                   Drivers\STM32F0xx_StdPeriph_Driver\src\stm32f0xx_cec.o
CEC_SendData                                      Drivers\STM32F0xx_StdPeriph_Driver\src\stm32f0xx_cec.o
CEC_StartOfMessage                                Drivers\STM32F0xx_StdPeriph_Driver\src\stm32f0xx_cec.o
CEC_StructInit                                    Drivers\STM32F0xx_StdPeriph_Driver\src\stm32f0xx_cec.o
COMP_Cmd                                          Drivers\STM32F0xx_StdPeriph_Driver\src\stm32f0xx_comp.o
COMP_DeInit                                       Drivers\STM32F0xx_StdPeriph_Driver\src\stm32f0xx_comp.o
COMP_GetOutputLevel                               Drivers\STM32F0xx_StdPeriph_Driver\src\stm32f0xx_comp.o
COMP_Init                                         Drivers\STM32F0xx_StdPeriph_Driver\src\stm32f0xx_comp.o
COMP_LockConfig                                   Drivers\STM32F0xx_StdPeriph_Driver\src\stm32f0xx_comp.o
COMP_StructInit                                   Drivers\STM32F0xx_StdPeriph_Driver\src\stm32f0xx_comp.o
COMP_SwitchCmd                                    Drivers\STM32F0xx_StdPeriph_Driver\src\stm32f0xx_comp.o
COMP_WindowCmd                                    Drivers\STM32F0xx_StdPeriph_Driver\src\stm32f0xx_comp.o
CRC_CalcBlockCRC                                  Drivers\STM32F0xx_StdPeriph_Driver\src\stm32f0xx_crc.o
CRC_CalcCRC                                       Drivers\STM32F0xx_StdPeriph_Driver\src\stm32f0xx_crc.o
CRC_CalcCRC16bits                                 Drivers\STM32F0xx_StdPeriph_Driver\src\stm32f0xx_crc.o
CRC_CalcCRC8bits                                  Drivers\STM32F0xx_StdPeriph_Driver\src\stm32f0xx_crc.o
CRC_DeInit                                        Drivers\STM32F0xx_StdPeriph_Driver\src\stm32f0xx_crc.o
CRC_GetCRC                                        Drivers\STM32F0xx_StdPeriph_Driver\src\stm32f0xx_crc.o
CRC_GetIDRegister                                 Drivers\STM32F0xx_StdPeriph_Driver\src\stm32f0xx_crc.o
CRC_PolynomialSizeSelect                          Drivers\STM32F0xx_StdPeriph_Driver\src\stm32f0xx_crc.o
CRC_ResetDR                                       Drivers\STM32F0xx_StdPeriph_Driver\src\stm32f0xx_crc.o
CRC_ReverseInputDataSelect                        Drivers\STM32F0xx_StdPeriph_Driver\src\stm32f0xx_crc.o
CRC_ReverseOutputDataCmd                          Drivers\STM32F0xx_StdPeriph_Driver\src\stm32f0xx_crc.o
CRC_SetIDRegister                                 Drivers\STM32F0xx_StdPeriph_Driver\src\stm32f0xx_crc.o
CRC_SetInitRegister                               Drivers\STM32F0xx_StdPeriph_Driver\src\stm32f0xx_crc.o
CRC_SetPolynomial                                 Drivers\STM32F0xx_StdPeriph_Driver\src\stm32f0xx_crc.o
CRS_AdjustHSI48CalibrationValue                   Drivers\STM32F0xx_StdPeriph_Driver\src\stm32f0xx_crs.o
CRS_AutomaticCalibrationCmd                       Drivers\STM32F0xx_StdPeriph_Driver\src\stm32f0xx_crs.o
CRS_ClearFlag                                     Drivers\STM32F0xx_StdPeriph_Driver\src\stm32f0xx_crs.o
CRS_ClearITPendingBit                             Drivers\STM32F0xx_StdPeriph_Driver\src\stm32f0xx_crs.o
CRS_DeInit                                        Drivers\STM32F0xx_StdPeriph_Driver\src\stm32f0xx_crs.o
CRS_FrequencyErrorCounterCmd                      Drivers\STM32F0xx_StdPeriph_Driver\src\stm32f0xx_crs.o
CRS_FrequencyErrorCounterReload                   Drivers\STM32F0xx_StdPeriph_Driver\src\stm32f0xx_crs.o
CRS_FrequencyErrorLimitConfig                     Drivers\STM32F0xx_StdPeriph_Driver\src\stm32f0xx_crs.o
CRS_GetFlagStatus                                 Drivers\STM32F0xx_StdPeriph_Driver\src\stm32f0xx_crs.o
CRS_GetFrequencyErrorDirection                    Drivers\STM32F0xx_StdPeriph_Driver\src\stm32f0xx_crs.o
CRS_GetFrequencyErrorValue                        Drivers\STM32F0xx_StdPeriph_Driver\src\stm32f0xx_crs.o
CRS_GetHSI48CalibrationValue                      Drivers\STM32F0xx_StdPeriph_Driver\src\stm32f0xx_crs.o
CRS_GetITStatus                                   Drivers\STM32F0xx_StdPeriph_Driver\src\stm32f0xx_crs.o
CRS_GetReloadValue                                Drivers\STM32F0xx_StdPeriph_Driver\src\stm32f0xx_crs.o
CRS_ITConfig                                      Drivers\STM32F0xx_StdPeriph_Driver\src\stm32f0xx_crs.o
CRS_SoftwareSynchronizationGenerate               Drivers\STM32F0xx_StdPeriph_Driver\src\stm32f0xx_crs.o
CRS_SynchronizationPolarityConfig                 Drivers\STM32F0xx_StdPeriph_Driver\src\stm32f0xx_crs.o
CRS_SynchronizationPrescalerConfig                Drivers\STM32F0xx_StdPeriph_Driver\src\stm32f0xx_crs.o
CRS_SynchronizationSourceConfig                   Drivers\STM32F0xx_StdPeriph_Driver\src\stm32f0xx_crs.o
DBGMCU_APB1PeriphConfig                           Drivers\STM32F0xx_StdPeriph_Driver\src\stm32f0xx_dbgmcu.o
DBGMCU_APB2PeriphConfig                           Drivers\STM32F0xx_StdPeriph_Driver\src\stm32f0xx_dbgmcu.o
DBGMCU_Config                                     Drivers\STM32F0xx_StdPeriph_Driver\src\stm32f0xx_dbgmcu.o
DBGMCU_GetDEVID                                   Drivers\STM32F0xx_StdPeriph_Driver\src\stm32f0xx_dbgmcu.o
DBGMCU_GetREVID                                   Drivers\STM32F0xx_StdPeriph_Driver\src\stm32f0xx_dbgmcu.o
DMA1_Channel1_IRQHandler                          src\startup_stm32f030x6.o
DMA1_Channel2_3_IRQHandler                        src\startup_stm32f030x6.o
DMA1_Channel4_5_IRQHandler                        src\startup_stm32f030x6.o
DMA_ClearFlag                                     Drivers\STM32F0xx_StdPeriph_Driver\src\stm32f0xx_dma.o
DMA_ClearITPendingBit                             Drivers\STM32F0xx_StdPeriph_Driver\src\stm32f0xx_dma.o
DMA_Cmd                                           Drivers\STM32F0xx_StdPeriph_Driver\src\stm32f0xx_dma.o
DMA_DeInit                                        Drivers\STM32F0xx_StdPeriph_Driver\src\stm32f0xx_dma.o
DMA_GetCurrDataCounter                            Drivers\STM32F0xx_StdPeriph_Driver\src\stm32f0xx_dma.o
DMA_GetFlagStatus                                 Drivers\STM32F0xx_StdPeriph_Driver\src\stm32f0xx_dma.o
DMA_GetITStatus                                   Drivers\STM32F0xx_StdPeriph_Driver\src\stm32f0xx_dma.o
DMA_ITConfig                                      Drivers\STM32F0xx_StdPeriph_Driver\src\stm32f0xx_dma.o
DMA_Init                                          Drivers\STM32F0xx_StdPeriph_Driver\src\stm32f0xx_dma.o
DMA_RemapConfig                                   Drivers\STM32F0xx_StdPeriph_Driver\src\stm32f0xx_dma.o
DMA_SetCurrDataCounter                            Drivers\STM32F0xx_StdPeriph_Driver\src\stm32f0xx_dma.o
DMA_StructInit                                    Drivers\STM32F0xx_StdPeriph_Driver\src\stm32f0xx_dma.o
Default_Handler                                   src\startup_stm32f030x6.o
EXTI0_1_IRQHandler                                src\startup_stm32f030x6.o
EXTI2_3_IRQHandler                                src\startup_stm32f030x6.o
EXTI4_15_IRQHandler                               src\startup_stm32f030x6.o
EXTI_ClearFlag                                    Drivers\STM32F0xx_StdPeriph_Driver\src\stm32f0xx_exti.o
EXTI_ClearITPendingBit                            Drivers\STM32F0xx_StdPeriph_Driver\src\stm32f0xx_exti.o
EXTI_DeInit                                       Drivers\STM32F0xx_StdPeriph_Driver\src\stm32f0xx_exti.o
EXTI_GenerateSWInterrupt                          Drivers\STM32F0xx_StdPeriph_Driver\src\stm32f0xx_exti.o
EXTI_GetFlagStatus                                Drivers\STM32F0xx_StdPeriph_Driver\src\stm32f0xx_exti.o
EXTI_GetITStatus                                  Drivers\STM32F0xx_StdPeriph_Driver\src\stm32f0xx_exti.o
EXTI_Init                                         Drivers\STM32F0xx_StdPeriph_Driver\src\stm32f0xx_exti.o
EXTI_InitStructure                                src\main.o
EXTI_StructInit                                   Drivers\STM32F0xx_StdPeriph_Driver\src\stm32f0xx_exti.o
FLASH_ClearFlag                                   Drivers\STM32F0xx_StdPeriph_Driver\src\stm32f0xx_flash.o
FLASH_EraseAllPages                               Drivers\STM32F0xx_StdPeriph_Driver\src\stm32f0xx_flash.o
FLASH_ErasePage                                   Drivers\STM32F0xx_StdPeriph_Driver\src\stm32f0xx_flash.o
FLASH_GetFlagStatus                               Drivers\STM32F0xx_StdPeriph_Driver\src\stm32f0xx_flash.o
FLASH_GetPrefetchBufferStatus                     Drivers\STM32F0xx_StdPeriph_Driver\src\stm32f0xx_flash.o
FLASH_GetStatus                                   Drivers\STM32F0xx_StdPeriph_Driver\src\stm32f0xx_flash.o
FLASH_IRQHandler                                  src\startup_stm32f030x6.o
FLASH_ITConfig                                    Drivers\STM32F0xx_StdPeriph_Driver\src\stm32f0xx_flash.o
FLASH_Lock                                        Drivers\STM32F0xx_StdPeriph_Driver\src\stm32f0xx_flash.o
FLASH_OB_BOOT0Config                              Drivers\STM32F0xx_StdPeriph_Driver\src\stm32f0xx_flash.o
FLASH_OB_BOOT0SWConfig                            Drivers\STM32F0xx_StdPeriph_Driver\src\stm32f0xx_flash.o
FLASH_OB_BOOTConfig                               Drivers\STM32F0xx_StdPeriph_Driver\src\stm32f0xx_flash.o
FLASH_OB_EnableWRP                                Drivers\STM32F0xx_StdPeriph_Driver\src\stm32f0xx_flash.o
FLASH_OB_Erase                                    Drivers\STM32F0xx_StdPeriph_Driver\src\stm32f0xx_flash.o
FLASH_OB_GetRDP                                   Drivers\STM32F0xx_StdPeriph_Driver\src\stm32f0xx_flash.o
FLASH_OB_GetUser                                  Drivers\STM32F0xx_StdPeriph_Driver\src\stm32f0xx_flash.o
FLASH_OB_GetWRP                                   Drivers\STM32F0xx_StdPeriph_Driver\src\stm32f0xx_flash.o
FLASH_OB_Launch                                   Drivers\STM32F0xx_StdPeriph_Driver\src\stm32f0xx_flash.o
FLASH_OB_Lock                                     Drivers\STM32F0xx_StdPeriph_Driver\src\stm32f0xx_flash.o
FLASH_OB_ProgramData                              Drivers\STM32F0xx_StdPeriph_Driver\src\stm32f0xx_flash.o
FLASH_OB_RDPConfig                                Drivers\STM32F0xx_StdPeriph_Driver\src\stm32f0xx_flash.o
FLASH_OB_SRAMParityConfig                         Drivers\STM32F0xx_StdPeriph_Driver\src\stm32f0xx_flash.o
FLASH_OB_Unlock                                   Drivers\STM32F0xx_StdPeriph_Driver\src\stm32f0xx_flash.o
FLASH_OB_UserConfig                               Drivers\STM32F0xx_StdPeriph_Driver\src\stm32f0xx_flash.o
FLASH_OB_VDDAConfig                               Drivers\STM32F0xx_StdPeriph_Driver\src\stm32f0xx_flash.o
FLASH_OB_WriteUser                                Drivers\STM32F0xx_StdPeriph_Driver\src\stm32f0xx_flash.o
FLASH_PrefetchBufferCmd                           Drivers\STM32F0xx_StdPeriph_Driver\src\stm32f0xx_flash.o
FLASH_ProgramHalfWord                             Drivers\STM32F0xx_StdPeriph_Driver\src\stm32f0xx_flash.o
FLASH_ProgramWord                                 Drivers\STM32F0xx_StdPeriph_Driver\src\stm32f0xx_flash.o
FLASH_SetLatency                                  Drivers\STM32F0xx_StdPeriph_Driver\src\stm32f0xx_flash.o
FLASH_Unlock                                      Drivers\STM32F0xx_StdPeriph_Driver\src\stm32f0xx_flash.o
FLASH_WaitForLastOperation                        Drivers\STM32F0xx_StdPeriph_Driver\src\stm32f0xx_flash.o
GPIO_DeInit                                       Drivers\STM32F0xx_StdPeriph_Driver\src\stm32f0xx_gpio.o
GPIO_Init                                         Drivers\STM32F0xx_StdPeriph_Driver\src\stm32f0xx_gpio.o
                                                  src\main.o
GPIO_InitStructure                                src\main.o
GPIO_PinAFConfig                                  Drivers\STM32F0xx_StdPeriph_Driver\src\stm32f0xx_gpio.o
GPIO_PinLockConfig                                Drivers\STM32F0xx_StdPeriph_Driver\src\stm32f0xx_gpio.o
GPIO_ReadInputData                                Drivers\STM32F0xx_StdPeriph_Driver\src\stm32f0xx_gpio.o
GPIO_ReadInputDataBit                             Drivers\STM32F0xx_StdPeriph_Driver\src\stm32f0xx_gpio.o
                                                  src\main.o
GPIO_ReadOutputData                               Drivers\STM32F0xx_StdPeriph_Driver\src\stm32f0xx_gpio.o
GPIO_ReadOutputDataBit                            Drivers\STM32F0xx_StdPeriph_Driver\src\stm32f0xx_gpio.o
GPIO_ResetBits                                    Drivers\STM32F0xx_StdPeriph_Driver\src\stm32f0xx_gpio.o
                                                  src\main.o
GPIO_SetBits                                      Drivers\STM32F0xx_StdPeriph_Driver\src\stm32f0xx_gpio.o
                                                  src\main.o
GPIO_StructInit                                   Drivers\STM32F0xx_StdPeriph_Driver\src\stm32f0xx_gpio.o
GPIO_Write                                        Drivers\STM32F0xx_StdPeriph_Driver\src\stm32f0xx_gpio.o
GPIO_WriteBit                                     Drivers\STM32F0xx_StdPeriph_Driver\src\stm32f0xx_gpio.o
                                                  src\main.o
HC595_Latch                                       src\main.o
HC595_Pulse                                       src\main.o
HardFault_Handler                                 src\startup_stm32f030x6.o
I2C1_IRQHandler                                   src\startup_stm32f030x6.o
I2C_10BitAddressHeaderCmd                         Drivers\STM32F0xx_StdPeriph_Driver\src\stm32f0xx_i2c.o
I2C_10BitAddressingModeCmd                        Drivers\STM32F0xx_StdPeriph_Driver\src\stm32f0xx_i2c.o
I2C_AcknowledgeConfig                             Drivers\STM32F0xx_StdPeriph_Driver\src\stm32f0xx_i2c.o
I2C_AutoEndCmd                                    Drivers\STM32F0xx_StdPeriph_Driver\src\stm32f0xx_i2c.o
I2C_CalculatePEC                                  Drivers\STM32F0xx_StdPeriph_Driver\src\stm32f0xx_i2c.o
I2C_ClearFlag                                     Drivers\STM32F0xx_StdPeriph_Driver\src\stm32f0xx_i2c.o
I2C_ClearITPendingBit                             Drivers\STM32F0xx_StdPeriph_Driver\src\stm32f0xx_i2c.o
I2C_ClockTimeoutCmd                               Drivers\STM32F0xx_StdPeriph_Driver\src\stm32f0xx_i2c.o
I2C_Cmd                                           Drivers\STM32F0xx_StdPeriph_Driver\src\stm32f0xx_i2c.o
I2C_DMACmd                                        Drivers\STM32F0xx_StdPeriph_Driver\src\stm32f0xx_i2c.o
I2C_DeInit                                        Drivers\STM32F0xx_StdPeriph_Driver\src\stm32f0xx_i2c.o
I2C_DualAddressCmd                                Drivers\STM32F0xx_StdPeriph_Driver\src\stm32f0xx_i2c.o
I2C_ExtendedClockTimeoutCmd                       Drivers\STM32F0xx_StdPeriph_Driver\src\stm32f0xx_i2c.o
I2C_GeneralCallCmd                                Drivers\STM32F0xx_StdPeriph_Driver\src\stm32f0xx_i2c.o
I2C_GenerateSTART                                 Drivers\STM32F0xx_StdPeriph_Driver\src\stm32f0xx_i2c.o
I2C_GenerateSTOP                                  Drivers\STM32F0xx_StdPeriph_Driver\src\stm32f0xx_i2c.o
I2C_GetAddressMatched                             Drivers\STM32F0xx_StdPeriph_Driver\src\stm32f0xx_i2c.o
I2C_GetFlagStatus                                 Drivers\STM32F0xx_StdPeriph_Driver\src\stm32f0xx_i2c.o
I2C_GetITStatus                                   Drivers\STM32F0xx_StdPeriph_Driver\src\stm32f0xx_i2c.o
I2C_GetPEC                                        Drivers\STM32F0xx_StdPeriph_Driver\src\stm32f0xx_i2c.o
I2C_GetTransferDirection                          Drivers\STM32F0xx_StdPeriph_Driver\src\stm32f0xx_i2c.o
I2C_ITConfig                                      Drivers\STM32F0xx_StdPeriph_Driver\src\stm32f0xx_i2c.o
I2C_IdleClockTimeoutCmd                           Drivers\STM32F0xx_StdPeriph_Driver\src\stm32f0xx_i2c.o
I2C_Init                                          Drivers\STM32F0xx_StdPeriph_Driver\src\stm32f0xx_i2c.o
I2C_MasterRequestConfig                           Drivers\STM32F0xx_StdPeriph_Driver\src\stm32f0xx_i2c.o
I2C_NumberOfBytesConfig                           Drivers\STM32F0xx_StdPeriph_Driver\src\stm32f0xx_i2c.o
I2C_OwnAddress2Config                             Drivers\STM32F0xx_StdPeriph_Driver\src\stm32f0xx_i2c.o
I2C_PECRequestCmd                                 Drivers\STM32F0xx_StdPeriph_Driver\src\stm32f0xx_i2c.o
I2C_ReadRegister                                  Drivers\STM32F0xx_StdPeriph_Driver\src\stm32f0xx_i2c.o
I2C_ReceiveData                                   Drivers\STM32F0xx_StdPeriph_Driver\src\stm32f0xx_i2c.o
I2C_ReloadCmd                                     Drivers\STM32F0xx_StdPeriph_Driver\src\stm32f0xx_i2c.o
I2C_SMBusAlertCmd                                 Drivers\STM32F0xx_StdPeriph_Driver\src\stm32f0xx_i2c.o
I2C_SendData                                      Drivers\STM32F0xx_StdPeriph_Driver\src\stm32f0xx_i2c.o
I2C_SlaveAddressConfig                            Drivers\STM32F0xx_StdPeriph_Driver\src\stm32f0xx_i2c.o
I2C_SlaveByteControlCmd                           Drivers\STM32F0xx_StdPeriph_Driver\src\stm32f0xx_i2c.o
I2C_SoftwareResetCmd                              Drivers\STM32F0xx_StdPeriph_Driver\src\stm32f0xx_i2c.o
I2C_StopModeCmd                                   Drivers\STM32F0xx_StdPeriph_Driver\src\stm32f0xx_i2c.o
I2C_StretchClockCmd                               Drivers\STM32F0xx_StdPeriph_Driver\src\stm32f0xx_i2c.o
I2C_StructInit                                    Drivers\STM32F0xx_StdPeriph_Driver\src\stm32f0xx_i2c.o
I2C_TimeoutAConfig                                Drivers\STM32F0xx_StdPeriph_Driver\src\stm32f0xx_i2c.o
I2C_TimeoutBConfig                                Drivers\STM32F0xx_StdPeriph_Driver\src\stm32f0xx_i2c.o
I2C_TransferHandling                              Drivers\STM32F0xx_StdPeriph_Driver\src\stm32f0xx_i2c.o
I2S_Cmd                                           Drivers\STM32F0xx_StdPeriph_Driver\src\stm32f0xx_spi.o
I2S_Init                                          Drivers\STM32F0xx_StdPeriph_Driver\src\stm32f0xx_spi.o
I2S_StructInit                                    Drivers\STM32F0xx_StdPeriph_Driver\src\stm32f0xx_spi.o
IWDG_Enable                                       Drivers\STM32F0xx_StdPeriph_Driver\src\stm32f0xx_iwdg.o
IWDG_GetFlagStatus                                Drivers\STM32F0xx_StdPeriph_Driver\src\stm32f0xx_iwdg.o
IWDG_ReloadCounter                                Drivers\STM32F0xx_StdPeriph_Driver\src\stm32f0xx_iwdg.o
IWDG_SetPrescaler                                 Drivers\STM32F0xx_StdPeriph_Driver\src\stm32f0xx_iwdg.o
IWDG_SetReload                                    Drivers\STM32F0xx_StdPeriph_Driver\src\stm32f0xx_iwdg.o
IWDG_SetWindowValue                               Drivers\STM32F0xx_StdPeriph_Driver\src\stm32f0xx_iwdg.o
IWDG_WriteAccessCmd                               Drivers\STM32F0xx_StdPeriph_Driver\src\stm32f0xx_iwdg.o
Led_1                                             src\main.o
Led_2                                             src\main.o
Led_3                                             src\main.o
Led_4                                             src\main.o
NMI_Handler                                       src\startup_stm32f030x6.o
NVIC_Init                                         Drivers\STM32F0xx_StdPeriph_Driver\src\stm32f0xx_misc.o
                                                  src\main.o
NVIC_InitStructure                                src\main.o
NVIC_SystemLPConfig                               Drivers\STM32F0xx_StdPeriph_Driver\src\stm32f0xx_misc.o
PWR_BackupAccessCmd                               Drivers\STM32F0xx_StdPeriph_Driver\src\stm32f0xx_pwr.o
PWR_ClearFlag                                     Drivers\STM32F0xx_StdPeriph_Driver\src\stm32f0xx_pwr.o
PWR_DeInit                                        Drivers\STM32F0xx_StdPeriph_Driver\src\stm32f0xx_pwr.o
PWR_EnterSTANDBYMode                              Drivers\STM32F0xx_StdPeriph_Driver\src\stm32f0xx_pwr.o
PWR_EnterSTOPMode                                 Drivers\STM32F0xx_StdPeriph_Driver\src\stm32f0xx_pwr.o
PWR_EnterSleepMode                                Drivers\STM32F0xx_StdPeriph_Driver\src\stm32f0xx_pwr.o
PWR_GetFlagStatus                                 Drivers\STM32F0xx_StdPeriph_Driver\src\stm32f0xx_pwr.o
PWR_PVDCmd                                        Drivers\STM32F0xx_StdPeriph_Driver\src\stm32f0xx_pwr.o
PWR_PVDLevelConfig                                Drivers\STM32F0xx_StdPeriph_Driver\src\stm32f0xx_pwr.o
PWR_WakeUpPinCmd                                  Drivers\STM32F0xx_StdPeriph_Driver\src\stm32f0xx_pwr.o
PendSV_Handler                                    src\startup_stm32f030x6.o
RCC_ADCCLKConfig                                  Drivers\STM32F0xx_StdPeriph_Driver\src\stm32f0xx_rcc.o
RCC_AHBPeriphClockCmd                             Drivers\STM32F0xx_StdPeriph_Driver\src\stm32f0xx_rcc.o
                                                  src\main.o
RCC_AHBPeriphResetCmd                             Drivers\STM32F0xx_StdPeriph_Driver\src\stm32f0xx_rcc.o
                                                  Drivers\STM32F0xx_StdPeriph_Driver\src\stm32f0xx_gpio.o
RCC_APB1PeriphClockCmd                            Drivers\STM32F0xx_StdPeriph_Driver\src\stm32f0xx_rcc.o
                                                  src\main.o
RCC_APB1PeriphResetCmd                            Drivers\STM32F0xx_StdPeriph_Driver\src\stm32f0xx_rcc.o
                                                  Drivers\STM32F0xx_StdPeriph_Driver\src\stm32f0xx_wwdg.o
                                                  Drivers\STM32F0xx_StdPeriph_Driver\src\stm32f0xx_usart.o
                                                  Drivers\STM32F0xx_StdPeriph_Driver\src\stm32f0xx_tim.o
                                                  Drivers\STM32F0xx_StdPeriph_Driver\src\stm32f0xx_spi.o
                                                  Drivers\STM32F0xx_StdPeriph_Driver\src\stm32f0xx_pwr.o
                                                  Drivers\STM32F0xx_StdPeriph_Driver\src\stm32f0xx_i2c.o
                                                  Drivers\STM32F0xx_StdPeriph_Driver\src\stm32f0xx_crs.o
                                                  Drivers\STM32F0xx_StdPeriph_Driver\src\stm32f0xx_cec.o
                                                  Drivers\STM32F0xx_StdPeriph_Driver\src\stm32f0xx_can.o
RCC_APB2PeriphClockCmd                            Drivers\STM32F0xx_StdPeriph_Driver\src\stm32f0xx_rcc.o
RCC_APB2PeriphResetCmd                            Drivers\STM32F0xx_StdPeriph_Driver\src\stm32f0xx_rcc.o
                                                  Drivers\STM32F0xx_StdPeriph_Driver\src\stm32f0xx_usart.o
                                                  Drivers\STM32F0xx_StdPeriph_Driver\src\stm32f0xx_tim.o
                                                  Drivers\STM32F0xx_StdPeriph_Driver\src\stm32f0xx_spi.o
                                                  Drivers\STM32F0xx_StdPeriph_Driver\src\stm32f0xx_adc.o
RCC_AdjustHSI14CalibrationValue                   Drivers\STM32F0xx_StdPeriph_Driver\src\stm32f0xx_rcc.o
RCC_AdjustHSICalibrationValue                     Drivers\STM32F0xx_StdPeriph_Driver\src\stm32f0xx_rcc.o
RCC_BackupResetCmd                                Drivers\STM32F0xx_StdPeriph_Driver\src\stm32f0xx_rcc.o
RCC_CECCLKConfig                                  Drivers\STM32F0xx_StdPeriph_Driver\src\stm32f0xx_rcc.o
RCC_ClearFlag                                     Drivers\STM32F0xx_StdPeriph_Driver\src\stm32f0xx_rcc.o
RCC_ClearITPendingBit                             Drivers\STM32F0xx_StdPeriph_Driver\src\stm32f0xx_rcc.o
RCC_ClockSecuritySystemCmd                        Drivers\STM32F0xx_StdPeriph_Driver\src\stm32f0xx_rcc.o
RCC_DeInit                                        Drivers\STM32F0xx_StdPeriph_Driver\src\stm32f0xx_rcc.o
RCC_GetClocksFreq                                 Drivers\STM32F0xx_StdPeriph_Driver\src\stm32f0xx_rcc.o
                                                  Drivers\STM32F0xx_StdPeriph_Driver\src\stm32f0xx_usart.o
                                                  Drivers\STM32F0xx_StdPeriph_Driver\src\stm32f0xx_spi.o
RCC_GetFlagStatus                                 Drivers\STM32F0xx_StdPeriph_Driver\src\stm32f0xx_rcc.o
RCC_GetITStatus                                   Drivers\STM32F0xx_StdPeriph_Driver\src\stm32f0xx_rcc.o
RCC_GetSYSCLKSource                               Drivers\STM32F0xx_StdPeriph_Driver\src\stm32f0xx_rcc.o
RCC_HCLKConfig                                    Drivers\STM32F0xx_StdPeriph_Driver\src\stm32f0xx_rcc.o
RCC_HSEConfig                                     Drivers\STM32F0xx_StdPeriph_Driver\src\stm32f0xx_rcc.o
RCC_HSI14ADCRequestCmd                            Drivers\STM32F0xx_StdPeriph_Driver\src\stm32f0xx_rcc.o
RCC_HSI14Cmd                                      Drivers\STM32F0xx_StdPeriph_Driver\src\stm32f0xx_rcc.o
RCC_HSI48Cmd                                      Drivers\STM32F0xx_StdPeriph_Driver\src\stm32f0xx_rcc.o
RCC_HSICmd                                        Drivers\STM32F0xx_StdPeriph_Driver\src\stm32f0xx_rcc.o
RCC_I2CCLKConfig                                  Drivers\STM32F0xx_StdPeriph_Driver\src\stm32f0xx_rcc.o
RCC_IRQHandler                                    src\startup_stm32f030x6.o
RCC_ITConfig                                      Drivers\STM32F0xx_StdPeriph_Driver\src\stm32f0xx_rcc.o
RCC_LSEConfig                                     Drivers\STM32F0xx_StdPeriph_Driver\src\stm32f0xx_rcc.o
RCC_LSEDriveConfig                                Drivers\STM32F0xx_StdPeriph_Driver\src\stm32f0xx_rcc.o
RCC_LSICmd                                        Drivers\STM32F0xx_StdPeriph_Driver\src\stm32f0xx_rcc.o
RCC_MCOConfig                                     Drivers\STM32F0xx_StdPeriph_Driver\src\stm32f0xx_rcc.o
RCC_PCLKConfig                                    Drivers\STM32F0xx_StdPeriph_Driver\src\stm32f0xx_rcc.o
RCC_PLLCmd                                        Drivers\STM32F0xx_StdPeriph_Driver\src\stm32f0xx_rcc.o
RCC_PLLConfig                                     Drivers\STM32F0xx_StdPeriph_Driver\src\stm32f0xx_rcc.o
RCC_PREDIV1Config                                 Drivers\STM32F0xx_StdPeriph_Driver\src\stm32f0xx_rcc.o
RCC_RTCCLKCmd                                     Drivers\STM32F0xx_StdPeriph_Driver\src\stm32f0xx_rcc.o
RCC_RTCCLKConfig                                  Drivers\STM32F0xx_StdPeriph_Driver\src\stm32f0xx_rcc.o
RCC_SYSCLKConfig                                  Drivers\STM32F0xx_StdPeriph_Driver\src\stm32f0xx_rcc.o
RCC_USARTCLKConfig                                Drivers\STM32F0xx_StdPeriph_Driver\src\stm32f0xx_rcc.o
RCC_USBCLKConfig                                  Drivers\STM32F0xx_StdPeriph_Driver\src\stm32f0xx_rcc.o
RCC_WaitForHSEStartUp                             Drivers\STM32F0xx_StdPeriph_Driver\src\stm32f0xx_rcc.o
RTC_AlarmCmd                                      Drivers\STM32F0xx_StdPeriph_Driver\src\stm32f0xx_rtc.o
RTC_AlarmStructInit                               Drivers\STM32F0xx_StdPeriph_Driver\src\stm32f0xx_rtc.o
RTC_AlarmSubSecondConfig                          Drivers\STM32F0xx_StdPeriph_Driver\src\stm32f0xx_rtc.o
RTC_BypassShadowCmd                               Drivers\STM32F0xx_StdPeriph_Driver\src\stm32f0xx_rtc.o
RTC_CalibOutputCmd                                Drivers\STM32F0xx_StdPeriph_Driver\src\stm32f0xx_rtc.o
RTC_CalibOutputConfig                             Drivers\STM32F0xx_StdPeriph_Driver\src\stm32f0xx_rtc.o
RTC_ClearFlag                                     Drivers\STM32F0xx_StdPeriph_Driver\src\stm32f0xx_rtc.o
RTC_ClearITPendingBit                             Drivers\STM32F0xx_StdPeriph_Driver\src\stm32f0xx_rtc.o
RTC_DateStructInit                                Drivers\STM32F0xx_StdPeriph_Driver\src\stm32f0xx_rtc.o
RTC_DayLightSavingConfig                          Drivers\STM32F0xx_StdPeriph_Driver\src\stm32f0xx_rtc.o
RTC_DeInit                                        Drivers\STM32F0xx_StdPeriph_Driver\src\stm32f0xx_rtc.o
RTC_EnterInitMode                                 Drivers\STM32F0xx_StdPeriph_Driver\src\stm32f0xx_rtc.o
RTC_ExitInitMode                                  Drivers\STM32F0xx_StdPeriph_Driver\src\stm32f0xx_rtc.o
RTC_GetAlarm                                      Drivers\STM32F0xx_StdPeriph_Driver\src\stm32f0xx_rtc.o
RTC_GetAlarmSubSecond                             Drivers\STM32F0xx_StdPeriph_Driver\src\stm32f0xx_rtc.o
RTC_GetDate                                       Drivers\STM32F0xx_StdPeriph_Driver\src\stm32f0xx_rtc.o
RTC_GetFlagStatus                                 Drivers\STM32F0xx_StdPeriph_Driver\src\stm32f0xx_rtc.o
RTC_GetITStatus                                   Drivers\STM32F0xx_StdPeriph_Driver\src\stm32f0xx_rtc.o
RTC_GetStoreOperation                             Drivers\STM32F0xx_StdPeriph_Driver\src\stm32f0xx_rtc.o
RTC_GetSubSecond                                  Drivers\STM32F0xx_StdPeriph_Driver\src\stm32f0xx_rtc.o
RTC_GetTime                                       Drivers\STM32F0xx_StdPeriph_Driver\src\stm32f0xx_rtc.o
RTC_GetTimeStamp                                  Drivers\STM32F0xx_StdPeriph_Driver\src\stm32f0xx_rtc.o
RTC_GetTimeStampSubSecond                         Drivers\STM32F0xx_StdPeriph_Driver\src\stm32f0xx_rtc.o
RTC_GetWakeUpCounter                              Drivers\STM32F0xx_StdPeriph_Driver\src\stm32f0xx_rtc.o
RTC_IRQHandler                                    src\startup_stm32f030x6.o
RTC_ITConfig                                      Drivers\STM32F0xx_StdPeriph_Driver\src\stm32f0xx_rtc.o
RTC_Init                                          Drivers\STM32F0xx_StdPeriph_Driver\src\stm32f0xx_rtc.o
RTC_OutputConfig                                  Drivers\STM32F0xx_StdPeriph_Driver\src\stm32f0xx_rtc.o
RTC_OutputTypeConfig                              Drivers\STM32F0xx_StdPeriph_Driver\src\stm32f0xx_rtc.o
RTC_ReadBackupRegister                            Drivers\STM32F0xx_StdPeriph_Driver\src\stm32f0xx_rtc.o
RTC_RefClockCmd                                   Drivers\STM32F0xx_StdPeriph_Driver\src\stm32f0xx_rtc.o
RTC_SetAlarm                                      Drivers\STM32F0xx_StdPeriph_Driver\src\stm32f0xx_rtc.o
RTC_SetDate                                       Drivers\STM32F0xx_StdPeriph_Driver\src\stm32f0xx_rtc.o
RTC_SetTime                                       Drivers\STM32F0xx_StdPeriph_Driver\src\stm32f0xx_rtc.o
RTC_SetWakeUpCounter                              Drivers\STM32F0xx_StdPeriph_Driver\src\stm32f0xx_rtc.o
RTC_SmoothCalibConfig                             Drivers\STM32F0xx_StdPeriph_Driver\src\stm32f0xx_rtc.o
RTC_StructInit                                    Drivers\STM32F0xx_StdPeriph_Driver\src\stm32f0xx_rtc.o
RTC_SynchroShiftConfig                            Drivers\STM32F0xx_StdPeriph_Driver\src\stm32f0xx_rtc.o
RTC_TamperCmd                                     Drivers\STM32F0xx_StdPeriph_Driver\src\stm32f0xx_rtc.o
RTC_TamperFilterConfig                            Drivers\STM32F0xx_StdPeriph_Driver\src\stm32f0xx_rtc.o
RTC_TamperPinsPrechargeDuration                   Drivers\STM32F0xx_StdPeriph_Driver\src\stm32f0xx_rtc.o
RTC_TamperPullUpCmd                               Drivers\STM32F0xx_StdPeriph_Driver\src\stm32f0xx_rtc.o
RTC_TamperSamplingFreqConfig                      Drivers\STM32F0xx_StdPeriph_Driver\src\stm32f0xx_rtc.o
RTC_TamperTriggerConfig                           Drivers\STM32F0xx_StdPeriph_Driver\src\stm32f0xx_rtc.o
RTC_TimeStampCmd                                  Drivers\STM32F0xx_StdPeriph_Driver\src\stm32f0xx_rtc.o
RTC_TimeStampOnTamperDetectionCmd                 Drivers\STM32F0xx_StdPeriph_Driver\src\stm32f0xx_rtc.o
RTC_TimeStructInit                                Drivers\STM32F0xx_StdPeriph_Driver\src\stm32f0xx_rtc.o
RTC_WaitForSynchro                                Drivers\STM32F0xx_StdPeriph_Driver\src\stm32f0xx_rtc.o
RTC_WakeUpClockConfig                             Drivers\STM32F0xx_StdPeriph_Driver\src\stm32f0xx_rtc.o
RTC_WakeUpCmd                                     Drivers\STM32F0xx_StdPeriph_Driver\src\stm32f0xx_rtc.o
RTC_WriteBackupRegister                           Drivers\STM32F0xx_StdPeriph_Driver\src\stm32f0xx_rtc.o
RTC_WriteProtectionCmd                            Drivers\STM32F0xx_StdPeriph_Driver\src\stm32f0xx_rtc.o
Reset_Handler                                     src\startup_stm32f030x6.o
SPI1_IRQHandler                                   src\startup_stm32f030x6.o
SPI_BiDirectionalLineConfig                       Drivers\STM32F0xx_StdPeriph_Driver\src\stm32f0xx_spi.o
SPI_CRCLengthConfig                               Drivers\STM32F0xx_StdPeriph_Driver\src\stm32f0xx_spi.o
SPI_CalculateCRC                                  Drivers\STM32F0xx_StdPeriph_Driver\src\stm32f0xx_spi.o
SPI_Cmd                                           Drivers\STM32F0xx_StdPeriph_Driver\src\stm32f0xx_spi.o
SPI_DataSizeConfig                                Drivers\STM32F0xx_StdPeriph_Driver\src\stm32f0xx_spi.o
SPI_GetCRC                                        Drivers\STM32F0xx_StdPeriph_Driver\src\stm32f0xx_spi.o
SPI_GetCRCPolynomial                              Drivers\STM32F0xx_StdPeriph_Driver\src\stm32f0xx_spi.o
SPI_GetReceptionFIFOStatus                        Drivers\STM32F0xx_StdPeriph_Driver\src\stm32f0xx_spi.o
SPI_GetTransmissionFIFOStatus                     Drivers\STM32F0xx_StdPeriph_Driver\src\stm32f0xx_spi.o
SPI_I2S_ClearFlag                                 Drivers\STM32F0xx_StdPeriph_Driver\src\stm32f0xx_spi.o
SPI_I2S_DMACmd                                    Drivers\STM32F0xx_StdPeriph_Driver\src\stm32f0xx_spi.o
SPI_I2S_DeInit                                    Drivers\STM32F0xx_StdPeriph_Driver\src\stm32f0xx_spi.o
SPI_I2S_GetFlagStatus                             Drivers\STM32F0xx_StdPeriph_Driver\src\stm32f0xx_spi.o
SPI_I2S_GetITStatus                               Drivers\STM32F0xx_StdPeriph_Driver\src\stm32f0xx_spi.o
SPI_I2S_ITConfig                                  Drivers\STM32F0xx_StdPeriph_Driver\src\stm32f0xx_spi.o
SPI_I2S_ReceiveData16                             Drivers\STM32F0xx_StdPeriph_Driver\src\stm32f0xx_spi.o
SPI_I2S_SendData16                                Drivers\STM32F0xx_StdPeriph_Driver\src\stm32f0xx_spi.o
SPI_Init                                          Drivers\STM32F0xx_StdPeriph_Driver\src\stm32f0xx_spi.o
SPI_InitStruct                                    src\main.o
SPI_LastDMATransferCmd                            Drivers\STM32F0xx_StdPeriph_Driver\src\stm32f0xx_spi.o
SPI_NSSInternalSoftwareConfig                     Drivers\STM32F0xx_StdPeriph_Driver\src\stm32f0xx_spi.o
SPI_NSSPulseModeCmd                               Drivers\STM32F0xx_StdPeriph_Driver\src\stm32f0xx_spi.o
SPI_ReceiveData8                                  Drivers\STM32F0xx_StdPeriph_Driver\src\stm32f0xx_spi.o
SPI_RxFIFOThresholdConfig                         Drivers\STM32F0xx_StdPeriph_Driver\src\stm32f0xx_spi.o
SPI_SSOutputCmd                                   Drivers\STM32F0xx_StdPeriph_Driver\src\stm32f0xx_spi.o
SPI_SendData8                                     Drivers\STM32F0xx_StdPeriph_Driver\src\stm32f0xx_spi.o
SPI_StructInit                                    Drivers\STM32F0xx_StdPeriph_Driver\src\stm32f0xx_spi.o
SPI_TIModeCmd                                     Drivers\STM32F0xx_StdPeriph_Driver\src\stm32f0xx_spi.o
SPI_TransmitCRC                                   Drivers\STM32F0xx_StdPeriph_Driver\src\stm32f0xx_spi.o
SVC_Handler                                       src\startup_stm32f030x6.o
SYSCFG_BreakConfig                                Drivers\STM32F0xx_StdPeriph_Driver\src\stm32f0xx_syscfg.o
SYSCFG_ClearFlag                                  Drivers\STM32F0xx_StdPeriph_Driver\src\stm32f0xx_syscfg.o
SYSCFG_DMAChannelRemapConfig                      Drivers\STM32F0xx_StdPeriph_Driver\src\stm32f0xx_syscfg.o
SYSCFG_DeInit                                     Drivers\STM32F0xx_StdPeriph_Driver\src\stm32f0xx_syscfg.o
SYSCFG_EXTILineConfig                             Drivers\STM32F0xx_StdPeriph_Driver\src\stm32f0xx_syscfg.o
SYSCFG_GetFlagStatus                              Drivers\STM32F0xx_StdPeriph_Driver\src\stm32f0xx_syscfg.o
SYSCFG_GetPendingIT                               Drivers\STM32F0xx_StdPeriph_Driver\src\stm32f0xx_syscfg.o
SYSCFG_I2CFastModePlusConfig                      Drivers\STM32F0xx_StdPeriph_Driver\src\stm32f0xx_syscfg.o
SYSCFG_IRDAEnvSelection                           Drivers\STM32F0xx_StdPeriph_Driver\src\stm32f0xx_syscfg.o
SYSCFG_MemoryRemapConfig                          Drivers\STM32F0xx_StdPeriph_Driver\src\stm32f0xx_syscfg.o
Shift_Out                                         src\main.o
SysTick_CLKSourceConfig                           Drivers\STM32F0xx_StdPeriph_Driver\src\stm32f0xx_misc.o
SysTick_Handler                                   src\startup_stm32f030x6.o
SystemCoreClock                                   src\system_stm32f0xx.o
SystemCoreClockUpdate                             src\system_stm32f0xx.o
SystemInit                                        src\system_stm32f0xx.o
                                                  src\startup_stm32f030x6.o
TIM14_IRQHandler                                  src\startup_stm32f030x6.o
TIM16_IRQHandler                                  src\startup_stm32f030x6.o
TIM17_IRQHandler                                  src\startup_stm32f030x6.o
TIM1_BRK_UP_TRG_COM_IRQHandler                    src\startup_stm32f030x6.o
TIM1_CC_IRQHandler                                src\startup_stm32f030x6.o
TIM3_IRQHandler                                   src\main.o
TIM_ARRPreloadConfig                              Drivers\STM32F0xx_StdPeriph_Driver\src\stm32f0xx_tim.o
TIM_BDTRConfig                                    Drivers\STM32F0xx_StdPeriph_Driver\src\stm32f0xx_tim.o
TIM_BDTRStructInit                                Drivers\STM32F0xx_StdPeriph_Driver\src\stm32f0xx_tim.o
TIM_CCPreloadControl                              Drivers\STM32F0xx_StdPeriph_Driver\src\stm32f0xx_tim.o
TIM_CCxCmd                                        Drivers\STM32F0xx_StdPeriph_Driver\src\stm32f0xx_tim.o
TIM_CCxNCmd                                       Drivers\STM32F0xx_StdPeriph_Driver\src\stm32f0xx_tim.o
TIM_ClearFlag                                     Drivers\STM32F0xx_StdPeriph_Driver\src\stm32f0xx_tim.o
                                                  src\main.o
TIM_ClearITPendingBit                             Drivers\STM32F0xx_StdPeriph_Driver\src\stm32f0xx_tim.o
                                                  src\main.o
TIM_ClearOC1Ref                                   Drivers\STM32F0xx_StdPeriph_Driver\src\stm32f0xx_tim.o
TIM_ClearOC2Ref                                   Drivers\STM32F0xx_StdPeriph_Driver\src\stm32f0xx_tim.o
TIM_ClearOC3Ref                                   Drivers\STM32F0xx_StdPeriph_Driver\src\stm32f0xx_tim.o
TIM_ClearOC4Ref                                   Drivers\STM32F0xx_StdPeriph_Driver\src\stm32f0xx_tim.o
TIM_Cmd                                           Drivers\STM32F0xx_StdPeriph_Driver\src\stm32f0xx_tim.o
                                                  src\main.o
TIM_CounterModeConfig                             Drivers\STM32F0xx_StdPeriph_Driver\src\stm32f0xx_tim.o
TIM_CtrlPWMOutputs                                Drivers\STM32F0xx_StdPeriph_Driver\src\stm32f0xx_tim.o
TIM_DMACmd                                        Drivers\STM32F0xx_StdPeriph_Driver\src\stm32f0xx_tim.o
TIM_DMAConfig                                     Drivers\STM32F0xx_StdPeriph_Driver\src\stm32f0xx_tim.o
TIM_DeInit                                        Drivers\STM32F0xx_StdPeriph_Driver\src\stm32f0xx_tim.o
TIM_ETRClockMode1Config                           Drivers\STM32F0xx_StdPeriph_Driver\src\stm32f0xx_tim.o
TIM_ETRClockMode2Config                           Drivers\STM32F0xx_StdPeriph_Driver\src\stm32f0xx_tim.o
TIM_ETRConfig                                     Drivers\STM32F0xx_StdPeriph_Driver\src\stm32f0xx_tim.o
TIM_EncoderInterfaceConfig                        Drivers\STM32F0xx_StdPeriph_Driver\src\stm32f0xx_tim.o
TIM_ForcedOC1Config                               Drivers\STM32F0xx_StdPeriph_Driver\src\stm32f0xx_tim.o
TIM_ForcedOC2Config                               Drivers\STM32F0xx_StdPeriph_Driver\src\stm32f0xx_tim.o
TIM_ForcedOC3Config                               Drivers\STM32F0xx_StdPeriph_Driver\src\stm32f0xx_tim.o
TIM_ForcedOC4Config                               Drivers\STM32F0xx_StdPeriph_Driver\src\stm32f0xx_tim.o
TIM_GenerateEvent                                 Drivers\STM32F0xx_StdPeriph_Driver\src\stm32f0xx_tim.o
TIM_GetCapture1                                   Drivers\STM32F0xx_StdPeriph_Driver\src\stm32f0xx_tim.o
TIM_GetCapture2                                   Drivers\STM32F0xx_StdPeriph_Driver\src\stm32f0xx_tim.o
TIM_GetCapture3                                   Drivers\STM32F0xx_StdPeriph_Driver\src\stm32f0xx_tim.o
TIM_GetCapture4                                   Drivers\STM32F0xx_StdPeriph_Driver\src\stm32f0xx_tim.o
TIM_GetCounter                                    Drivers\STM32F0xx_StdPeriph_Driver\src\stm32f0xx_tim.o
TIM_GetFlagStatus                                 Drivers\STM32F0xx_StdPeriph_Driver\src\stm32f0xx_tim.o
TIM_GetITStatus                                   Drivers\STM32F0xx_StdPeriph_Driver\src\stm32f0xx_tim.o
                                                  src\main.o
TIM_GetPrescaler                                  Drivers\STM32F0xx_StdPeriph_Driver\src\stm32f0xx_tim.o
TIM_ICInit                                        Drivers\STM32F0xx_StdPeriph_Driver\src\stm32f0xx_tim.o
TIM_ICStructInit                                  Drivers\STM32F0xx_StdPeriph_Driver\src\stm32f0xx_tim.o
TIM_ITConfig                                      Drivers\STM32F0xx_StdPeriph_Driver\src\stm32f0xx_tim.o
                                                  src\main.o
TIM_ITRxExternalClockConfig                       Drivers\STM32F0xx_StdPeriph_Driver\src\stm32f0xx_tim.o
TIM_InternalClockConfig                           Drivers\STM32F0xx_StdPeriph_Driver\src\stm32f0xx_tim.o
TIM_OC1FastConfig                                 Drivers\STM32F0xx_StdPeriph_Driver\src\stm32f0xx_tim.o
TIM_OC1Init                                       Drivers\STM32F0xx_StdPeriph_Driver\src\stm32f0xx_tim.o
TIM_OC1NPolarityConfig                            Drivers\STM32F0xx_StdPeriph_Driver\src\stm32f0xx_tim.o
TIM_OC1PolarityConfig                             Drivers\STM32F0xx_StdPeriph_Driver\src\stm32f0xx_tim.o
TIM_OC1PreloadConfig                              Drivers\STM32F0xx_StdPeriph_Driver\src\stm32f0xx_tim.o
TIM_OC2FastConfig                                 Drivers\STM32F0xx_StdPeriph_Driver\src\stm32f0xx_tim.o
TIM_OC2Init                                       Drivers\STM32F0xx_StdPeriph_Driver\src\stm32f0xx_tim.o
TIM_OC2NPolarityConfig                            Drivers\STM32F0xx_StdPeriph_Driver\src\stm32f0xx_tim.o
TIM_OC2PolarityConfig                             Drivers\STM32F0xx_StdPeriph_Driver\src\stm32f0xx_tim.o
TIM_OC2PreloadConfig                              Drivers\STM32F0xx_StdPeriph_Driver\src\stm32f0xx_tim.o
TIM_OC3FastConfig                                 Drivers\STM32F0xx_StdPeriph_Driver\src\stm32f0xx_tim.o
TIM_OC3Init                                       Drivers\STM32F0xx_StdPeriph_Driver\src\stm32f0xx_tim.o
TIM_OC3NPolarityConfig                            Drivers\STM32F0xx_StdPeriph_Driver\src\stm32f0xx_tim.o
TIM_OC3PolarityConfig                             Drivers\STM32F0xx_StdPeriph_Driver\src\stm32f0xx_tim.o
TIM_OC3PreloadConfig                              Drivers\STM32F0xx_StdPeriph_Driver\src\stm32f0xx_tim.o
TIM_OC4FastConfig                                 Drivers\STM32F0xx_StdPeriph_Driver\src\stm32f0xx_tim.o
TIM_OC4Init                                       Drivers\STM32F0xx_StdPeriph_Driver\src\stm32f0xx_tim.o
TIM_OC4PolarityConfig                             Drivers\STM32F0xx_StdPeriph_Driver\src\stm32f0xx_tim.o
TIM_OC4PreloadConfig                              Drivers\STM32F0xx_StdPeriph_Driver\src\stm32f0xx_tim.o
TIM_OCStructInit                                  Drivers\STM32F0xx_StdPeriph_Driver\src\stm32f0xx_tim.o
TIM_PWMIConfig                                    Drivers\STM32F0xx_StdPeriph_Driver\src\stm32f0xx_tim.o
TIM_PrescalerConfig                               Drivers\STM32F0xx_StdPeriph_Driver\src\stm32f0xx_tim.o
TIM_RemapConfig                                   Drivers\STM32F0xx_StdPeriph_Driver\src\stm32f0xx_tim.o
TIM_SelectCCDMA                                   Drivers\STM32F0xx_StdPeriph_Driver\src\stm32f0xx_tim.o
TIM_SelectCOM                                     Drivers\STM32F0xx_StdPeriph_Driver\src\stm32f0xx_tim.o
TIM_SelectHallSensor                              Drivers\STM32F0xx_StdPeriph_Driver\src\stm32f0xx_tim.o
TIM_SelectInputTrigger                            Drivers\STM32F0xx_StdPeriph_Driver\src\stm32f0xx_tim.o
TIM_SelectMasterSlaveMode                         Drivers\STM32F0xx_StdPeriph_Driver\src\stm32f0xx_tim.o
TIM_SelectOCREFClear                              Drivers\STM32F0xx_StdPeriph_Driver\src\stm32f0xx_tim.o
TIM_SelectOCxM                                    Drivers\STM32F0xx_StdPeriph_Driver\src\stm32f0xx_tim.o
TIM_SelectOnePulseMode                            Drivers\STM32F0xx_StdPeriph_Driver\src\stm32f0xx_tim.o
TIM_SelectOutputTrigger                           Drivers\STM32F0xx_StdPeriph_Driver\src\stm32f0xx_tim.o
TIM_SelectSlaveMode                               Drivers\STM32F0xx_StdPeriph_Driver\src\stm32f0xx_tim.o
TIM_SetAutoreload                                 Drivers\STM32F0xx_StdPeriph_Driver\src\stm32f0xx_tim.o
TIM_SetClockDivision                              Drivers\STM32F0xx_StdPeriph_Driver\src\stm32f0xx_tim.o
TIM_SetCompare1                                   Drivers\STM32F0xx_StdPeriph_Driver\src\stm32f0xx_tim.o
TIM_SetCompare2                                   Drivers\STM32F0xx_StdPeriph_Driver\src\stm32f0xx_tim.o
TIM_SetCompare3                                   Drivers\STM32F0xx_StdPeriph_Driver\src\stm32f0xx_tim.o
TIM_SetCompare4                                   Drivers\STM32F0xx_StdPeriph_Driver\src\stm32f0xx_tim.o
TIM_SetCounter                                    Drivers\STM32F0xx_StdPeriph_Driver\src\stm32f0xx_tim.o
TIM_SetIC1Prescaler                               Drivers\STM32F0xx_StdPeriph_Driver\src\stm32f0xx_tim.o
TIM_SetIC2Prescaler                               Drivers\STM32F0xx_StdPeriph_Driver\src\stm32f0xx_tim.o
TIM_SetIC3Prescaler                               Drivers\STM32F0xx_StdPeriph_Driver\src\stm32f0xx_tim.o
TIM_SetIC4Prescaler                               Drivers\STM32F0xx_StdPeriph_Driver\src\stm32f0xx_tim.o
TIM_TIxExternalClockConfig                        Drivers\STM32F0xx_StdPeriph_Driver\src\stm32f0xx_tim.o
TIM_TimeBaseInit                                  Drivers\STM32F0xx_StdPeriph_Driver\src\stm32f0xx_tim.o
                                                  src\main.o
TIM_TimeBaseStructInit                            Drivers\STM32F0xx_StdPeriph_Driver\src\stm32f0xx_tim.o
TIM_TimeBaseStructure                             src\main.o
TIM_UpdateDisableConfig                           Drivers\STM32F0xx_StdPeriph_Driver\src\stm32f0xx_tim.o
TIM_UpdateRequestConfig                           Drivers\STM32F0xx_StdPeriph_Driver\src\stm32f0xx_tim.o
USART1_IRQHandler                                 src\startup_stm32f030x6.o
USART_AddressDetectionConfig                      Drivers\STM32F0xx_StdPeriph_Driver\src\stm32f0xx_usart.o
USART_AutoBaudRateCmd                             Drivers\STM32F0xx_StdPeriph_Driver\src\stm32f0xx_usart.o
USART_AutoBaudRateConfig                          Drivers\STM32F0xx_StdPeriph_Driver\src\stm32f0xx_usart.o
USART_ClearFlag                                   Drivers\STM32F0xx_StdPeriph_Driver\src\stm32f0xx_usart.o
USART_ClearITPendingBit                           Drivers\STM32F0xx_StdPeriph_Driver\src\stm32f0xx_usart.o
USART_ClockInit                                   Drivers\STM32F0xx_StdPeriph_Driver\src\stm32f0xx_usart.o
USART_ClockStructInit                             Drivers\STM32F0xx_StdPeriph_Driver\src\stm32f0xx_usart.o
USART_Cmd                                         Drivers\STM32F0xx_StdPeriph_Driver\src\stm32f0xx_usart.o
USART_DECmd                                       Drivers\STM32F0xx_StdPeriph_Driver\src\stm32f0xx_usart.o
USART_DEPolarityConfig                            Drivers\STM32F0xx_StdPeriph_Driver\src\stm32f0xx_usart.o
USART_DMACmd                                      Drivers\STM32F0xx_StdPeriph_Driver\src\stm32f0xx_usart.o
USART_DMAReceptionErrorConfig                     Drivers\STM32F0xx_StdPeriph_Driver\src\stm32f0xx_usart.o
USART_DataInvCmd                                  Drivers\STM32F0xx_StdPeriph_Driver\src\stm32f0xx_usart.o
USART_DeInit                                      Drivers\STM32F0xx_StdPeriph_Driver\src\stm32f0xx_usart.o
USART_DirectionModeCmd                            Drivers\STM32F0xx_StdPeriph_Driver\src\stm32f0xx_usart.o
USART_GetFlagStatus                               Drivers\STM32F0xx_StdPeriph_Driver\src\stm32f0xx_usart.o
USART_GetITStatus                                 Drivers\STM32F0xx_StdPeriph_Driver\src\stm32f0xx_usart.o
USART_HalfDuplexCmd                               Drivers\STM32F0xx_StdPeriph_Driver\src\stm32f0xx_usart.o
USART_ITConfig                                    Drivers\STM32F0xx_StdPeriph_Driver\src\stm32f0xx_usart.o
USART_Init                                        Drivers\STM32F0xx_StdPeriph_Driver\src\stm32f0xx_usart.o
USART_InitStructure                               src\main.o
USART_InvPinCmd                                   Drivers\STM32F0xx_StdPeriph_Driver\src\stm32f0xx_usart.o
USART_IrDACmd                                     Drivers\STM32F0xx_StdPeriph_Driver\src\stm32f0xx_usart.o
USART_IrDAConfig                                  Drivers\STM32F0xx_StdPeriph_Driver\src\stm32f0xx_usart.o
USART_LINBreakDetectLengthConfig                  Drivers\STM32F0xx_StdPeriph_Driver\src\stm32f0xx_usart.o
USART_LINCmd                                      Drivers\STM32F0xx_StdPeriph_Driver\src\stm32f0xx_usart.o
USART_MSBFirstCmd                                 Drivers\STM32F0xx_StdPeriph_Driver\src\stm32f0xx_usart.o
USART_MuteModeCmd                                 Drivers\STM32F0xx_StdPeriph_Driver\src\stm32f0xx_usart.o
USART_MuteModeWakeUpConfig                        Drivers\STM32F0xx_StdPeriph_Driver\src\stm32f0xx_usart.o
USART_OneBitMethodCmd                             Drivers\STM32F0xx_StdPeriph_Driver\src\stm32f0xx_usart.o
USART_OverSampling8Cmd                            Drivers\STM32F0xx_StdPeriph_Driver\src\stm32f0xx_usart.o
USART_OverrunDetectionConfig                      Drivers\STM32F0xx_StdPeriph_Driver\src\stm32f0xx_usart.o
USART_ReceiveData                                 Drivers\STM32F0xx_StdPeriph_Driver\src\stm32f0xx_usart.o
USART_ReceiverTimeOutCmd                          Drivers\STM32F0xx_StdPeriph_Driver\src\stm32f0xx_usart.o
USART_RequestCmd                                  Drivers\STM32F0xx_StdPeriph_Driver\src\stm32f0xx_usart.o
USART_STOPModeCmd                                 Drivers\STM32F0xx_StdPeriph_Driver\src\stm32f0xx_usart.o
USART_SWAPPinCmd                                  Drivers\STM32F0xx_StdPeriph_Driver\src\stm32f0xx_usart.o
USART_SendData                                    Drivers\STM32F0xx_StdPeriph_Driver\src\stm32f0xx_usart.o
USART_SetAddress                                  Drivers\STM32F0xx_StdPeriph_Driver\src\stm32f0xx_usart.o
USART_SetAutoRetryCount                           Drivers\STM32F0xx_StdPeriph_Driver\src\stm32f0xx_usart.o
USART_SetBlockLength                              Drivers\STM32F0xx_StdPeriph_Driver\src\stm32f0xx_usart.o
USART_SetDEAssertionTime                          Drivers\STM32F0xx_StdPeriph_Driver\src\stm32f0xx_usart.o
USART_SetDEDeassertionTime                        Drivers\STM32F0xx_StdPeriph_Driver\src\stm32f0xx_usart.o
USART_SetGuardTime                                Drivers\STM32F0xx_StdPeriph_Driver\src\stm32f0xx_usart.o
USART_SetPrescaler                                Drivers\STM32F0xx_StdPeriph_Driver\src\stm32f0xx_usart.o
USART_SetReceiverTimeOut                          Drivers\STM32F0xx_StdPeriph_Driver\src\stm32f0xx_usart.o
USART_SmartCardCmd                                Drivers\STM32F0xx_StdPeriph_Driver\src\stm32f0xx_usart.o
USART_SmartCardNACKCmd                            Drivers\STM32F0xx_StdPeriph_Driver\src\stm32f0xx_usart.o
USART_StopModeWakeUpSourceConfig                  Drivers\STM32F0xx_StdPeriph_Driver\src\stm32f0xx_usart.o
USART_StructInit                                  Drivers\STM32F0xx_StdPeriph_Driver\src\stm32f0xx_usart.o
WWDG_ClearFlag                                    Drivers\STM32F0xx_StdPeriph_Driver\src\stm32f0xx_wwdg.o
WWDG_DeInit                                       Drivers\STM32F0xx_StdPeriph_Driver\src\stm32f0xx_wwdg.o
WWDG_Enable                                       Drivers\STM32F0xx_StdPeriph_Driver\src\stm32f0xx_wwdg.o
WWDG_EnableIT                                     Drivers\STM32F0xx_StdPeriph_Driver\src\stm32f0xx_wwdg.o
WWDG_GetFlagStatus                                Drivers\STM32F0xx_StdPeriph_Driver\src\stm32f0xx_wwdg.o
WWDG_IRQHandler                                   src\startup_stm32f030x6.o
WWDG_SetCounter                                   Drivers\STM32F0xx_StdPeriph_Driver\src\stm32f0xx_wwdg.o
WWDG_SetPrescaler                                 Drivers\STM32F0xx_StdPeriph_Driver\src\stm32f0xx_wwdg.o
WWDG_SetWindowValue                               Drivers\STM32F0xx_StdPeriph_Driver\src\stm32f0xx_wwdg.o
__aeabi_idiv                                      e:/truestudio_for_arm/truestudio for stm32 9.0.0/armtools/bin/../lib/gcc/arm-atollic-eabi/6.3.1/armv6-m\libgcc.a(_divsi3.o)
                                                  src\tiny_printf.o
__aeabi_idiv0                                     e:/truestudio_for_arm/truestudio for stm32 9.0.0/armtools/bin/../lib/gcc/arm-atollic-eabi/6.3.1/armv6-m\libgcc.a(_dvmd_tls.o)
                                                  e:/truestudio_for_arm/truestudio for stm32 9.0.0/armtools/bin/../lib/gcc/arm-atollic-eabi/6.3.1/armv6-m\libgcc.a(_divsi3.o)
                                                  e:/truestudio_for_arm/truestudio for stm32 9.0.0/armtools/bin/../lib/gcc/arm-atollic-eabi/6.3.1/armv6-m\libgcc.a(_udivsi3.o)
__aeabi_idivmod                                   e:/truestudio_for_arm/truestudio for stm32 9.0.0/armtools/bin/../lib/gcc/arm-atollic-eabi/6.3.1/armv6-m\libgcc.a(_divsi3.o)
__aeabi_ldiv0                                     e:/truestudio_for_arm/truestudio for stm32 9.0.0/armtools/bin/../lib/gcc/arm-atollic-eabi/6.3.1/armv6-m\libgcc.a(_dvmd_tls.o)
__aeabi_uidiv                                     e:/truestudio_for_arm/truestudio for stm32 9.0.0/armtools/bin/../lib/gcc/arm-atollic-eabi/6.3.1/armv6-m\libgcc.a(_udivsi3.o)
                                                  src\tiny_printf.o
                                                  src\system_stm32f0xx.o
                                                  Drivers\STM32F0xx_StdPeriph_Driver\src\stm32f0xx_usart.o
                                                  Drivers\STM32F0xx_StdPeriph_Driver\src\stm32f0xx_spi.o
                                                  Drivers\STM32F0xx_StdPeriph_Driver\src\stm32f0xx_rcc.o
__aeabi_uidivmod                                  e:/truestudio_for_arm/truestudio for stm32 9.0.0/armtools/bin/../lib/gcc/arm-atollic-eabi/6.3.1/armv6-m\libgcc.a(_udivsi3.o)
                                                  src\tiny_printf.o
                                                  Drivers\STM32F0xx_StdPeriph_Driver\src\stm32f0xx_usart.o
__deregister_frame_info                           e:/truestudio_for_arm/truestudio for stm32 9.0.0/armtools/bin/../lib/gcc/arm-atollic-eabi/6.3.1/armv6-m/crtbegin.o
__divsi3                                          e:/truestudio_for_arm/truestudio for stm32 9.0.0/armtools/bin/../lib/gcc/arm-atollic-eabi/6.3.1/armv6-m\libgcc.a(_divsi3.o)
__dso_handle                                      e:/truestudio_for_arm/truestudio for stm32 9.0.0/armtools/bin/../lib/gcc/arm-atollic-eabi/6.3.1/armv6-m/crtbegin.o
__gnu_thumb1_case_uqi                             e:/truestudio_for_arm/truestudio for stm32 9.0.0/armtools/bin/../lib/gcc/arm-atollic-eabi/6.3.1/armv6-m\libgcc.a(_thumb1_case_uqi.o)
                                                  Drivers\STM32F0xx_StdPeriph_Driver\src\stm32f0xx_rcc.o
__init_array_end                                  e:/truestudio_for_arm/truestudio for stm32 9.0.0/armtools/bin/../lib/gcc/arm-atollic-eabi/6.3.1/../../../../arm-atollic-eabi/lib/armv6-m\libc_nano.a(lib_a-init.o)
__init_array_start                                e:/truestudio_for_arm/truestudio for stm32 9.0.0/armtools/bin/../lib/gcc/arm-atollic-eabi/6.3.1/../../../../arm-atollic-eabi/lib/armv6-m\libc_nano.a(lib_a-init.o)
__libc_init_array                                 e:/truestudio_for_arm/truestudio for stm32 9.0.0/armtools/bin/../lib/gcc/arm-atollic-eabi/6.3.1/../../../../arm-atollic-eabi/lib/armv6-m\libc_nano.a(lib_a-init.o)
                                                  src\startup_stm32f030x6.o
__preinit_array_end                               e:/truestudio_for_arm/truestudio for stm32 9.0.0/armtools/bin/../lib/gcc/arm-atollic-eabi/6.3.1/../../../../arm-atollic-eabi/lib/armv6-m\libc_nano.a(lib_a-init.o)
__preinit_array_start                             e:/truestudio_for_arm/truestudio for stm32 9.0.0/armtools/bin/../lib/gcc/arm-atollic-eabi/6.3.1/../../../../arm-atollic-eabi/lib/armv6-m\libc_nano.a(lib_a-init.o)
__register_frame_info                             e:/truestudio_for_arm/truestudio for stm32 9.0.0/armtools/bin/../lib/gcc/arm-atollic-eabi/6.3.1/armv6-m/crtbegin.o
__udivsi3                                         e:/truestudio_for_arm/truestudio for stm32 9.0.0/armtools/bin/../lib/gcc/arm-atollic-eabi/6.3.1/armv6-m\libgcc.a(_udivsi3.o)
_ebss                                             src\startup_stm32f030x6.o
_edata                                            src\startup_stm32f030x6.o
_estack                                           src\startup_stm32f030x6.o
_fini                                             e:/truestudio_for_arm/truestudio for stm32 9.0.0/armtools/bin/../lib/gcc/arm-atollic-eabi/6.3.1/armv6-m/crti.o
_init                                             e:/truestudio_for_arm/truestudio for stm32 9.0.0/armtools/bin/../lib/gcc/arm-atollic-eabi/6.3.1/armv6-m/crti.o
                                                  e:/truestudio_for_arm/truestudio for stm32 9.0.0/armtools/bin/../lib/gcc/arm-atollic-eabi/6.3.1/../../../../arm-atollic-eabi/lib/armv6-m\libc_nano.a(lib_a-init.o)
_sbss                                             src\startup_stm32f030x6.o
_sdata                                            src\startup_stm32f030x6.o
_sidata                                           src\startup_stm32f030x6.o
_write                                            e:/truestudio_for_arm/truestudio for stm32 9.0.0/armtools/bin/../lib/gcc/arm-atollic-eabi/6.3.1/../../../../arm-atollic-eabi/lib/armv6-m\libnosys.a(write.o)
                                                  src\tiny_printf.o
delay                                             src\main.o
errno                                             e:/truestudio_for_arm/truestudio for stm32 9.0.0/armtools/bin/../lib/gcc/arm-atollic-eabi/6.3.1/../../../../arm-atollic-eabi/lib/armv6-m\libnosys.a(errno.o)
                                                  e:/truestudio_for_arm/truestudio for stm32 9.0.0/armtools/bin/../lib/gcc/arm-atollic-eabi/6.3.1/../../../../arm-atollic-eabi/lib/armv6-m\libnosys.a(write.o)
fiprintf                                          src\tiny_printf.o
fprintf                                           src\tiny_printf.o
fputs                                             src\tiny_printf.o
fwrite                                            src\tiny_printf.o
g_pfnVectors                                      src\startup_stm32f030x6.o
iprintf                                           src\tiny_printf.o
main                                              src\main.o
                                                  src\startup_stm32f030x6.o
printf                                            src\tiny_printf.o
puts                                              src\tiny_printf.o
siprintf                                          src\tiny_printf.o
sprintf                                           src\tiny_printf.o
strlen                                            e:/truestudio_for_arm/truestudio for stm32 9.0.0/armtools/bin/../lib/gcc/arm-atollic-eabi/6.3.1/../../../../arm-atollic-eabi/lib/armv6-m\libc_nano.a(lib_a-strlen.o)
                                                  src\tiny_printf.o
ts_formatlength                                   src\tiny_printf.o
ts_formatstring                                   src\tiny_printf.o
ts_itoa                                           src\tiny_printf.o
x                                                 src\main.o
y                                                 src\main.o
