Archive member included to satisfy reference by file (symbol)

c:/program files (x86)/atollic/truestudio for stm32 9.0.0/armtools/bin/../lib/gcc/arm-atollic-eabi/6.3.1/../../../../arm-atollic-eabi/lib/armv6-m\libc_nano.a(lib_a-atof.o)
                              COMMONRESOURCE\HW_lib\QuectelL70.o (atof)
c:/program files (x86)/atollic/truestudio for stm32 9.0.0/armtools/bin/../lib/gcc/arm-atollic-eabi/6.3.1/../../../../arm-atollic-eabi/lib/armv6-m\libc_nano.a(lib_a-atoi.o)
                              COMMONRESOURCE\HW_lib\QuectelL70.o (atoi)
c:/program files (x86)/atollic/truestudio for stm32 9.0.0/armtools/bin/../lib/gcc/arm-atollic-eabi/6.3.1/../../../../arm-atollic-eabi/lib/armv6-m\libc_nano.a(lib_a-init.o)
                              src\startup_stm32f030x6.o (__libc_init_array)
c:/program files (x86)/atollic/truestudio for stm32 9.0.0/armtools/bin/../lib/gcc/arm-atollic-eabi/6.3.1/../../../../arm-atollic-eabi/lib/armv6-m\libc_nano.a(lib_a-memcmp.o)
                              COMMONRESOURCE\HW_lib\STM32F0_periph\STM32F0_flash.o (memcmp)
c:/program files (x86)/atollic/truestudio for stm32 9.0.0/armtools/bin/../lib/gcc/arm-atollic-eabi/6.3.1/../../../../arm-atollic-eabi/lib/armv6-m\libc_nano.a(lib_a-memcpy-stub.o)
                              COMMONRESOURCE\HW_lib\RS232camera.o (memcpy)
c:/program files (x86)/atollic/truestudio for stm32 9.0.0/armtools/bin/../lib/gcc/arm-atollic-eabi/6.3.1/../../../../arm-atollic-eabi/lib/armv6-m\libc_nano.a(lib_a-memset.o)
                              COMMONRESOURCE\HW_lib\DHT11.o (memset)
c:/program files (x86)/atollic/truestudio for stm32 9.0.0/armtools/bin/../lib/gcc/arm-atollic-eabi/6.3.1/../../../../arm-atollic-eabi/lib/armv6-m\libc_nano.a(lib_a-snprintf.o)
                              COMMONRESOURCE\HW_lib\DS18B20.o (snprintf)
c:/program files (x86)/atollic/truestudio for stm32 9.0.0/armtools/bin/../lib/gcc/arm-atollic-eabi/6.3.1/../../../../arm-atollic-eabi/lib/armv6-m\libc_nano.a(lib_a-strcmp.o)
                              COMMONRESOURCE\HW_lib\QuectelM95.o (strcmp)
c:/program files (x86)/atollic/truestudio for stm32 9.0.0/armtools/bin/../lib/gcc/arm-atollic-eabi/6.3.1/../../../../arm-atollic-eabi/lib/armv6-m\libc_nano.a(lib_a-strcpy.o)
                              COMMONRESOURCE\HW_lib\QuectelL70.o (strcpy)
c:/program files (x86)/atollic/truestudio for stm32 9.0.0/armtools/bin/../lib/gcc/arm-atollic-eabi/6.3.1/../../../../arm-atollic-eabi/lib/armv6-m\libc_nano.a(lib_a-strlcat.o)
                              COMMONRESOURCE\HW_lib\QuectelM95.o (strlcat)
c:/program files (x86)/atollic/truestudio for stm32 9.0.0/armtools/bin/../lib/gcc/arm-atollic-eabi/6.3.1/../../../../arm-atollic-eabi/lib/armv6-m\libc_nano.a(lib_a-strlcpy.o)
                              COMMONRESOURCE\HW_lib\DVS_RFIDreader.o (strlcpy)
c:/program files (x86)/atollic/truestudio for stm32 9.0.0/armtools/bin/../lib/gcc/arm-atollic-eabi/6.3.1/../../../../arm-atollic-eabi/lib/armv6-m\libc_nano.a(lib_a-strlen.o)
                              COMMONRESOURCE\HW_lib\DVS_RFIDreader.o (strlen)
c:/program files (x86)/atollic/truestudio for stm32 9.0.0/armtools/bin/../lib/gcc/arm-atollic-eabi/6.3.1/../../../../arm-atollic-eabi/lib/armv6-m\libc_nano.a(lib_a-strncmp.o)
                              COMMONRESOURCE\HW_lib\DVS_RFIDreader.o (strncmp)
c:/program files (x86)/atollic/truestudio for stm32 9.0.0/armtools/bin/../lib/gcc/arm-atollic-eabi/6.3.1/../../../../arm-atollic-eabi/lib/armv6-m\libc_nano.a(lib_a-strtod.o)
                              c:/program files (x86)/atollic/truestudio for stm32 9.0.0/armtools/bin/../lib/gcc/arm-atollic-eabi/6.3.1/../../../../arm-atollic-eabi/lib/armv6-m\libc_nano.a(lib_a-atof.o) (strtod)
c:/program files (x86)/atollic/truestudio for stm32 9.0.0/armtools/bin/../lib/gcc/arm-atollic-eabi/6.3.1/../../../../arm-atollic-eabi/lib/armv6-m\libc_nano.a(lib_a-strtol.o)
                              c:/program files (x86)/atollic/truestudio for stm32 9.0.0/armtools/bin/../lib/gcc/arm-atollic-eabi/6.3.1/../../../../arm-atollic-eabi/lib/armv6-m\libc_nano.a(lib_a-atoi.o) (_strtol_r)
c:/program files (x86)/atollic/truestudio for stm32 9.0.0/armtools/bin/../lib/gcc/arm-atollic-eabi/6.3.1/../../../../arm-atollic-eabi/lib/armv6-m\libc_nano.a(lib_a-gdtoa-gethex.o)
                              c:/program files (x86)/atollic/truestudio for stm32 9.0.0/armtools/bin/../lib/gcc/arm-atollic-eabi/6.3.1/../../../../arm-atollic-eabi/lib/armv6-m\libc_nano.a(lib_a-strtod.o) (__gethex)
c:/program files (x86)/atollic/truestudio for stm32 9.0.0/armtools/bin/../lib/gcc/arm-atollic-eabi/6.3.1/../../../../arm-atollic-eabi/lib/armv6-m\libc_nano.a(lib_a-gdtoa-hexnan.o)
                              c:/program files (x86)/atollic/truestudio for stm32 9.0.0/armtools/bin/../lib/gcc/arm-atollic-eabi/6.3.1/../../../../arm-atollic-eabi/lib/armv6-m\libc_nano.a(lib_a-strtod.o) (__match)
[...]
Memory Configuration

Name             Origin             Length             Attributes
FLASH            0x08000000         0x00008000         xr
RAM              0x20000000         0x00001000         xrw
MEMORY_B1        0x60000000         0x00000000         xr
*default*        0x00000000         0xffffffff

Linker script and memory map

LOAD c:/program files (x86)/atollic/truestudio for stm32 9.0.0/armtools/bin/../lib/gcc/arm-atollic-eabi/6.3.1/armv6-m/crti.o
LOAD c:/program files (x86)/atollic/truestudio for stm32 9.0.0/armtools/bin/../lib/gcc/arm-atollic-eabi/6.3.1/armv6-m/crtbegin.o
LOAD COMMONRESOURCE\HW_lib\BH1750.o
LOAD COMMONRESOURCE\HW_lib\BMP180.o
LOAD COMMONRESOURCE\HW_lib\CLCD.o
LOAD COMMONRESOURCE\HW_lib\DHT11.o
LOAD COMMONRESOURCE\HW_lib\DS18B20.o
LOAD COMMONRESOURCE\HW_lib\DVS_RFIDreader.o
LOAD COMMONRESOURCE\HW_lib\DVS_extDisp.o
LOAD COMMONRESOURCE\HW_lib\HC595.o
LOAD COMMONRESOURCE\HW_lib\MPL3115A2.o
LOAD COMMONRESOURCE\HW_lib\PCF8574.o
LOAD COMMONRESOURCE\HW_lib\QuectelL70.o
LOAD COMMONRESOURCE\HW_lib\QuectelM95.o
LOAD COMMONRESOURCE\HW_lib\QuectelUG95.o
LOAD COMMONRESOURCE\HW_lib\RS232camera.o
LOAD COMMONRESOURCE\HW_lib\SDC.o
LOAD COMMONRESOURCE\HW_lib\SIM900.o
LOAD COMMONRESOURCE\HW_lib\SPIflash.o
LOAD COMMONRESOURCE\HW_lib\SRF05.o
LOAD COMMONRESOURCE\HW_lib\STM32F0_periph\STM32F0_flash.o
LOAD COMMONRESOURCE\HW_lib\STM32F0_periph\STM32F0_io.o
LOAD COMMONRESOURCE\HW_lib\STM32F0_periph\STM32F0_nvic.o
LOAD COMMONRESOURCE\HW_lib\STM32F0_periph\STM32F0_spi.o
LOAD COMMONRESOURCE\HW_lib\STM32F0_periph\STM32F0_tim.o
LOAD COMMONRESOURCE\HW_lib\STM32F0_periph\STM32F0_uart.o
LOAD COMMONRESOURCE\HW_lib\TC58CVG2S0HxAIx.o
LOAD COMMONRESOURCE\HW_lib\additionalIRQhdler.o
LOAD COMMONRESOURCE\HW_lib\nRF24L01.o
LOAD COMMONRESOURCE\HW_lib\sI2C.o
LOAD COMMONRESOURCE\SW_lib\cirbuf.o
LOAD COMMONRESOURCE\SW_lib\cli.o
LOAD COMMONRESOURCE\SW_lib\dbgPrint.o
LOAD COMMONRESOURCE\SW_lib\extFlash_datMngr.o
LOAD COMMONRESOURCE\SW_lib\md5.o
LOAD COMMONRESOURCE\SW_lib\memMngr.o
LOAD COMMONRESOURCE\SW_lib\stringlib.o
LOAD Drivers\STM32F0xx_StdPeriph_Driver\src\stm32f0xx_adc.o
LOAD Drivers\STM32F0xx_StdPeriph_Driver\src\stm32f0xx_can.o
LOAD Drivers\STM32F0xx_StdPeriph_Driver\src\stm32f0xx_cec.o
LOAD Drivers\STM32F0xx_StdPeriph_Driver\src\stm32f0xx_comp.o
LOAD Drivers\STM32F0xx_StdPeriph_Driver\src\stm32f0xx_crc.o
LOAD Drivers\STM32F0xx_StdPeriph_Driver\src\stm32f0xx_crs.o
LOAD Drivers\STM32F0xx_StdPeriph_Driver\src\stm32f0xx_dbgmcu.o
LOAD Drivers\STM32F0xx_StdPeriph_Driver\src\stm32f0xx_dma.o
LOAD Drivers\STM32F0xx_StdPeriph_Driver\src\stm32f0xx_exti.o
LOAD Drivers\STM32F0xx_StdPeriph_Driver\src\stm32f0xx_flash.o
LOAD Drivers\STM32F0xx_StdPeriph_Driver\src\stm32f0xx_gpio.o
LOAD Drivers\STM32F0xx_StdPeriph_Driver\src\stm32f0xx_i2c.o
LOAD Drivers\STM32F0xx_StdPeriph_Driver\src\stm32f0xx_iwdg.o
LOAD Drivers\STM32F0xx_StdPeriph_Driver\src\stm32f0xx_misc.o
LOAD Drivers\STM32F0xx_StdPeriph_Driver\src\stm32f0xx_pwr.o
LOAD Drivers\STM32F0xx_StdPeriph_Driver\src\stm32f0xx_rcc.o
LOAD Drivers\STM32F0xx_StdPeriph_Driver\src\stm32f0xx_rtc.o
LOAD Drivers\STM32F0xx_StdPeriph_Driver\src\stm32f0xx_spi.o
LOAD Drivers\STM32F0xx_StdPeriph_Driver\src\stm32f0xx_syscfg.o
LOAD Drivers\STM32F0xx_StdPeriph_Driver\src\stm32f0xx_tim.o
LOAD Drivers\STM32F0xx_StdPeriph_Driver\src\stm32f0xx_usart.o
LOAD Drivers\STM32F0xx_StdPeriph_Driver\src\stm32f0xx_wwdg.o
LOAD RFprotocol\RFprotocol.o
LOAD src\main.o
LOAD src\startup_stm32f030x6.o
LOAD src\system_stm32f0xx.o
LOAD src\tiny_printf.o
                0x00000080                malloc_getpagesize_P = 0x80
START GROUP
LOAD c:/program files (x86)/atollic/truestudio for stm32 9.0.0/armtools/bin/../lib/gcc/arm-atollic-eabi/6.3.1/../../../../arm-atollic-eabi/lib/armv6-m\libc_nano.a
LOAD c:/program files (x86)/atollic/truestudio for stm32 9.0.0/armtools/bin/../lib/gcc/arm-atollic-eabi/6.3.1/../../../../arm-atollic-eabi/lib/armv6-m\libm.a
END GROUP
START GROUP
LOAD c:/program files (x86)/atollic/truestudio for stm32 9.0.0/armtools/bin/../lib/gcc/arm-atollic-eabi/6.3.1/armv6-m\libgcc.a
LOAD c:/program files (x86)/atollic/truestudio for stm32 9.0.0/armtools/bin/../lib/gcc/arm-atollic-eabi/6.3.1/../../../../arm-atollic-eabi/lib/armv6-m\libc_nano.a
END GROUP
START GROUP
LOAD c:/program files (x86)/atollic/truestudio for stm32 9.0.0/armtools/bin/../lib/gcc/arm-atollic-eabi/6.3.1/armv6-m\libgcc.a
LOAD c:/program files (x86)/atollic/truestudio for stm32 9.0.0/armtools/bin/../lib/gcc/arm-atollic-eabi/6.3.1/../../../../arm-atollic-eabi/lib/armv6-m\libc_nano.a
LOAD c:/program files (x86)/atollic/truestudio for stm32 9.0.0/armtools/bin/../lib/gcc/arm-atollic-eabi/6.3.1/../../../../arm-atollic-eabi/lib/armv6-m\libnosys.a
END GROUP
START GROUP
LOAD c:/program files (x86)/atollic/truestudio for stm32 9.0.0/armtools/bin/../lib/gcc/arm-atollic-eabi/6.3.1/armv6-m\libgcc.a
LOAD c:/program files (x86)/atollic/truestudio for stm32 9.0.0/armtools/bin/../lib/gcc/arm-atollic-eabi/6.3.1/../../../../arm-atollic-eabi/lib/armv6-m\libc_nano.a
LOAD c:/program files (x86)/atollic/truestudio for stm32 9.0.0/armtools/bin/../lib/gcc/arm-atollic-eabi/6.3.1/../../../../arm-atollic-eabi/lib/armv6-m\libnosys.a
END GROUP
LOAD c:/program files (x86)/atollic/truestudio for stm32 9.0.0/armtools/bin/../lib/gcc/arm-atollic-eabi/6.3.1/armv6-m/crtend.o
LOAD c:/program files (x86)/atollic/truestudio for stm32 9.0.0/armtools/bin/../lib/gcc/arm-atollic-eabi/6.3.1/armv6-m/crtn.o
                0x20001000                _estack = 0x20001000
                0x00000000                _Min_Heap_Size = 0x0
                0x00000080                _Min_Stack_Size = 0x80

.isr_vector     0x08000000       0xc0
                0x08000000                . = ALIGN (0x4)
 *(.isr_vector)
 .isr_vector    0x08000000       0xc0 src\startup_stm32f030x6.o
                0x08000000                g_pfnVectors
                0x080000c0                . = ALIGN (0x4)

.text           0x080000c0     0x3ff4
                0x080000c0                . = ALIGN (0x4)
 *(.text)
 .text          0x080000c0       0x48 c:/program files (x86)/atollic/truestudio for stm32 9.0.0/armtools/bin/../lib/gcc/arm-atollic-eabi/6.3.1/armv6-m/crtbegin.o
 .text          0x08000108       0x14 c:/program files (x86)/atollic/truestudio for stm32 9.0.0/armtools/bin/../lib/gcc/arm-atollic-eabi/6.3.1/armv6-m\libgcc.a(_thumb1_case_uqi.o)
                0x08000108                __gnu_thumb1_case_uqi
 .text          0x0800011c       0x14 c:/program files (x86)/atollic/truestudio for stm32 9.0.0/armtools/bin/../lib/gcc/arm-atollic-eabi/6.3.1/armv6-m\libgcc.a(_thumb1_case_uhi.o)
                0x0800011c                __gnu_thumb1_case_uhi
 .text          0x08000130      0x114 c:/program files (x86)/atollic/truestudio for stm32 9.0.0/armtools/bin/../lib/gcc/arm-atollic-eabi/6.3.1/armv6-m\libgcc.a(_udivsi3.o)
                0x08000130                __aeabi_uidiv
                0x08000130                __udivsi3
                0x0800023c                __aeabi_uidivmod
 .text          0x08000244      0x1d4 c:/program files (x86)/atollic/truestudio for stm32 9.0.0/armtools/bin/../lib/gcc/arm-atollic-eabi/6.3.1/armv6-m\libgcc.a(_divsi3.o)
                0x08000244                __divsi3
                0x08000244                __aeabi_idiv
                0x08000410                __aeabi_idivmod
 .text          0x08000418        0x4 c:/program files (x86)/atollic/truestudio for stm32 9.0.0/armtools/bin/../lib/gcc/arm-atollic-eabi/6.3.1/armv6-m\libgcc.a(_dvmd_tls.o)
                0x08000418                __aeabi_idiv0
                0x08000418                __aeabi_ldiv0
 .text          0x0800041c       0x7c c:/program files (x86)/atollic/truestudio for stm32 9.0.0/armtools/bin/../lib/gcc/arm-atollic-eabi/6.3.1/armv6-m\libgcc.a(_arm_cmpdf2.o)
                0x0800041c                __aeabi_cdrcmple
                0x0800042c                __aeabi_cdcmple
                0x0800042c                __aeabi_cdcmpeq
                0x0800043c                __aeabi_dcmpeq
                0x08000448                __aeabi_dcmplt
                0x0800045c                __aeabi_dcmple
                0x08000470                __aeabi_dcmpgt
                0x08000484                __aeabi_dcmpge
 .text          0x08000498       0x74 c:/program files (x86)/atollic/truestudio for stm32 9.0.0/armtools/bin/../lib/gcc/arm-atollic-eabi/6.3.1/armv6-m\libgcc.a(eqdf2.o)
                0x08000498                __nedf2
                0x08000498                __eqdf2
 .text          0x0800050c       0xc8 c:/program files (x86)/atollic/truestudio for stm32 9.0.0/armtools/bin/../lib/gcc/arm-atollic-eabi/6.3.1/armv6-m\libgcc.a(gedf2.o)
                0x0800050c                __gedf2
                0x0800050c                __gtdf2
 .text          0x080005d4       0xc4 c:/program files (x86)/atollic/truestudio for stm32 9.0.0/armtools/bin/../lib/gcc/arm-atollic-eabi/6.3.1/armv6-m\libgcc.a(ledf2.o)
                0x080005d4                __ledf2
                0x080005d4                __ltdf2
 .text          0x08000698      0x500 c:/program files (x86)/atollic/truestudio for stm32 9.0.0/armtools/bin/../lib/gcc/arm-atollic-eabi/6.3.1/armv6-m\libgcc.a(muldf3.o)
                0x08000698                __aeabi_dmul
 .text          0x08000b98      0x62c c:/program files (x86)/atollic/truestudio for stm32 9.0.0/armtools/bin/../lib/gcc/arm-atollic-eabi/6.3.1/armv6-m\libgcc.a(subdf3.o)
                0x08000b98                __aeabi_dsub
 .text          0x080011c4       0x68 c:/program files (x86)/atollic/truestudio for stm32 9.0.0/armtools/bin/../lib/gcc/arm-atollic-eabi/6.3.1/armv6-m\libgcc.a(fixdfsi.o)
                0x080011c4                __aeabi_d2iz
 .text          0x0800122c       0x84 c:/program files (x86)/atollic/truestudio for stm32 9.0.0/armtools/bin/../lib/gcc/arm-atollic-eabi/6.3.1/armv6-m\libgcc.a(floatsidf.o)
                0x0800122c                __aeabi_i2d
 .text          0x080012b0       0x3c c:/program files (x86)/atollic/truestudio for stm32 9.0.0/armtools/bin/../lib/gcc/arm-atollic-eabi/6.3.1/armv6-m\libgcc.a(_clzsi2.o)
                0x080012b0                __clzsi2
 *(.text*)
 .text.IFLASH_setup
                0x080012ec       0x30 COMMONRESOURCE\HW_lib\STM32F0_periph\STM32F0_flash.o
                0x080012ec                IFLASH_setup
 .text.IFLASH_rd
                0x0800131c       0x10 COMMONRESOURCE\HW_lib\STM32F0_periph\STM32F0_flash.o
                0x0800131c                IFLASH_rd
 .text.IFLASH_waitUntilOccupied
                0x0800132c       0x28 COMMONRESOURCE\HW_lib\STM32F0_periph\STM32F0_flash.o
                0x0800132c                IFLASH_waitUntilOccupied
 .text.IFLASH_wrt
                0x08001354       0x98 COMMONRESOURCE\HW_lib\STM32F0_periph\STM32F0_flash.o
                0x08001354                IFLASH_wrt
 .text.IO_setup
                0x080013ec       0xa4 COMMONRESOURCE\HW_lib\STM32F0_periph\STM32F0_io.o
                0x080013ec                IO_setup
 .text.IO_EXTI_setup
                0x08001490       0x8c COMMONRESOURCE\HW_lib\STM32F0_periph\STM32F0_io.o
                0x08001490                IO_EXTI_setup
 .text.IO_wrt   0x0800151c       0x4c COMMONRESOURCE\HW_lib\STM32F0_periph\STM32F0_io.o
                0x0800151c                IO_wrt
 .text.IO_rd    0x08001568       0x50 COMMONRESOURCE\HW_lib\STM32F0_periph\STM32F0_io.o
                0x08001568                IO_rd
 .text.EXTI0_1_IRQHandler
                0x080015b8       0x44 COMMONRESOURCE\HW_lib\STM32F0_periph\STM32F0_io.o
                0x080015b8                EXTI0_1_IRQHandler
 .text.EXTI2_3_IRQHandler
                0x080015fc       0x44 COMMONRESOURCE\HW_lib\STM32F0_periph\STM32F0_io.o
                0x080015fc                EXTI2_3_IRQHandler
 .text.EXTI4_15_IRQHandler
                0x08001640       0x34 COMMONRESOURCE\HW_lib\STM32F0_periph\STM32F0_io.o
                0x08001640                EXTI4_15_IRQHandler
 .text.NVIC_add
                0x08001674       0x60 COMMONRESOURCE\HW_lib\STM32F0_periph\STM32F0_nvic.o
                0x08001674                NVIC_add
 .text.NVIC_rmv
                0x080016d4       0x44 COMMONRESOURCE\HW_lib\STM32F0_periph\STM32F0_nvic.o
                0x080016d4                NVIC_rmv
 .text.SPI_setup
                0x08001718       0xe8 COMMONRESOURCE\HW_lib\STM32F0_periph\STM32F0_spi.o
                0x08001718                SPI_setup
 .text.SPI_stopClkSrc
                0x08001800        0xe COMMONRESOURCE\HW_lib\STM32F0_periph\STM32F0_spi.o
                0x08001800                SPI_stopClkSrc
 .text.SPI_runClkSrc
                0x0800180e        0xe COMMONRESOURCE\HW_lib\STM32F0_periph\STM32F0_spi.o
                0x0800180e                SPI_runClkSrc
 .text.SPI_wr1Byte
                0x0800181c       0x2c COMMONRESOURCE\HW_lib\STM32F0_periph\STM32F0_spi.o
                0x0800181c                SPI_wr1Byte
 .text.TIM_setup
                0x08001848      0x118 COMMONRESOURCE\HW_lib\STM32F0_periph\STM32F0_tim.o
                0x08001848                TIM_setup
 .text.TIM_getCt
                0x08001960       0x24 COMMONRESOURCE\HW_lib\STM32F0_periph\STM32F0_tim.o
                0x08001960                TIM_getCt
 .text.TIM_setCt
                0x08001984       0x20 COMMONRESOURCE\HW_lib\STM32F0_periph\STM32F0_tim.o
                0x08001984                TIM_setCt
 .text.TIM3_IRQHandler
                0x080019a4       0x34 COMMONRESOURCE\HW_lib\STM32F0_periph\STM32F0_tim.o
                0x080019a4                TIM3_IRQHandler
 .text.UART_readc_pseudo
                0x080019d8        0x2 COMMONRESOURCE\HW_lib\STM32F0_periph\STM32F0_uart.o
 *fill*         0x080019da        0x2 
 .text.UART_setup
                0x080019dc       0xd8 COMMONRESOURCE\HW_lib\STM32F0_periph\STM32F0_uart.o
                0x080019dc                UART_setup
 .text.UART_sendc
                0x08001ab4       0x50 COMMONRESOURCE\HW_lib\STM32F0_periph\STM32F0_uart.o
                0x08001ab4                UART_sendc
 .text.USART1_IRQHandler
                0x08001b04       0x30 COMMONRESOURCE\HW_lib\STM32F0_periph\STM32F0_uart.o
                0x08001b04                USART1_IRQHandler
 .text.RTOS_enterIRQ
                0x08001b34        0x2 COMMONRESOURCE\HW_lib\additionalIRQhdler.o
                0x08001b34                RTOS_enterIRQ
 .text.RTOS_exitIRQ
                0x08001b36        0x2 COMMONRESOURCE\HW_lib\additionalIRQhdler.o
                0x08001b36                RTOS_exitIRQ
 .text.dbgPrt_nothing
                0x08001b38        0x6 COMMONRESOURCE\HW_lib\nRF24L01.o
 *fill*         0x08001b3e        0x2 
 .text.nRF24L01_wrt
                0x08001b40       0x3c COMMONRESOURCE\HW_lib\nRF24L01.o
 .text.nRF24L01_rd
                0x08001b7c       0x44 COMMONRESOURCE\HW_lib\nRF24L01.o
 .text.nRF24L01_setup
                0x08001bc0       0x24 COMMONRESOURCE\HW_lib\nRF24L01.o
                0x08001bc0                nRF24L01_setup
 .text.nRF24L01_ini
                0x08001be4      0x270 COMMONRESOURCE\HW_lib\nRF24L01.o
                0x08001be4                nRF24L01_ini
 .text.nRF24L01_snd
                0x08001e54      0x154 COMMONRESOURCE\HW_lib\nRF24L01.o
                0x08001e54                nRF24L01_snd
 .text.nRF24L01_pwrDown
                0x08001fa8       0x50 COMMONRESOURCE\HW_lib\nRF24L01.o
                0x08001fa8                nRF24L01_pwrDown
 .text.nRF24L01_exitRXmode
                0x08001ff8       0x44 COMMONRESOURCE\HW_lib\nRF24L01.o
                0x08001ff8                nRF24L01_exitRXmode
 .text.nRF24L01_recv
                0x0800203c      0x144 COMMONRESOURCE\HW_lib\nRF24L01.o
                0x0800203c                nRF24L01_recv
 .text.DBG_print_null
                0x08002180        0x2 COMMONRESOURCE\SW_lib\dbgPrint.o
 *fill*         0x08002182        0x2 
 .text.DBG_print_c
                0x08002184       0x10 COMMONRESOURCE\SW_lib\dbgPrint.o
 .text.DBG_print_u
                0x08002194       0x7a COMMONRESOURCE\SW_lib\dbgPrint.o
 .text.DBG_print_h
                0x0800220e       0x8a COMMONRESOURCE\SW_lib\dbgPrint.o
 .text.DBG_print_hs
                0x08002298       0x40 COMMONRESOURCE\SW_lib\dbgPrint.o
 .text.DBG_setup
                0x080022d8       0x2c COMMONRESOURCE\SW_lib\dbgPrint.o
                0x080022d8                DBG_setup
 .text.DBG_print
                0x08002304      0x214 COMMONRESOURCE\SW_lib\dbgPrint.o
                0x08002304                DBG_print
 .text.EXTI_Init
                0x08002518       0x64 Drivers\STM32F0xx_StdPeriph_Driver\src\stm32f0xx_exti.o
                0x08002518                EXTI_Init
 .text.EXTI_GetITStatus
                0x0800257c       0x14 Drivers\STM32F0xx_StdPeriph_Driver\src\stm32f0xx_exti.o
                0x0800257c                EXTI_GetITStatus
 .text.EXTI_ClearITPendingBit
                0x08002590        0xc Drivers\STM32F0xx_StdPeriph_Driver\src\stm32f0xx_exti.o
                0x08002590                EXTI_ClearITPendingBit
 .text.FLASH_PrefetchBufferCmd
                0x0800259c       0x1c Drivers\STM32F0xx_StdPeriph_Driver\src\stm32f0xx_flash.o
                0x0800259c                FLASH_PrefetchBufferCmd
 .text.FLASH_Unlock
                0x080025b8       0x20 Drivers\STM32F0xx_StdPeriph_Driver\src\stm32f0xx_flash.o
                0x080025b8                FLASH_Unlock
 .text.FLASH_Lock
                0x080025d8       0x10 Drivers\STM32F0xx_StdPeriph_Driver\src\stm32f0xx_flash.o
                0x080025d8                FLASH_Lock
 .text.FLASH_ClearFlag
                0x080025e8        0xc Drivers\STM32F0xx_StdPeriph_Driver\src\stm32f0xx_flash.o
                0x080025e8                FLASH_ClearFlag
 .text.FLASH_GetStatus
                0x080025f4       0x24 Drivers\STM32F0xx_StdPeriph_Driver\src\stm32f0xx_flash.o
                0x080025f4                FLASH_GetStatus
 .text.FLASH_WaitForLastOperation
                0x08002618       0x24 Drivers\STM32F0xx_StdPeriph_Driver\src\stm32f0xx_flash.o
                0x08002618                FLASH_WaitForLastOperation
 .text.FLASH_ErasePage
                0x0800263c       0x38 Drivers\STM32F0xx_StdPeriph_Driver\src\stm32f0xx_flash.o
                0x0800263c                FLASH_ErasePage
 .text.FLASH_ProgramWord
                0x08002674       0x50 Drivers\STM32F0xx_StdPeriph_Driver\src\stm32f0xx_flash.o
                0x08002674                FLASH_ProgramWord
 .text.GPIO_Init
                0x080026c4       0x78 Drivers\STM32F0xx_StdPeriph_Driver\src\stm32f0xx_gpio.o
                0x080026c4                GPIO_Init
 .text.GPIO_StructInit
                0x0800273c       0x18 Drivers\STM32F0xx_StdPeriph_Driver\src\stm32f0xx_gpio.o
                0x0800273c                GPIO_StructInit
 .text.GPIO_ReadInputDataBit
                0x08002754        0xc Drivers\STM32F0xx_StdPeriph_Driver\src\stm32f0xx_gpio.o
                0x08002754                GPIO_ReadInputDataBit
 .text.GPIO_WriteBit
                0x08002760        0xc Drivers\STM32F0xx_StdPeriph_Driver\src\stm32f0xx_gpio.o
                0x08002760                GPIO_WriteBit
 .text.GPIO_PinAFConfig
                0x0800276c       0x22 Drivers\STM32F0xx_StdPeriph_Driver\src\stm32f0xx_gpio.o
                0x0800276c                GPIO_PinAFConfig
 *fill*         0x0800278e        0x2 
 .text.NVIC_Init
                0x08002790       0x58 Drivers\STM32F0xx_StdPeriph_Driver\src\stm32f0xx_misc.o
                0x08002790                NVIC_Init
 .text.PWR_WakeUpPinCmd
                0x080027e8       0x18 Drivers\STM32F0xx_StdPeriph_Driver\src\stm32f0xx_pwr.o
                0x080027e8                PWR_WakeUpPinCmd
 .text.RCC_HSEConfig
                0x08002800       0x10 Drivers\STM32F0xx_StdPeriph_Driver\src\stm32f0xx_rcc.o
                0x08002800                RCC_HSEConfig
 .text.RCC_HSICmd
                0x08002810       0x1c Drivers\STM32F0xx_StdPeriph_Driver\src\stm32f0xx_rcc.o
                0x08002810                RCC_HSICmd
 .text.RCC_PLLCmd
                0x0800282c       0x24 Drivers\STM32F0xx_StdPeriph_Driver\src\stm32f0xx_rcc.o
                0x0800282c                RCC_PLLCmd
 .text.RCC_SYSCLKConfig
                0x08002850       0x14 Drivers\STM32F0xx_StdPeriph_Driver\src\stm32f0xx_rcc.o
                0x08002850                RCC_SYSCLKConfig
 .text.RCC_GetClocksFreq
                0x08002864      0x184 Drivers\STM32F0xx_StdPeriph_Driver\src\stm32f0xx_rcc.o
                0x08002864                RCC_GetClocksFreq
 .text.RCC_AHBPeriphClockCmd
                0x080029e8       0x18 Drivers\STM32F0xx_StdPeriph_Driver\src\stm32f0xx_rcc.o
                0x080029e8                RCC_AHBPeriphClockCmd
 .text.RCC_APB2PeriphClockCmd
                0x08002a00       0x18 Drivers\STM32F0xx_StdPeriph_Driver\src\stm32f0xx_rcc.o
                0x08002a00                RCC_APB2PeriphClockCmd
 .text.RCC_APB1PeriphClockCmd
                0x08002a18       0x18 Drivers\STM32F0xx_StdPeriph_Driver\src\stm32f0xx_rcc.o
                0x08002a18                RCC_APB1PeriphClockCmd
 .text.RCC_APB2PeriphResetCmd
                0x08002a30       0x18 Drivers\STM32F0xx_StdPeriph_Driver\src\stm32f0xx_rcc.o
                0x08002a30                RCC_APB2PeriphResetCmd
 .text.RCC_APB1PeriphResetCmd
                0x08002a48       0x18 Drivers\STM32F0xx_StdPeriph_Driver\src\stm32f0xx_rcc.o
                0x08002a48                RCC_APB1PeriphResetCmd
 .text.SPI_Init
                0x08002a60       0x54 Drivers\STM32F0xx_StdPeriph_Driver\src\stm32f0xx_spi.o
                0x08002a60                SPI_Init
 .text.SPI_Cmd  0x08002ab4       0x14 Drivers\STM32F0xx_StdPeriph_Driver\src\stm32f0xx_spi.o
                0x08002ab4                SPI_Cmd
 .text.SPI_RxFIFOThresholdConfig
                0x08002ac8       0x14 Drivers\STM32F0xx_StdPeriph_Driver\src\stm32f0xx_spi.o
                0x08002ac8                SPI_RxFIFOThresholdConfig
 .text.SPI_SendData8
                0x08002adc        0x4 Drivers\STM32F0xx_StdPeriph_Driver\src\stm32f0xx_spi.o
                0x08002adc                SPI_SendData8
 .text.SPI_ReceiveData8
                0x08002ae0        0x6 Drivers\STM32F0xx_StdPeriph_Driver\src\stm32f0xx_spi.o
                0x08002ae0                SPI_ReceiveData8
 *fill*         0x08002ae6        0x2 
 .text.SPI_CalculateCRC
                0x08002ae8       0x1c Drivers\STM32F0xx_StdPeriph_Driver\src\stm32f0xx_spi.o
                0x08002ae8                SPI_CalculateCRC
 .text.SPI_I2S_GetFlagStatus
                0x08002b04        0xc Drivers\STM32F0xx_StdPeriph_Driver\src\stm32f0xx_spi.o
                0x08002b04                SPI_I2S_GetFlagStatus
 .text.SYSCFG_EXTILineConfig
                0x08002b10       0x28 Drivers\STM32F0xx_StdPeriph_Driver\src\stm32f0xx_syscfg.o
                0x08002b10                SYSCFG_EXTILineConfig
 .text.TIM_TimeBaseInit
                0x08002b38       0x78 Drivers\STM32F0xx_StdPeriph_Driver\src\stm32f0xx_tim.o
                0x08002b38                TIM_TimeBaseInit
 .text.TIM_TimeBaseStructInit
                0x08002bb0       0x12 Drivers\STM32F0xx_StdPeriph_Driver\src\stm32f0xx_tim.o
                0x08002bb0                TIM_TimeBaseStructInit
 .text.TIM_SetCounter
                0x08002bc2        0x4 Drivers\STM32F0xx_StdPeriph_Driver\src\stm32f0xx_tim.o
                0x08002bc2                TIM_SetCounter
 .text.TIM_GetCounter
                0x08002bc6        0x4 Drivers\STM32F0xx_StdPeriph_Driver\src\stm32f0xx_tim.o
                0x08002bc6                TIM_GetCounter
 .text.TIM_Cmd  0x08002bca       0x14 Drivers\STM32F0xx_StdPeriph_Driver\src\stm32f0xx_tim.o
                0x08002bca                TIM_Cmd
 .text.TIM_GetITStatus
                0x08002bde       0x16 Drivers\STM32F0xx_StdPeriph_Driver\src\stm32f0xx_tim.o
                0x08002bde                TIM_GetITStatus
 .text.TIM_ClearITPendingBit
                0x08002bf4        0x8 Drivers\STM32F0xx_StdPeriph_Driver\src\stm32f0xx_tim.o
                0x08002bf4                TIM_ClearITPendingBit
 .text.TIM_DMACmd
                0x08002bfc       0x12 Drivers\STM32F0xx_StdPeriph_Driver\src\stm32f0xx_tim.o
                0x08002bfc                TIM_DMACmd
 .text.TIM_ITConfig
                0x08002c0e        0x8 Drivers\STM32F0xx_StdPeriph_Driver\src\stm32f0xx_tim.o
                0x08002c0e                TIM_ITConfig
 *fill*         0x08002c16        0x2 
 .text.USART_DeInit
                0x08002c18       0xe0 Drivers\STM32F0xx_StdPeriph_Driver\src\stm32f0xx_usart.o
                0x08002c18                USART_DeInit
 .text.USART_Init
                0x08002cf8       0xb8 Drivers\STM32F0xx_StdPeriph_Driver\src\stm32f0xx_usart.o
                0x08002cf8                USART_Init
 .text.USART_Cmd
                0x08002db0       0x14 Drivers\STM32F0xx_StdPeriph_Driver\src\stm32f0xx_usart.o
                0x08002db0                USART_Cmd
 .text.USART_SendData
                0x08002dc4        0x8 Drivers\STM32F0xx_StdPeriph_Driver\src\stm32f0xx_usart.o
                0x08002dc4                USART_SendData
 .text.USART_ReceiveData
                0x08002dcc        0x8 Drivers\STM32F0xx_StdPeriph_Driver\src\stm32f0xx_usart.o
                0x08002dcc                USART_ReceiveData
 .text.USART_ITConfig
                0x08002dd4       0x2e Drivers\STM32F0xx_StdPeriph_Driver\src\stm32f0xx_usart.o
                0x08002dd4                USART_ITConfig
 .text.USART_GetFlagStatus
                0x08002e02        0xc Drivers\STM32F0xx_StdPeriph_Driver\src\stm32f0xx_usart.o
                0x08002e02                USART_GetFlagStatus
 .text.USART_ClearITPendingBit
                0x08002e0e        0xa Drivers\STM32F0xx_StdPeriph_Driver\src\stm32f0xx_usart.o
                0x08002e0e                USART_ClearITPendingBit
 .text.RFprotocol_transmitData_2_bytes
                0x08002e18       0x5e RFprotocol\RFprotocol.o
                0x08002e18                RFprotocol_transmitData_2_bytes
 *fill*         0x08002e76        0x2 
 .text.RFprotocol_bytes_2_ACK
                0x08002e78       0x50 RFprotocol\RFprotocol.o
                0x08002e78                RFprotocol_bytes_2_ACK
 .text.RFprotocol_bytes_2_setUID
                0x08002ec8       0x5c RFprotocol\RFprotocol.o
                0x08002ec8                RFprotocol_bytes_2_setUID
 .text.NVIC_SystemReset
                0x08002f24       0x18 src\main.o
 .text.delay_ms
                0x08002f3c       0x18 src\main.o
 .text.nRF24L01_wCEpin
                0x08002f54       0x14 src\main.o
 .text.nRF24L01_wCSpin
                0x08002f68       0x14 src\main.o
 .text.nRF24L01_wrSPI
                0x08002f7c        0xc src\main.o
 .text.DBG_printc
                0x08002f88        0xc src\main.o
 .text.setup_RFmodule
                0x08002f94       0x7c src\main.o
 .text.transmit_data
                0x08003010       0xa8 src\main.o
                0x08003010                transmit_data
 .text.LED_blink
                0x080030b8       0x32 src\main.o
                0x080030b8                LED_blink
 *fill*         0x080030ea        0x2 
 .text.startup.main
                0x080030ec      0x2c4 src\main.o
                0x080030ec                main
 .text.SysTick_Handler
                0x080033b0      0x124 src\main.o
                0x080033b0                SysTick_Handler
 .text.Reset_Handler
                0x080034d4       0x50 src\startup_stm32f030x6.o
                0x080034d4                Reset_Handler
 .text.Default_Handler
                0x08003524        0x2 src\startup_stm32f030x6.o
                0x08003524                TIM1_CC_IRQHandler
                0x08003524                HardFault_Handler
                0x08003524                PendSV_Handler
                0x08003524                NMI_Handler
                0x08003524                I2C1_IRQHandler
                0x08003524                SPI1_IRQHandler
                0x08003524                ADC1_IRQHandler
                0x08003524                TIM17_IRQHandler
                0x08003524                RTC_IRQHandler
                0x08003524                TIM16_IRQHandler
                0x08003524                RCC_IRQHandler
                0x08003524                DMA1_Channel1_IRQHandler
                0x08003524                Default_Handler
                0x08003524                TIM14_IRQHandler
                0x08003524                DMA1_Channel4_5_IRQHandler
                0x08003524                SVC_Handler
                0x08003524                WWDG_IRQHandler
                0x08003524                DMA1_Channel2_3_IRQHandler
                0x08003524                FLASH_IRQHandler
                0x08003524                TIM1_BRK_UP_TRG_COM_IRQHandler
 *fill*         0x08003526        0x2 
 .text.SystemInit
                0x08003528       0xf8 src\system_stm32f0xx.o
                0x08003528                SystemInit
 .text.atoi     0x08003620        0xc c:/program files (x86)/atollic/truestudio for stm32 9.0.0/armtools/bin/../lib/gcc/arm-atollic-eabi/6.3.1/../../../../arm-atollic-eabi/lib/armv6-m\libc_nano.a(lib_a-atoi.o)
                0x08003620                atoi
 .text.__libc_init_array
                0x0800362c       0x48 c:/program files (x86)/atollic/truestudio for stm32 9.0.0/armtools/bin/../lib/gcc/arm-atollic-eabi/6.3.1/../../../../arm-atollic-eabi/lib/armv6-m\libc_nano.a(lib_a-init.o)
                0x0800362c                __libc_init_array
 .text.memcmp   0x08003674       0x1e c:/program files (x86)/atollic/truestudio for stm32 9.0.0/armtools/bin/../lib/gcc/arm-atollic-eabi/6.3.1/../../../../arm-atollic-eabi/lib/armv6-m\libc_nano.a(lib_a-memcmp.o)
                0x08003674                memcmp
 .text.memcpy   0x08003692       0x12 c:/program files (x86)/atollic/truestudio for stm32 9.0.0/armtools/bin/../lib/gcc/arm-atollic-eabi/6.3.1/../../../../arm-atollic-eabi/lib/armv6-m\libc_nano.a(lib_a-memcpy-stub.o)
                0x08003692                memcpy
 .text.memset   0x080036a4       0x10 c:/program files (x86)/atollic/truestudio for stm32 9.0.0/armtools/bin/../lib/gcc/arm-atollic-eabi/6.3.1/../../../../arm-atollic-eabi/lib/armv6-m\libc_nano.a(lib_a-memset.o)
                0x080036a4                memset
 .text.snprintf
                0x080036b4       0x64 c:/program files (x86)/atollic/truestudio for stm32 9.0.0/armtools/bin/../lib/gcc/arm-atollic-eabi/6.3.1/../../../../arm-atollic-eabi/lib/armv6-m\libc_nano.a(lib_a-snprintf.o)
                0x080036b4                sniprintf
                0x080036b4                snprintf
 .text._strtol_l.isra.0
                0x08003718      0x10c c:/program files (x86)/atollic/truestudio for stm32 9.0.0/armtools/bin/../lib/gcc/arm-atollic-eabi/6.3.1/../../../../arm-atollic-eabi/lib/armv6-m\libc_nano.a(lib_a-strtol.o)
 .text.strtol   0x08003824       0x28 c:/program files (x86)/atollic/truestudio for stm32 9.0.0/armtools/bin/../lib/gcc/arm-atollic-eabi/6.3.1/../../../../arm-atollic-eabi/lib/armv6-m\libc_nano.a(lib_a-strtol.o)
                0x08003824                strtol
 .text.__locale_ctype_ptr_l
                0x0800384c        0x6 c:/program files (x86)/atollic/truestudio for stm32 9.0.0/armtools/bin/../lib/gcc/arm-atollic-eabi/6.3.1/../../../../arm-atollic-eabi/lib/armv6-m\libc_nano.a(lib_a-locale.o)
                0x0800384c                __locale_ctype_ptr_l
 .text.__ascii_mbtowc
                0x08003852       0x24 c:/program files (x86)/atollic/truestudio for stm32 9.0.0/armtools/bin/../lib/gcc/arm-atollic-eabi/6.3.1/../../../../arm-atollic-eabi/lib/armv6-m\libc_nano.a(lib_a-mbtowc_r.o)
                0x08003852                __ascii_mbtowc
 *fill*         0x08003876        0x2 
 .text._malloc_r
                0x08003878       0xbc c:/program files (x86)/atollic/truestudio for stm32 9.0.0/armtools/bin/../lib/gcc/arm-atollic-eabi/6.3.1/../../../../arm-atollic-eabi/lib/armv6-m\libc_nano.a(lib_a-nano-mallocr.o)
                0x08003878                _malloc_r
 .text.__ssputs_r
                0x08003934       0xc4 c:/program files (x86)/atollic/truestudio for stm32 9.0.0/armtools/bin/../lib/gcc/arm-atollic-eabi/6.3.1/../../../../arm-atollic-eabi/lib/armv6-m\libc_nano.a(lib_a-nano-svfprintf.o)
                0x08003934                __ssputs_r
 .text._svfprintf_r
                0x080039f8      0x208 c:/program files (x86)/atollic/truestudio for stm32 9.0.0/armtools/bin/../lib/gcc/arm-atollic-eabi/6.3.1/../../../../arm-atollic-eabi/lib/armv6-m\libc_nano.a(lib_a-nano-svfprintf.o)
                0x080039f8                _svfiprintf_r
                0x080039f8                _svfprintf_r
 .text._printf_common
                0x08003c00       0xda c:/program files (x86)/atollic/truestudio for stm32 9.0.0/armtools/bin/../lib/gcc/arm-atollic-eabi/6.3.1/../../../../arm-atollic-eabi/lib/armv6-m\libc_nano.a(lib_a-nano-vfprintf_i.o)
                0x08003c00                _printf_common
 *fill*         0x08003cda        0x2 
 .text._printf_i
                0x08003cdc      0x234 c:/program files (x86)/atollic/truestudio for stm32 9.0.0/armtools/bin/../lib/gcc/arm-atollic-eabi/6.3.1/../../../../arm-atollic-eabi/lib/armv6-m\libc_nano.a(lib_a-nano-vfprintf_i.o)
                0x08003cdc                _printf_i
 .text._sbrk_r  0x08003f10       0x24 c:/program files (x86)/atollic/truestudio for stm32 9.0.0/armtools/bin/../lib/gcc/arm-atollic-eabi/6.3.1/../../../../arm-atollic-eabi/lib/armv6-m\libc_nano.a(lib_a-sbrkr.o)
                0x08003f10                _sbrk_r
 .text.__ascii_wctomb
                0x08003f34       0x18 c:/program files (x86)/atollic/truestudio for stm32 9.0.0/armtools/bin/../lib/gcc/arm-atollic-eabi/6.3.1/../../../../arm-atollic-eabi/lib/armv6-m\libc_nano.a(lib_a-wctomb_r.o)
                0x08003f34                __ascii_wctomb
 .text.memchr   0x08003f4c       0x16 c:/program files (x86)/atollic/truestudio for stm32 9.0.0/armtools/bin/../lib/gcc/arm-atollic-eabi/6.3.1/../../../../arm-atollic-eabi/lib/armv6-m\libc_nano.a(lib_a-memchr-stub.o)
                0x08003f4c                memchr
 .text.memmove  0x08003f62       0x24 c:/program files (x86)/atollic/truestudio for stm32 9.0.0/armtools/bin/../lib/gcc/arm-atollic-eabi/6.3.1/../../../../arm-atollic-eabi/lib/armv6-m\libc_nano.a(lib_a-memmove.o)
                0x08003f62                memmove
 .text.__malloc_lock
                0x08003f86        0x2 c:/program files (x86)/atollic/truestudio for stm32 9.0.0/armtools/bin/../lib/gcc/arm-atollic-eabi/6.3.1/../../../../arm-atollic-eabi/lib/armv6-m\libc_nano.a(lib_a-mlock.o)
                0x08003f86                __malloc_lock
 .text.__malloc_unlock
                0x08003f88        0x2 c:/program files (x86)/atollic/truestudio for stm32 9.0.0/armtools/bin/../lib/gcc/arm-atollic-eabi/6.3.1/../../../../arm-atollic-eabi/lib/armv6-m\libc_nano.a(lib_a-mlock.o)
                0x08003f88                __malloc_unlock
 *fill*         0x08003f8a        0x2 
 .text._free_r  0x08003f8c       0x94 c:/program files (x86)/atollic/truestudio for stm32 9.0.0/armtools/bin/../lib/gcc/arm-atollic-eabi/6.3.1/../../../../arm-atollic-eabi/lib/armv6-m\libc_nano.a(lib_a-nano-freer.o)
                0x08003f8c                _free_r
 .text._realloc_r
                0x08004020       0x4c c:/program files (x86)/atollic/truestudio for stm32 9.0.0/armtools/bin/../lib/gcc/arm-atollic-eabi/6.3.1/../../../../arm-atollic-eabi/lib/armv6-m\libc_nano.a(lib_a-nano-reallocr.o)
                0x08004020                _realloc_r
 .text._malloc_usable_size_r
                0x0800406c       0x10 c:/program files (x86)/atollic/truestudio for stm32 9.0.0/armtools/bin/../lib/gcc/arm-atollic-eabi/6.3.1/../../../../arm-atollic-eabi/lib/armv6-m\libc_nano.a(lib_a-nano-msizer.o)
                0x0800406c                _malloc_usable_size_r
 .text._sbrk    0x0800407c       0x20 c:/program files (x86)/atollic/truestudio for stm32 9.0.0/armtools/bin/../lib/gcc/arm-atollic-eabi/6.3.1/../../../../arm-atollic-eabi/lib/armv6-m\libnosys.a(sbrk.o)
                0x0800407c                _sbrk
 *(.glue_7)
 .glue_7        0x0800409c        0x0 linker stubs
 *(.glue_7t)
 .glue_7t       0x0800409c        0x0 linker stubs
 *(.eh_frame)
 .eh_frame      0x0800409c        0x0 c:/program files (x86)/atollic/truestudio for stm32 9.0.0/armtools/bin/../lib/gcc/arm-atollic-eabi/6.3.1/armv6-m/crtbegin.o
 *(.init)
 .init          0x0800409c        0x4 c:/program files (x86)/atollic/truestudio for stm32 9.0.0/armtools/bin/../lib/gcc/arm-atollic-eabi/6.3.1/armv6-m/crti.o
                0x0800409c                _init
 .init          0x080040a0        0x8 c:/program files (x86)/atollic/truestudio for stm32 9.0.0/armtools/bin/../lib/gcc/arm-atollic-eabi/6.3.1/armv6-m/crtn.o
 *(.fini)
 .fini          0x080040a8        0x4 c:/program files (x86)/atollic/truestudio for stm32 9.0.0/armtools/bin/../lib/gcc/arm-atollic-eabi/6.3.1/armv6-m/crti.o
                0x080040a8                _fini
 .fini          0x080040ac        0x8 c:/program files (x86)/atollic/truestudio for stm32 9.0.0/armtools/bin/../lib/gcc/arm-atollic-eabi/6.3.1/armv6-m/crtn.o
                0x080040b4                . = ALIGN (0x4)
                0x080040b4                _etext = .

.vfp11_veneer   0x080040b4        0x0
 .vfp11_veneer  0x080040b4        0x0 linker stubs

.v4_bx          0x080040b4        0x0
 .v4_bx         0x080040b4        0x0 linker stubs

.iplt           0x080040b4        0x0
 .iplt          0x080040b4        0x0 c:/program files (x86)/atollic/truestudio for stm32 9.0.0/armtools/bin/../lib/gcc/arm-atollic-eabi/6.3.1/armv6-m/crtbegin.o

.rodata         0x080040b4      0x374
                0x080040b4                . = ALIGN (0x4)
 *(.rodata)
 .rodata        0x080040b4       0x40 c:/program files (x86)/atollic/truestudio for stm32 9.0.0/armtools/bin/../lib/gcc/arm-atollic-eabi/6.3.1/armv6-m\libgcc.a(muldf3.o)
 *(.rodata*)
 .rodata.__func__.4674
                0x080040f4        0xd COMMONRESOURCE\HW_lib\nRF24L01.o
 .rodata.__func__.4697
                0x08004101        0xd COMMONRESOURCE\HW_lib\nRF24L01.o
 .rodata.__func__.4705
                0x0800410e       0x11 COMMONRESOURCE\HW_lib\nRF24L01.o
 .rodata.__func__.4724
                0x0800411f        0xe COMMONRESOURCE\HW_lib\nRF24L01.o
 .rodata.nRF24L01_ini.str1.1
                0x0800412d       0x3a COMMONRESOURCE\HW_lib\nRF24L01.o
 .rodata.nRF24L01_pwrDown.str1.1
                0x08004167       0x18 COMMONRESOURCE\HW_lib\nRF24L01.o
 .rodata.nRF24L01_recv.str1.1
                0x0800417f       0x3e COMMONRESOURCE\HW_lib\nRF24L01.o
 .rodata.nRF24L01_snd.str1.1
                0x080041bd       0x75 COMMONRESOURCE\HW_lib\nRF24L01.o
                                 0x7d (size before relaxing)
 .rodata.RFprotocol_bytes_2_transmitData.str1.1
                0x08004232       0x10 RFprotocol\RFprotocol.o
 .rodata.__func__.6800
                0x08004242        0xe src\main.o
 .rodata.__func__.6840
                0x08004250       0x19 src\main.o
 .rodata.__func__.6849
                0x08004269        0xf src\main.o
 .rodata.main.str1.1
                0x08004278       0x53 src\main.o
                                 0x56 (size before relaxing)
 .rodata.setup_RFmodule.str1.1
                0x080042cb        0xd src\main.o
 .rodata.transmit_data.str1.1
                0x080042d8       0x10 src\main.o
 .rodata._setlocale_r.str1.1
                0x080042e8        0x8 c:/program files (x86)/atollic/truestudio for stm32 9.0.0/armtools/bin/../lib/gcc/arm-atollic-eabi/6.3.1/../../../../arm-atollic-eabi/lib/armv6-m\libc_nano.a(lib_a-locale.o)
                                  0x9 (size before relaxing)
 .rodata.str1.1
                0x080042f0        0x2 c:/program files (x86)/atollic/truestudio for stm32 9.0.0/armtools/bin/../lib/gcc/arm-atollic-eabi/6.3.1/../../../../arm-atollic-eabi/lib/armv6-m\libc_nano.a(lib_a-locale.o)
 .rodata._svfprintf_r.str1.1
                0x080042f2       0x11 c:/program files (x86)/atollic/truestudio for stm32 9.0.0/armtools/bin/../lib/gcc/arm-atollic-eabi/6.3.1/../../../../arm-atollic-eabi/lib/armv6-m\libc_nano.a(lib_a-nano-svfprintf.o)
 .rodata._printf_i.str1.1
                0x08004303       0x22 c:/program files (x86)/atollic/truestudio for stm32 9.0.0/armtools/bin/../lib/gcc/arm-atollic-eabi/6.3.1/../../../../arm-atollic-eabi/lib/armv6-m\libc_nano.a(lib_a-nano-vfprintf_i.o)
 .rodata._ctype_
                0x08004325      0x101 c:/program files (x86)/atollic/truestudio for stm32 9.0.0/armtools/bin/../lib/gcc/arm-atollic-eabi/6.3.1/../../../../arm-atollic-eabi/lib/armv6-m\libc_nano.a(lib_a-ctype_.o)
                0x08004325                _ctype_
                0x08004428                . = ALIGN (0x4)
 *fill*         0x08004426        0x2 

.rel.dyn        0x08004428        0x0
 .rel.iplt      0x08004428        0x0 c:/program files (x86)/atollic/truestudio for stm32 9.0.0/armtools/bin/../lib/gcc/arm-atollic-eabi/6.3.1/armv6-m/crtbegin.o

.ARM.extab
 *(.ARM.extab* .gnu.linkonce.armextab.*)

.ARM            0x08004428        0x0
                0x08004428                __exidx_start = .
 *(.ARM.exidx*)
                0x08004428                __exidx_end = .

.preinit_array  0x08004428        0x0
                0x08004428                PROVIDE (__preinit_array_start, .)
 *(.preinit_array*)
                0x08004428                PROVIDE (__preinit_array_end, .)

.init_array     0x08004428        0x4
                0x08004428                PROVIDE (__init_array_start, .)
 *(SORT(.init_array.*))
 *(.init_array*)
 .init_array    0x08004428        0x4 c:/program files (x86)/atollic/truestudio for stm32 9.0.0/armtools/bin/../lib/gcc/arm-atollic-eabi/6.3.1/armv6-m/crtbegin.o
                0x0800442c                PROVIDE (__init_array_end, .)

.fini_array     0x0800442c        0x4
                [!provide]                PROVIDE (__fini_array_start, .)
 *(SORT(.fini_array.*))
 *(.fini_array*)
 .fini_array    0x0800442c        0x4 c:/program files (x86)/atollic/truestudio for stm32 9.0.0/armtools/bin/../lib/gcc/arm-atollic-eabi/6.3.1/armv6-m/crtbegin.o
                [!provide]                PROVIDE (__fini_array_end, .)
                0x08004430                _sidata = LOADADDR (.data)

.data           0x20000000      0x1f0 load address 0x08004430
                0x20000000                . = ALIGN (0x4)
                0x20000000                _sdata = .
 *(.data)
 *(.data*)
 .data.nRF24L01_dbgPrt
                0x20000000        0x4 COMMONRESOURCE\HW_lib\nRF24L01.o
 .data.DBG_printcCB
                0x20000004        0x4 COMMONRESOURCE\SW_lib\dbgPrint.o
 .data.APBAHBPrescTable
                0x20000008       0x10 Drivers\STM32F0xx_StdPeriph_Driver\src\stm32f0xx_rcc.o
 .data.t_RFsent
                0x20000018        0x4 src\main.o
 .data.t_pressKey
                0x2000001c        0x4 src\main.o
 .data._impure_ptr
                0x20000020        0x4 c:/program files (x86)/atollic/truestudio for stm32 9.0.0/armtools/bin/../lib/gcc/arm-atollic-eabi/6.3.1/../../../../arm-atollic-eabi/lib/armv6-m\libc_nano.a(lib_a-impure.o)
                0x20000020                _impure_ptr
 .data.impure_data
                0x20000024       0x60 c:/program files (x86)/atollic/truestudio for stm32 9.0.0/armtools/bin/../lib/gcc/arm-atollic-eabi/6.3.1/../../../../arm-atollic-eabi/lib/armv6-m\libc_nano.a(lib_a-impure.o)
 .data.__global_locale
                0x20000084      0x16c c:/program files (x86)/atollic/truestudio for stm32 9.0.0/armtools/bin/../lib/gcc/arm-atollic-eabi/6.3.1/../../../../arm-atollic-eabi/lib/armv6-m\libc_nano.a(lib_a-locale.o)
                0x20000084                __global_locale
                0x200001f0                . = ALIGN (0x4)
                0x200001f0                _edata = .

.igot.plt       0x200001f0        0x0 load address 0x08004620
 .igot.plt      0x200001f0        0x0 c:/program files (x86)/atollic/truestudio for stm32 9.0.0/armtools/bin/../lib/gcc/arm-atollic-eabi/6.3.1/armv6-m/crtbegin.o
                0x200001f0                . = ALIGN (0x4)

.bss            0x200001f0      0x100 load address 0x08004620
                0x200001f0                _sbss = .
                0x200001f0                __bss_start__ = _sbss
 *(.bss)
 .bss           0x200001f0       0x1c c:/program files (x86)/atollic/truestudio for stm32 9.0.0/armtools/bin/../lib/gcc/arm-atollic-eabi/6.3.1/armv6-m/crtbegin.o
 *(.bss*)
 .bss.IFLASH_delay10ms
                0x2000020c        0x4 COMMONRESOURCE\HW_lib\STM32F0_periph\STM32F0_flash.o
 .bss.flashIsBusy
                0x20000210        0x1 COMMONRESOURCE\HW_lib\STM32F0_periph\STM32F0_flash.o
 *fill*         0x20000211        0x3 
 .bss.IO_EXTI_int
                0x20000214       0x3c COMMONRESOURCE\HW_lib\STM32F0_periph\STM32F0_io.o
 .bss.NVIC_mngrlist
                0x20000250       0x2d COMMONRESOURCE\HW_lib\STM32F0_periph\STM32F0_nvic.o
 .bss.NVIC_mngrlist_index
                0x2000027d        0x1 COMMONRESOURCE\HW_lib\STM32F0_periph\STM32F0_nvic.o
 *fill*         0x2000027e        0x2 
 .bss.RCC_Clocks
                0x20000280       0x28 COMMONRESOURCE\HW_lib\STM32F0_periph\STM32F0_tim.o
 .bss.TIM1_tick
                0x200002a8        0x4 COMMONRESOURCE\HW_lib\STM32F0_periph\STM32F0_tim.o
 .bss.TIM3_tick
                0x200002ac        0x4 COMMONRESOURCE\HW_lib\STM32F0_periph\STM32F0_tim.o
 .bss.UART1_readc
                0x200002b0        0x4 COMMONRESOURCE\HW_lib\STM32F0_periph\STM32F0_uart.o
 .bss.enACK     0x200002b4        0x1 COMMONRESOURCE\HW_lib\nRF24L01.o
 *fill*         0x200002b5        0x3 
 .bss.nRF24L01_delayms
                0x200002b8        0x4 COMMONRESOURCE\HW_lib\nRF24L01.o
 .bss.nRF24L01_wCEpin
                0x200002bc        0x4 COMMONRESOURCE\HW_lib\nRF24L01.o
 .bss.nRF24L01_wCSpin
                0x200002c0        0x4 COMMONRESOURCE\HW_lib\nRF24L01.o
 .bss.nRF24L01_wrSPI
                0x200002c4        0x4 COMMONRESOURCE\HW_lib\nRF24L01.o
 .bss.DBGbusy   0x200002c8        0x1 COMMONRESOURCE\SW_lib\dbgPrint.o
 *fill*         0x200002c9        0x3 
 .bss.REMOTE_UID
                0x200002cc        0x4 src\main.o
 .bss.countKey1
                0x200002d0        0x1 src\main.o
 .bss.countKey2
                0x200002d1        0x1 src\main.o
 *fill*         0x200002d2        0x2 
 .bss.delayms_timerTick
                0x200002d4        0x4 src\main.o
 .bss.eraseRemoteUID
                0x200002d8        0x1 src\main.o
 .bss.key_2send
                0x200002d9        0x1 src\main.o
 .bss.lastKey   0x200002da        0x1 src\main.o
 .bss.nRF24L01_rdy
                0x200002db        0x1 src\main.o
 .bss.timerCtUp
                0x200002dc        0x4 src\main.o
 .bss.__malloc_free_list
                0x200002e0        0x4 c:/program files (x86)/atollic/truestudio for stm32 9.0.0/armtools/bin/../lib/gcc/arm-atollic-eabi/6.3.1/../../../../arm-atollic-eabi/lib/armv6-m\libc_nano.a(lib_a-nano-mallocr.o)
                0x200002e0                __malloc_free_list
 .bss.__malloc_sbrk_start
                0x200002e4        0x4 c:/program files (x86)/atollic/truestudio for stm32 9.0.0/armtools/bin/../lib/gcc/arm-atollic-eabi/6.3.1/../../../../arm-atollic-eabi/lib/armv6-m\libc_nano.a(lib_a-nano-mallocr.o)
                0x200002e4                __malloc_sbrk_start
 .bss.heap_end.4116
                0x200002e8        0x4 c:/program files (x86)/atollic/truestudio for stm32 9.0.0/armtools/bin/../lib/gcc/arm-atollic-eabi/6.3.1/../../../../arm-atollic-eabi/lib/armv6-m\libnosys.a(sbrk.o)
 *(COMMON)
 COMMON         0x200002ec        0x4 c:/program files (x86)/atollic/truestudio for stm32 9.0.0/armtools/bin/../lib/gcc/arm-atollic-eabi/6.3.1/../../../../arm-atollic-eabi/lib/armv6-m\libc_nano.a(lib_a-reent.o)
                0x200002ec                errno
                0x200002f0                . = ALIGN (0x4)
                0x200002f0                _ebss = .
                0x200002f0                __bss_end__ = _ebss

._user_heap_stack
                0x200002f0       0x80 load address 0x08004620
                0x200002f0                . = ALIGN (0x4)
                0x200002f0                PROVIDE (end, .)
                [!provide]                PROVIDE (_end, .)
                0x200002f0                . = (. + _Min_Heap_Size)
                0x20000370                . = (. + _Min_Stack_Size)
 *fill*         0x200002f0       0x80 
                0x20000370                . = ALIGN (0x4)

.memory_b1_text
 *(.mb1text)
 *(.mb1text*)
 *(.mb1rodata)
 *(.mb1rodata*)

/DISCARD/
 libc.a(*)
 libm.a(*)
 libgcc.a(*)

.ARM.attributes
                0x00000000       0x28
 *(.ARM.attributes)
 .ARM.attributes
                0x00000000       0x1e c:/program files (x86)/atollic/truestudio for stm32 9.0.0/armtools/bin/../lib/gcc/arm-atollic-eabi/6.3.1/armv6-m/crti.o
 .ARM.attributes
                0x0000001e       0x2c c:/program files (x86)/atollic/truestudio for stm32 9.0.0/armtools/bin/../lib/gcc/arm-atollic-eabi/6.3.1/armv6-m/crtbegin.o
 .ARM.attributes
                0x0000004a       0x31 COMMONRESOURCE\HW_lib\STM32F0_periph\STM32F0_flash.o
 .ARM.attributes
                0x0000007b       0x31 COMMONRESOURCE\HW_lib\STM32F0_periph\STM32F0_io.o
 .ARM.attributes
                0x000000ac       0x31 COMMONRESOURCE\HW_lib\STM32F0_periph\STM32F0_nvic.o
 .ARM.attributes
                0x000000dd       0x31 COMMONRESOURCE\HW_lib\STM32F0_periph\STM32F0_spi.o
 .ARM.attributes
                0x0000010e       0x31 COMMONRESOURCE\HW_lib\STM32F0_periph\STM32F0_tim.o
 .ARM.attributes
                0x0000013f       0x31 COMMONRESOURCE\HW_lib\STM32F0_periph\STM32F0_uart.o
 .ARM.attributes
                0x00000170       0x31 COMMONRESOURCE\HW_lib\additionalIRQhdler.o
 .ARM.attributes
                0x000001a1       0x31 COMMONRESOURCE\HW_lib\nRF24L01.o
 .ARM.attributes
                0x000001d2       0x31 COMMONRESOURCE\SW_lib\dbgPrint.o
 .ARM.attributes
                0x00000203       0x31 Drivers\STM32F0xx_StdPeriph_Driver\src\stm32f0xx_exti.o
 .ARM.attributes
                0x00000234       0x31 Drivers\STM32F0xx_StdPeriph_Driver\src\stm32f0xx_flash.o
 .ARM.attributes
                0x00000265       0x31 Drivers\STM32F0xx_StdPeriph_Driver\src\stm32f0xx_gpio.o
 .ARM.attributes
                0x00000296       0x31 Drivers\STM32F0xx_StdPeriph_Driver\src\stm32f0xx_misc.o
 .ARM.attributes
                0x000002c7       0x31 Drivers\STM32F0xx_StdPeriph_Driver\src\stm32f0xx_pwr.o
 .ARM.attributes
                0x000002f8       0x31 Drivers\STM32F0xx_StdPeriph_Driver\src\stm32f0xx_rcc.o
 .ARM.attributes
                0x00000329       0x31 Drivers\STM32F0xx_StdPeriph_Driver\src\stm32f0xx_spi.o
 .ARM.attributes
                0x0000035a       0x31 Drivers\STM32F0xx_StdPeriph_Driver\src\stm32f0xx_syscfg.o
 .ARM.attributes
                0x0000038b       0x31 Drivers\STM32F0xx_StdPeriph_Driver\src\stm32f0xx_tim.o
 .ARM.attributes
                0x000003bc       0x31 Drivers\STM32F0xx_StdPeriph_Driver\src\stm32f0xx_usart.o
 .ARM.attributes
                0x000003ed       0x31 RFprotocol\RFprotocol.o
 .ARM.attributes
                0x0000041e       0x31 src\main.o
 .ARM.attributes
                0x0000044f       0x21 src\startup_stm32f030x6.o
 .ARM.attributes
                0x00000470       0x31 src\system_stm32f0xx.o
 .ARM.attributes
                0x000004a1       0x2c c:/program files (x86)/atollic/truestudio for stm32 9.0.0/armtools/bin/../lib/gcc/arm-atollic-eabi/6.3.1/../../../../arm-atollic-eabi/lib/armv6-m\libc_nano.a(lib_a-atoi.o)
 .ARM.attributes
                0x000004cd       0x2c c:/program files (x86)/atollic/truestudio for stm32 9.0.0/armtools/bin/../lib/gcc/arm-atollic-eabi/6.3.1/../../../../arm-atollic-eabi/lib/armv6-m\libc_nano.a(lib_a-init.o)
 .ARM.attributes
                0x000004f9       0x2c c:/program files (x86)/atollic/truestudio for stm32 9.0.0/armtools/bin/../lib/gcc/arm-atollic-eabi/6.3.1/../../../../arm-atollic-eabi/lib/armv6-m\libc_nano.a(lib_a-memcmp.o)
 .ARM.attributes
                0x00000525       0x2c c:/program files (x86)/atollic/truestudio for stm32 9.0.0/armtools/bin/../lib/gcc/arm-atollic-eabi/6.3.1/../../../../arm-atollic-eabi/lib/armv6-m\libc_nano.a(lib_a-memcpy-stub.o)
 .ARM.attributes
                0x00000551       0x2c c:/program files (x86)/atollic/truestudio for stm32 9.0.0/armtools/bin/../lib/gcc/arm-atollic-eabi/6.3.1/../../../../arm-atollic-eabi/lib/armv6-m\libc_nano.a(lib_a-memset.o)
 .ARM.attributes
                0x0000057d       0x2c c:/program files (x86)/atollic/truestudio for stm32 9.0.0/armtools/bin/../lib/gcc/arm-atollic-eabi/6.3.1/../../../../arm-atollic-eabi/lib/armv6-m\libc_nano.a(lib_a-snprintf.o)
 .ARM.attributes
                0x000005a9       0x2c c:/program files (x86)/atollic/truestudio for stm32 9.0.0/armtools/bin/../lib/gcc/arm-atollic-eabi/6.3.1/../../../../arm-atollic-eabi/lib/armv6-m\libc_nano.a(lib_a-strtol.o)
 .ARM.attributes
                0x000005d5       0x2c c:/program files (x86)/atollic/truestudio for stm32 9.0.0/armtools/bin/../lib/gcc/arm-atollic-eabi/6.3.1/../../../../arm-atollic-eabi/lib/armv6-m\libc_nano.a(lib_a-impure.o)
 .ARM.attributes
                0x00000601       0x2c c:/program files (x86)/atollic/truestudio for stm32 9.0.0/armtools/bin/../lib/gcc/arm-atollic-eabi/6.3.1/../../../../arm-atollic-eabi/lib/armv6-m\libc_nano.a(lib_a-locale.o)
 .ARM.attributes
                0x0000062d       0x2c c:/program files (x86)/atollic/truestudio for stm32 9.0.0/armtools/bin/../lib/gcc/arm-atollic-eabi/6.3.1/../../../../arm-atollic-eabi/lib/armv6-m\libc_nano.a(lib_a-mbtowc_r.o)
 .ARM.attributes
                0x00000659       0x2c c:/program files (x86)/atollic/truestudio for stm32 9.0.0/armtools/bin/../lib/gcc/arm-atollic-eabi/6.3.1/../../../../arm-atollic-eabi/lib/armv6-m\libc_nano.a(lib_a-nano-mallocr.o)
 .ARM.attributes
                0x00000685       0x2c c:/program files (x86)/atollic/truestudio for stm32 9.0.0/armtools/bin/../lib/gcc/arm-atollic-eabi/6.3.1/../../../../arm-atollic-eabi/lib/armv6-m\libc_nano.a(lib_a-nano-svfprintf.o)
 .ARM.attributes
                0x000006b1       0x2c c:/program files (x86)/atollic/truestudio for stm32 9.0.0/armtools/bin/../lib/gcc/arm-atollic-eabi/6.3.1/../../../../arm-atollic-eabi/lib/armv6-m\libc_nano.a(lib_a-nano-vfprintf_i.o)
 .ARM.attributes
                0x000006dd       0x2c c:/program files (x86)/atollic/truestudio for stm32 9.0.0/armtools/bin/../lib/gcc/arm-atollic-eabi/6.3.1/../../../../arm-atollic-eabi/lib/armv6-m\libc_nano.a(lib_a-sbrkr.o)
 .ARM.attributes
                0x00000709       0x2c c:/program files (x86)/atollic/truestudio for stm32 9.0.0/armtools/bin/../lib/gcc/arm-atollic-eabi/6.3.1/../../../../arm-atollic-eabi/lib/armv6-m\libc_nano.a(lib_a-wctomb_r.o)
 .ARM.attributes
                0x00000735       0x2c c:/program files (x86)/atollic/truestudio for stm32 9.0.0/armtools/bin/../lib/gcc/arm-atollic-eabi/6.3.1/../../../../arm-atollic-eabi/lib/armv6-m\libc_nano.a(lib_a-ctype_.o)
 .ARM.attributes
                0x00000761       0x2c c:/program files (x86)/atollic/truestudio for stm32 9.0.0/armtools/bin/../lib/gcc/arm-atollic-eabi/6.3.1/../../../../arm-atollic-eabi/lib/armv6-m\libc_nano.a(lib_a-memchr-stub.o)
 .ARM.attributes
                0x0000078d       0x2c c:/program files (x86)/atollic/truestudio for stm32 9.0.0/armtools/bin/../lib/gcc/arm-atollic-eabi/6.3.1/../../../../arm-atollic-eabi/lib/armv6-m\libc_nano.a(lib_a-memmove.o)
 .ARM.attributes
                0x000007b9       0x2c c:/program files (x86)/atollic/truestudio for stm32 9.0.0/armtools/bin/../lib/gcc/arm-atollic-eabi/6.3.1/../../../../arm-atollic-eabi/lib/armv6-m\libc_nano.a(lib_a-mlock.o)
 .ARM.attributes
                0x000007e5       0x2c c:/program files (x86)/atollic/truestudio for stm32 9.0.0/armtools/bin/../lib/gcc/arm-atollic-eabi/6.3.1/../../../../arm-atollic-eabi/lib/armv6-m\libc_nano.a(lib_a-nano-freer.o)
 .ARM.attributes
                0x00000811       0x2c c:/program files (x86)/atollic/truestudio for stm32 9.0.0/armtools/bin/../lib/gcc/arm-atollic-eabi/6.3.1/../../../../arm-atollic-eabi/lib/armv6-m\libc_nano.a(lib_a-nano-reallocr.o)
 .ARM.attributes
                0x0000083d       0x2c c:/program files (x86)/atollic/truestudio for stm32 9.0.0/armtools/bin/../lib/gcc/arm-atollic-eabi/6.3.1/../../../../arm-atollic-eabi/lib/armv6-m\libc_nano.a(lib_a-reent.o)
 .ARM.attributes
                0x00000869       0x2c c:/program files (x86)/atollic/truestudio for stm32 9.0.0/armtools/bin/../lib/gcc/arm-atollic-eabi/6.3.1/../../../../arm-atollic-eabi/lib/armv6-m\libc_nano.a(lib_a-nano-msizer.o)
 .ARM.attributes
                0x00000895       0x1e c:/program files (x86)/atollic/truestudio for stm32 9.0.0/armtools/bin/../lib/gcc/arm-atollic-eabi/6.3.1/armv6-m\libgcc.a(_thumb1_case_uqi.o)
 .ARM.attributes
                0x000008b3       0x1e c:/program files (x86)/atollic/truestudio for stm32 9.0.0/armtools/bin/../lib/gcc/arm-atollic-eabi/6.3.1/armv6-m\libgcc.a(_thumb1_case_uhi.o)
 .ARM.attributes
                0x000008d1       0x1e c:/program files (x86)/atollic/truestudio for stm32 9.0.0/armtools/bin/../lib/gcc/arm-atollic-eabi/6.3.1/armv6-m\libgcc.a(_udivsi3.o)
 .ARM.attributes
                0x000008ef       0x1e c:/program files (x86)/atollic/truestudio for stm32 9.0.0/armtools/bin/../lib/gcc/arm-atollic-eabi/6.3.1/armv6-m\libgcc.a(_divsi3.o)
 .ARM.attributes
                0x0000090d       0x1e c:/program files (x86)/atollic/truestudio for stm32 9.0.0/armtools/bin/../lib/gcc/arm-atollic-eabi/6.3.1/armv6-m\libgcc.a(_dvmd_tls.o)
 .ARM.attributes
                0x0000092b       0x1e c:/program files (x86)/atollic/truestudio for stm32 9.0.0/armtools/bin/../lib/gcc/arm-atollic-eabi/6.3.1/armv6-m\libgcc.a(_arm_cmpdf2.o)
 .ARM.attributes
                0x00000949       0x2c c:/program files (x86)/atollic/truestudio for stm32 9.0.0/armtools/bin/../lib/gcc/arm-atollic-eabi/6.3.1/armv6-m\libgcc.a(eqdf2.o)
 .ARM.attributes
                0x00000975       0x2c c:/program files (x86)/atollic/truestudio for stm32 9.0.0/armtools/bin/../lib/gcc/arm-atollic-eabi/6.3.1/armv6-m\libgcc.a(gedf2.o)
 .ARM.attributes
                0x000009a1       0x2c c:/program files (x86)/atollic/truestudio for stm32 9.0.0/armtools/bin/../lib/gcc/arm-atollic-eabi/6.3.1/armv6-m\libgcc.a(ledf2.o)
 .ARM.attributes
                0x000009cd       0x2c c:/program files (x86)/atollic/truestudio for stm32 9.0.0/armtools/bin/../lib/gcc/arm-atollic-eabi/6.3.1/armv6-m\libgcc.a(muldf3.o)
 .ARM.attributes
                0x000009f9       0x2c c:/program files (x86)/atollic/truestudio for stm32 9.0.0/armtools/bin/../lib/gcc/arm-atollic-eabi/6.3.1/armv6-m\libgcc.a(subdf3.o)
 .ARM.attributes
                0x00000a25       0x2c c:/program files (x86)/atollic/truestudio for stm32 9.0.0/armtools/bin/../lib/gcc/arm-atollic-eabi/6.3.1/armv6-m\libgcc.a(fixdfsi.o)
 .ARM.attributes
                0x00000a51       0x2c c:/program files (x86)/atollic/truestudio for stm32 9.0.0/armtools/bin/../lib/gcc/arm-atollic-eabi/6.3.1/armv6-m\libgcc.a(floatsidf.o)
 .ARM.attributes
                0x00000a7d       0x1e c:/program files (x86)/atollic/truestudio for stm32 9.0.0/armtools/bin/../lib/gcc/arm-atollic-eabi/6.3.1/armv6-m\libgcc.a(_clzsi2.o)
 .ARM.attributes
                0x00000a9b       0x2c c:/program files (x86)/atollic/truestudio for stm32 9.0.0/armtools/bin/../lib/gcc/arm-atollic-eabi/6.3.1/../../../../arm-atollic-eabi/lib/armv6-m\libnosys.a(sbrk.o)
 .ARM.attributes
                0x00000ac7       0x1e c:/program files (x86)/atollic/truestudio for stm32 9.0.0/armtools/bin/../lib/gcc/arm-atollic-eabi/6.3.1/armv6-m/crtn.o
OUTPUT(voting_remote.elf elf32-littlearm)

.debug_info     0x00000000     0xfb61
 .debug_info    0x00000000      0xd51 COMMONRESOURCE\HW_lib\STM32F0_periph\STM32F0_flash.o
 .debug_info    0x00000d51      0xa75 COMMONRESOURCE\HW_lib\STM32F0_periph\STM32F0_io.o
 .debug_info    0x000017c6      0xcee COMMONRESOURCE\HW_lib\STM32F0_periph\STM32F0_nvic.o
 .debug_info    0x000024b4      0x862 COMMONRESOURCE\HW_lib\STM32F0_periph\STM32F0_spi.o
 .debug_info    0x00002d16      0x84f COMMONRESOURCE\HW_lib\STM32F0_periph\STM32F0_tim.o
 .debug_info    0x00003565      0xb09 COMMONRESOURCE\HW_lib\STM32F0_periph\STM32F0_uart.o
 .debug_info    0x0000406e       0x44 COMMONRESOURCE\HW_lib\additionalIRQhdler.o
 .debug_info    0x000040b2     0x18a1 COMMONRESOURCE\HW_lib\nRF24L01.o
 .debug_info    0x00005953      0xea3 COMMONRESOURCE\SW_lib\dbgPrint.o
 .debug_info    0x000067f6      0x320 Drivers\STM32F0xx_StdPeriph_Driver\src\stm32f0xx_exti.o
 .debug_info    0x00006b16      0xb6e Drivers\STM32F0xx_StdPeriph_Driver\src\stm32f0xx_flash.o
 .debug_info    0x00007684      0x6aa Drivers\STM32F0xx_StdPeriph_Driver\src\stm32f0xx_gpio.o
 .debug_info    0x00007d2e      0x373 Drivers\STM32F0xx_StdPeriph_Driver\src\stm32f0xx_misc.o
 .debug_info    0x000080a1      0x451 Drivers\STM32F0xx_StdPeriph_Driver\src\stm32f0xx_pwr.o
 .debug_info    0x000084f2      0xaab Drivers\STM32F0xx_StdPeriph_Driver\src\stm32f0xx_rcc.o
 .debug_info    0x00008f9d      0xb6b Drivers\STM32F0xx_StdPeriph_Driver\src\stm32f0xx_spi.o
 .debug_info    0x00009b08      0x341 Drivers\STM32F0xx_StdPeriph_Driver\src\stm32f0xx_syscfg.o
 .debug_info    0x00009e49     0x201d Drivers\STM32F0xx_StdPeriph_Driver\src\stm32f0xx_tim.o
 .debug_info    0x0000be66      0xf6c Drivers\STM32F0xx_StdPeriph_Driver\src\stm32f0xx_usart.o
 .debug_info    0x0000cdd2      0xe3d RFprotocol\RFprotocol.o
 .debug_info    0x0000dc0f     0x1bbe src\main.o
 .debug_info    0x0000f7cd       0x70 src\startup_stm32f030x6.o
 .debug_info    0x0000f83d      0x324 src\system_stm32f0xx.o

.debug_abbrev   0x00000000     0x30c3
 .debug_abbrev  0x00000000      0x2f4 COMMONRESOURCE\HW_lib\STM32F0_periph\STM32F0_flash.o
 .debug_abbrev  0x000002f4      0x254 COMMONRESOURCE\HW_lib\STM32F0_periph\STM32F0_io.o
 .debug_abbrev  0x00000548      0x299 COMMONRESOURCE\HW_lib\STM32F0_periph\STM32F0_nvic.o
 .debug_abbrev  0x000007e1      0x17b COMMONRESOURCE\HW_lib\STM32F0_periph\STM32F0_spi.o
 .debug_abbrev  0x0000095c      0x207 COMMONRESOURCE\HW_lib\STM32F0_periph\STM32F0_tim.o
 .debug_abbrev  0x00000b63      0x245 COMMONRESOURCE\HW_lib\STM32F0_periph\STM32F0_uart.o
 .debug_abbrev  0x00000da8       0x44 COMMONRESOURCE\HW_lib\additionalIRQhdler.o
 .debug_abbrev  0x00000dec      0x3ba COMMONRESOURCE\HW_lib\nRF24L01.o
 .debug_abbrev  0x000011a6      0x3cb COMMONRESOURCE\SW_lib\dbgPrint.o
 .debug_abbrev  0x00001571      0x1ec Drivers\STM32F0xx_StdPeriph_Driver\src\stm32f0xx_exti.o
 .debug_abbrev  0x0000175d      0x250 Drivers\STM32F0xx_StdPeriph_Driver\src\stm32f0xx_flash.o
 .debug_abbrev  0x000019ad      0x1ed Drivers\STM32F0xx_StdPeriph_Driver\src\stm32f0xx_gpio.o
 .debug_abbrev  0x00001b9a      0x14f Drivers\STM32F0xx_StdPeriph_Driver\src\stm32f0xx_misc.o
 .debug_abbrev  0x00001ce9      0x1be Drivers\STM32F0xx_StdPeriph_Driver\src\stm32f0xx_pwr.o
 .debug_abbrev  0x00001ea7      0x243 Drivers\STM32F0xx_StdPeriph_Driver\src\stm32f0xx_rcc.o
 .debug_abbrev  0x000020ea      0x1e4 Drivers\STM32F0xx_StdPeriph_Driver\src\stm32f0xx_spi.o
 .debug_abbrev  0x000022ce      0x1a9 Drivers\STM32F0xx_StdPeriph_Driver\src\stm32f0xx_syscfg.o
 .debug_abbrev  0x00002477      0x299 Drivers\STM32F0xx_StdPeriph_Driver\src\stm32f0xx_tim.o
 .debug_abbrev  0x00002710      0x1e0 Drivers\STM32F0xx_StdPeriph_Driver\src\stm32f0xx_usart.o
 .debug_abbrev  0x000028f0      0x23b RFprotocol\RFprotocol.o
 .debug_abbrev  0x00002b2b      0x41a src\main.o
 .debug_abbrev  0x00002f45       0x12 src\startup_stm32f030x6.o
 .debug_abbrev  0x00002f57      0x16c src\system_stm32f0xx.o

.debug_loc      0x00000000     0x6e85
 .debug_loc     0x00000000      0x27b COMMONRESOURCE\HW_lib\STM32F0_periph\STM32F0_flash.o
 .debug_loc     0x0000027b      0x622 COMMONRESOURCE\HW_lib\STM32F0_periph\STM32F0_io.o
 .debug_loc     0x0000089d      0x12b COMMONRESOURCE\HW_lib\STM32F0_periph\STM32F0_nvic.o
 .debug_loc     0x000009c8      0x108 COMMONRESOURCE\HW_lib\STM32F0_periph\STM32F0_spi.o
 .debug_loc     0x00000ad0      0x1e6 COMMONRESOURCE\HW_lib\STM32F0_periph\STM32F0_tim.o
 .debug_loc     0x00000cb6      0x300 COMMONRESOURCE\HW_lib\STM32F0_periph\STM32F0_uart.o
 .debug_loc     0x00000fb6      0xabf COMMONRESOURCE\HW_lib\nRF24L01.o
 .debug_loc     0x00001a75      0x5e6 COMMONRESOURCE\SW_lib\dbgPrint.o
 .debug_loc     0x0000205b      0x107 Drivers\STM32F0xx_StdPeriph_Driver\src\stm32f0xx_exti.o
 .debug_loc     0x00002162      0x97a Drivers\STM32F0xx_StdPeriph_Driver\src\stm32f0xx_flash.o
 .debug_loc     0x00002adc      0x334 Drivers\STM32F0xx_StdPeriph_Driver\src\stm32f0xx_gpio.o
 .debug_loc     0x00002e10       0xb3 Drivers\STM32F0xx_StdPeriph_Driver\src\stm32f0xx_misc.o
 .debug_loc     0x00002ec3      0x192 Drivers\STM32F0xx_StdPeriph_Driver\src\stm32f0xx_pwr.o
 .debug_loc     0x00003055      0x925 Drivers\STM32F0xx_StdPeriph_Driver\src\stm32f0xx_rcc.o
 .debug_loc     0x0000397a      0x6ce Drivers\STM32F0xx_StdPeriph_Driver\src\stm32f0xx_spi.o
 .debug_loc     0x00004048      0x1a1 Drivers\STM32F0xx_StdPeriph_Driver\src\stm32f0xx_syscfg.o
 .debug_loc     0x000041e9     0x19e7 Drivers\STM32F0xx_StdPeriph_Driver\src\stm32f0xx_tim.o
 .debug_loc     0x00005bd0      0x8fb Drivers\STM32F0xx_StdPeriph_Driver\src\stm32f0xx_usart.o
 .debug_loc     0x000064cb      0x586 RFprotocol\RFprotocol.o
 .debug_loc     0x00006a51      0x335 src\main.o
 .debug_loc     0x00006d86       0xff src\system_stm32f0xx.o

.debug_aranges  0x00000000      0xd88
 .debug_aranges
                0x00000000       0x58 COMMONRESOURCE\HW_lib\STM32F0_periph\STM32F0_flash.o
 .debug_aranges
                0x00000058       0x60 COMMONRESOURCE\HW_lib\STM32F0_periph\STM32F0_io.o
 .debug_aranges
                0x000000b8       0x38 COMMONRESOURCE\HW_lib\STM32F0_periph\STM32F0_nvic.o
 .debug_aranges
                0x000000f0       0x38 COMMONRESOURCE\HW_lib\STM32F0_periph\STM32F0_spi.o
 .debug_aranges
                0x00000128       0x40 COMMONRESOURCE\HW_lib\STM32F0_periph\STM32F0_tim.o
 .debug_aranges
                0x00000168       0x60 COMMONRESOURCE\HW_lib\STM32F0_periph\STM32F0_uart.o
 .debug_aranges
                0x000001c8       0x20 COMMONRESOURCE\HW_lib\additionalIRQhdler.o
 .debug_aranges
                0x000001e8       0x70 COMMONRESOURCE\HW_lib\nRF24L01.o
 .debug_aranges
                0x00000258       0x50 COMMONRESOURCE\SW_lib\dbgPrint.o
 .debug_aranges
                0x000002a8       0x48 Drivers\STM32F0xx_StdPeriph_Driver\src\stm32f0xx_exti.o
 .debug_aranges
                0x000002f0      0x110 Drivers\STM32F0xx_StdPeriph_Driver\src\stm32f0xx_flash.o
 .debug_aranges
                0x00000400       0x80 Drivers\STM32F0xx_StdPeriph_Driver\src\stm32f0xx_gpio.o
 .debug_aranges
                0x00000480       0x30 Drivers\STM32F0xx_StdPeriph_Driver\src\stm32f0xx_misc.o
 .debug_aranges
                0x000004b0       0x68 Drivers\STM32F0xx_StdPeriph_Driver\src\stm32f0xx_pwr.o
 .debug_aranges
                0x00000518      0x160 Drivers\STM32F0xx_StdPeriph_Driver\src\stm32f0xx_rcc.o
 .debug_aranges
                0x00000678      0x110 Drivers\STM32F0xx_StdPeriph_Driver\src\stm32f0xx_spi.o
 .debug_aranges
                0x00000788       0x58 Drivers\STM32F0xx_StdPeriph_Driver\src\stm32f0xx_syscfg.o
 .debug_aranges
                0x000007e0      0x2e0 Drivers\STM32F0xx_StdPeriph_Driver\src\stm32f0xx_tim.o
 .debug_aranges
                0x00000ac0      0x1a0 Drivers\STM32F0xx_StdPeriph_Driver\src\stm32f0xx_usart.o
 .debug_aranges
                0x00000c60       0x48 RFprotocol\RFprotocol.o
 .debug_aranges
                0x00000ca8       0x90 src\main.o
 .debug_aranges
                0x00000d38       0x28 src\startup_stm32f030x6.o
 .debug_aranges
                0x00000d60       0x28 src\system_stm32f0xx.o

.debug_ranges   0x00000000      0xf78
 .debug_ranges  0x00000000       0xb0 COMMONRESOURCE\HW_lib\STM32F0_periph\STM32F0_flash.o
 .debug_ranges  0x000000b0       0x80 COMMONRESOURCE\HW_lib\STM32F0_periph\STM32F0_io.o
 .debug_ranges  0x00000130       0xd8 COMMONRESOURCE\HW_lib\STM32F0_periph\STM32F0_nvic.o
 .debug_ranges  0x00000208       0x28 COMMONRESOURCE\HW_lib\STM32F0_periph\STM32F0_spi.o
 .debug_ranges  0x00000230       0x30 COMMONRESOURCE\HW_lib\STM32F0_periph\STM32F0_tim.o
 .debug_ranges  0x00000260       0x50 COMMONRESOURCE\HW_lib\STM32F0_periph\STM32F0_uart.o
 .debug_ranges  0x000002b0       0x10 COMMONRESOURCE\HW_lib\additionalIRQhdler.o
 .debug_ranges  0x000002c0      0x158 COMMONRESOURCE\HW_lib\nRF24L01.o
 .debug_ranges  0x00000418       0x98 COMMONRESOURCE\SW_lib\dbgPrint.o
 .debug_ranges  0x000004b0       0x38 Drivers\STM32F0xx_StdPeriph_Driver\src\stm32f0xx_exti.o
 .debug_ranges  0x000004e8      0x100 Drivers\STM32F0xx_StdPeriph_Driver\src\stm32f0xx_flash.o
 .debug_ranges  0x000005e8       0x70 Drivers\STM32F0xx_StdPeriph_Driver\src\stm32f0xx_gpio.o
 .debug_ranges  0x00000658       0x20 Drivers\STM32F0xx_StdPeriph_Driver\src\stm32f0xx_misc.o
 .debug_ranges  0x00000678       0x58 Drivers\STM32F0xx_StdPeriph_Driver\src\stm32f0xx_pwr.o
 .debug_ranges  0x000006d0      0x150 Drivers\STM32F0xx_StdPeriph_Driver\src\stm32f0xx_rcc.o
 .debug_ranges  0x00000820      0x100 Drivers\STM32F0xx_StdPeriph_Driver\src\stm32f0xx_spi.o
 .debug_ranges  0x00000920       0x48 Drivers\STM32F0xx_StdPeriph_Driver\src\stm32f0xx_syscfg.o
 .debug_ranges  0x00000968      0x310 Drivers\STM32F0xx_StdPeriph_Driver\src\stm32f0xx_tim.o
 .debug_ranges  0x00000c78      0x190 Drivers\STM32F0xx_StdPeriph_Driver\src\stm32f0xx_usart.o
 .debug_ranges  0x00000e08       0x38 RFprotocol\RFprotocol.o
 .debug_ranges  0x00000e40       0xe8 src\main.o
 .debug_ranges  0x00000f28       0x20 src\startup_stm32f030x6.o
 .debug_ranges  0x00000f48       0x30 src\system_stm32f0xx.o

.debug_line     0x00000000     0x5c3a
 .debug_line    0x00000000      0x473 COMMONRESOURCE\HW_lib\STM32F0_periph\STM32F0_flash.o
 .debug_line    0x00000473      0x3bb COMMONRESOURCE\HW_lib\STM32F0_periph\STM32F0_io.o
 .debug_line    0x0000082e      0x3c6 COMMONRESOURCE\HW_lib\STM32F0_periph\STM32F0_nvic.o
 .debug_line    0x00000bf4      0x2ce COMMONRESOURCE\HW_lib\STM32F0_periph\STM32F0_spi.o
 .debug_line    0x00000ec2      0x334 COMMONRESOURCE\HW_lib\STM32F0_periph\STM32F0_tim.o
 .debug_line    0x000011f6      0x3c3 COMMONRESOURCE\HW_lib\STM32F0_periph\STM32F0_uart.o
 .debug_line    0x000015b9       0x6a COMMONRESOURCE\HW_lib\additionalIRQhdler.o
 .debug_line    0x00001623      0x4e3 COMMONRESOURCE\HW_lib\nRF24L01.o
 .debug_line    0x00001b06      0x40d COMMONRESOURCE\SW_lib\dbgPrint.o
 .debug_line    0x00001f13      0x292 Drivers\STM32F0xx_StdPeriph_Driver\src\stm32f0xx_exti.o
 .debug_line    0x000021a5      0x59e Drivers\STM32F0xx_StdPeriph_Driver\src\stm32f0xx_flash.o
 .debug_line    0x00002743      0x358 Drivers\STM32F0xx_StdPeriph_Driver\src\stm32f0xx_gpio.o
 .debug_line    0x00002a9b      0x268 Drivers\STM32F0xx_StdPeriph_Driver\src\stm32f0xx_misc.o
 .debug_line    0x00002d03      0x34a Drivers\STM32F0xx_StdPeriph_Driver\src\stm32f0xx_pwr.o
 .debug_line    0x0000304d      0x65b Drivers\STM32F0xx_StdPeriph_Driver\src\stm32f0xx_rcc.o
 .debug_line    0x000036a8      0x51a Drivers\STM32F0xx_StdPeriph_Driver\src\stm32f0xx_spi.o
 .debug_line    0x00003bc2      0x254 Drivers\STM32F0xx_StdPeriph_Driver\src\stm32f0xx_syscfg.o
 .debug_line    0x00003e16      0xbba Drivers\STM32F0xx_StdPeriph_Driver\src\stm32f0xx_tim.o
 .debug_line    0x000049d0      0x6d5 Drivers\STM32F0xx_StdPeriph_Driver\src\stm32f0xx_usart.o
 .debug_line    0x000050a5      0x272 RFprotocol\RFprotocol.o
 .debug_line    0x00005317      0x6be src\main.o
 .debug_line    0x000059d5       0x7f src\startup_stm32f030x6.o
 .debug_line    0x00005a54      0x1e6 src\system_stm32f0xx.o

.debug_str      0x00000000     0x4146
 .debug_str     0x00000000      0x745 COMMONRESOURCE\HW_lib\STM32F0_periph\STM32F0_flash.o
                                0x7e7 (size before relaxing)
 .debug_str     0x00000745      0x6b4 COMMONRESOURCE\HW_lib\STM32F0_periph\STM32F0_io.o
                                0x86f (size before relaxing)
 .debug_str     0x00000df9      0x154 COMMONRESOURCE\HW_lib\STM32F0_periph\STM32F0_nvic.o
                                0x8e0 (size before relaxing)
 .debug_str     0x00000f4d      0x25b COMMONRESOURCE\HW_lib\STM32F0_periph\STM32F0_spi.o
                                0x621 (size before relaxing)
 .debug_str     0x000011a8      0x3d7 COMMONRESOURCE\HW_lib\STM32F0_periph\STM32F0_tim.o
                                0x7a1 (size before relaxing)
 .debug_str     0x0000157f      0x28d COMMONRESOURCE\HW_lib\STM32F0_periph\STM32F0_uart.o
                                0x817 (size before relaxing)
 .debug_str     0x0000180c       0x3a COMMONRESOURCE\HW_lib\additionalIRQhdler.o
                                0x128 (size before relaxing)
 .debug_str     0x00001846      0x369 COMMONRESOURCE\HW_lib\nRF24L01.o
                                0x914 (size before relaxing)
 .debug_str     0x00001baf      0x198 COMMONRESOURCE\SW_lib\dbgPrint.o
                                0x752 (size before relaxing)
 .debug_str     0x00001d47       0xc9 Drivers\STM32F0xx_StdPeriph_Driver\src\stm32f0xx_exti.o
                                0x385 (size before relaxing)
 .debug_str     0x00001e10      0x34e Drivers\STM32F0xx_StdPeriph_Driver\src\stm32f0xx_flash.o
                                0x624 (size before relaxing)
 .debug_str     0x0000215e      0x11e Drivers\STM32F0xx_StdPeriph_Driver\src\stm32f0xx_gpio.o
                                0x4f8 (size before relaxing)
 .debug_str     0x0000227c       0xcf Drivers\STM32F0xx_StdPeriph_Driver\src\stm32f0xx_misc.o
                                0x34c (size before relaxing)
 .debug_str     0x0000234b      0x166 Drivers\STM32F0xx_StdPeriph_Driver\src\stm32f0xx_pwr.o
                                0x38e (size before relaxing)
 .debug_str     0x000024b1      0x467 Drivers\STM32F0xx_StdPeriph_Driver\src\stm32f0xx_rcc.o
                                0x7f5 (size before relaxing)
 .debug_str     0x00002918      0x33c Drivers\STM32F0xx_StdPeriph_Driver\src\stm32f0xx_spi.o
                                0x7cd (size before relaxing)
 .debug_str     0x00002c54      0x1c6 Drivers\STM32F0xx_StdPeriph_Driver\src\stm32f0xx_syscfg.o
                                0x3ce (size before relaxing)
 .debug_str     0x00002e1a      0xa1b Drivers\STM32F0xx_StdPeriph_Driver\src\stm32f0xx_tim.o
                                0xe62 (size before relaxing)
 .debug_str     0x00003835      0x5c5 Drivers\STM32F0xx_StdPeriph_Driver\src\stm32f0xx_usart.o
                                0xa22 (size before relaxing)
 .debug_str     0x00003dfa      0x127 RFprotocol\RFprotocol.o
                                0x6d6 (size before relaxing)
 .debug_str     0x00003f21      0x1e9 src\main.o
                                0xd19 (size before relaxing)
 .debug_str     0x0000410a       0x3c src\system_stm32f0xx.o
                                0x2ba (size before relaxing)

.comment        0x00000000       0x7c
 .comment       0x00000000       0x7c COMMONRESOURCE\HW_lib\STM32F0_periph\STM32F0_flash.o
                                 0x7d (size before relaxing)
 .comment       0x0000007c       0x7d COMMONRESOURCE\HW_lib\STM32F0_periph\STM32F0_io.o
 .comment       0x0000007c       0x7d COMMONRESOURCE\HW_lib\STM32F0_periph\STM32F0_nvic.o
 .comment       0x0000007c       0x7d COMMONRESOURCE\HW_lib\STM32F0_periph\STM32F0_spi.o
 .comment       0x0000007c       0x7d COMMONRESOURCE\HW_lib\STM32F0_periph\STM32F0_tim.o
 .comment       0x0000007c       0x7d COMMONRESOURCE\HW_lib\STM32F0_periph\STM32F0_uart.o
 .comment       0x0000007c       0x7d COMMONRESOURCE\HW_lib\additionalIRQhdler.o
 .comment       0x0000007c       0x7d COMMONRESOURCE\HW_lib\nRF24L01.o
 .comment       0x0000007c       0x7d COMMONRESOURCE\SW_lib\dbgPrint.o
 .comment       0x0000007c       0x7d Drivers\STM32F0xx_StdPeriph_Driver\src\stm32f0xx_exti.o
 .comment       0x0000007c       0x7d Drivers\STM32F0xx_StdPeriph_Driver\src\stm32f0xx_flash.o
 .comment       0x0000007c       0x7d Drivers\STM32F0xx_StdPeriph_Driver\src\stm32f0xx_gpio.o
 .comment       0x0000007c       0x7d Drivers\STM32F0xx_StdPeriph_Driver\src\stm32f0xx_misc.o
 .comment       0x0000007c       0x7d Drivers\STM32F0xx_StdPeriph_Driver\src\stm32f0xx_pwr.o
 .comment       0x0000007c       0x7d Drivers\STM32F0xx_StdPeriph_Driver\src\stm32f0xx_rcc.o
 .comment       0x0000007c       0x7d Drivers\STM32F0xx_StdPeriph_Driver\src\stm32f0xx_spi.o
 .comment       0x0000007c       0x7d Drivers\STM32F0xx_StdPeriph_Driver\src\stm32f0xx_syscfg.o
 .comment       0x0000007c       0x7d Drivers\STM32F0xx_StdPeriph_Driver\src\stm32f0xx_tim.o
 .comment       0x0000007c       0x7d Drivers\STM32F0xx_StdPeriph_Driver\src\stm32f0xx_usart.o
 .comment       0x0000007c       0x7d RFprotocol\RFprotocol.o
 .comment       0x0000007c       0x7d src\main.o
 .comment       0x0000007c       0x7d src\system_stm32f0xx.o

.debug_frame    0x00000000     0x2524
 .debug_frame   0x00000000       0xc4 COMMONRESOURCE\HW_lib\STM32F0_periph\STM32F0_flash.o
 .debug_frame   0x000000c4      0x108 COMMONRESOURCE\HW_lib\STM32F0_periph\STM32F0_io.o
 .debug_frame   0x000001cc       0x94 COMMONRESOURCE\HW_lib\STM32F0_periph\STM32F0_nvic.o
 .debug_frame   0x00000260       0x78 COMMONRESOURCE\HW_lib\STM32F0_periph\STM32F0_spi.o
 .debug_frame   0x000002d8       0x90 COMMONRESOURCE\HW_lib\STM32F0_periph\STM32F0_tim.o
 .debug_frame   0x00000368       0xfc COMMONRESOURCE\HW_lib\STM32F0_periph\STM32F0_uart.o
 .debug_frame   0x00000464       0x30 COMMONRESOURCE\HW_lib\additionalIRQhdler.o
 .debug_frame   0x00000494      0x14c COMMONRESOURCE\HW_lib\nRF24L01.o
 .debug_frame   0x000005e0       0xcc COMMONRESOURCE\SW_lib\dbgPrint.o
 .debug_frame   0x000006ac       0xa4 Drivers\STM32F0xx_StdPeriph_Driver\src\stm32f0xx_exti.o
 .debug_frame   0x00000750      0x2d4 Drivers\STM32F0xx_StdPeriph_Driver\src\stm32f0xx_flash.o
 .debug_frame   0x00000a24      0x108 Drivers\STM32F0xx_StdPeriph_Driver\src\stm32f0xx_gpio.o
 .debug_frame   0x00000b2c       0x50 Drivers\STM32F0xx_StdPeriph_Driver\src\stm32f0xx_misc.o
 .debug_frame   0x00000b7c       0xc0 Drivers\STM32F0xx_StdPeriph_Driver\src\stm32f0xx_pwr.o
 .debug_frame   0x00000c3c      0x2c4 Drivers\STM32F0xx_StdPeriph_Driver\src\stm32f0xx_rcc.o
 .debug_frame   0x00000f00      0x22c Drivers\STM32F0xx_StdPeriph_Driver\src\stm32f0xx_spi.o
 .debug_frame   0x0000112c       0xc8 Drivers\STM32F0xx_StdPeriph_Driver\src\stm32f0xx_syscfg.o
 .debug_frame   0x000011f4      0x69c Drivers\STM32F0xx_StdPeriph_Driver\src\stm32f0xx_tim.o
 .debug_frame   0x00001890      0x350 Drivers\STM32F0xx_StdPeriph_Driver\src\stm32f0xx_usart.o
 .debug_frame   0x00001be0       0xb4 RFprotocol\RFprotocol.o
 .debug_frame   0x00001c94      0x170 src\main.o
 .debug_frame   0x00001e04       0x48 src\system_stm32f0xx.o
 .debug_frame   0x00001e4c       0x40 c:/program files (x86)/atollic/truestudio for stm32 9.0.0/armtools/bin/../lib/gcc/arm-atollic-eabi/6.3.1/../../../../arm-atollic-eabi/lib/armv6-m\libc_nano.a(lib_a-atoi.o)
 .debug_frame   0x00001e8c       0x2c c:/program files (x86)/atollic/truestudio for stm32 9.0.0/armtools/bin/../lib/gcc/arm-atollic-eabi/6.3.1/../../../../arm-atollic-eabi/lib/armv6-m\libc_nano.a(lib_a-init.o)
 .debug_frame   0x00001eb8       0x2c c:/program files (x86)/atollic/truestudio for stm32 9.0.0/armtools/bin/../lib/gcc/arm-atollic-eabi/6.3.1/../../../../arm-atollic-eabi/lib/armv6-m\libc_nano.a(lib_a-memcmp.o)
 .debug_frame   0x00001ee4       0x28 c:/program files (x86)/atollic/truestudio for stm32 9.0.0/armtools/bin/../lib/gcc/arm-atollic-eabi/6.3.1/../../../../arm-atollic-eabi/lib/armv6-m\libc_nano.a(lib_a-memcpy-stub.o)
 .debug_frame   0x00001f0c       0x20 c:/program files (x86)/atollic/truestudio for stm32 9.0.0/armtools/bin/../lib/gcc/arm-atollic-eabi/6.3.1/../../../../arm-atollic-eabi/lib/armv6-m\libc_nano.a(lib_a-memset.o)
 .debug_frame   0x00001f2c       0x50 c:/program files (x86)/atollic/truestudio for stm32 9.0.0/armtools/bin/../lib/gcc/arm-atollic-eabi/6.3.1/../../../../arm-atollic-eabi/lib/armv6-m\libc_nano.a(lib_a-snprintf.o)
 .debug_frame   0x00001f7c       0x88 c:/program files (x86)/atollic/truestudio for stm32 9.0.0/armtools/bin/../lib/gcc/arm-atollic-eabi/6.3.1/../../../../arm-atollic-eabi/lib/armv6-m\libc_nano.a(lib_a-strtol.o)
 .debug_frame   0x00002004       0x74 c:/program files (x86)/atollic/truestudio for stm32 9.0.0/armtools/bin/../lib/gcc/arm-atollic-eabi/6.3.1/../../../../arm-atollic-eabi/lib/armv6-m\libc_nano.a(lib_a-locale.o)
 .debug_frame   0x00002078       0x44 c:/program files (x86)/atollic/truestudio for stm32 9.0.0/armtools/bin/../lib/gcc/arm-atollic-eabi/6.3.1/../../../../arm-atollic-eabi/lib/armv6-m\libc_nano.a(lib_a-mbtowc_r.o)
 .debug_frame   0x000020bc       0x2c c:/program files (x86)/atollic/truestudio for stm32 9.0.0/armtools/bin/../lib/gcc/arm-atollic-eabi/6.3.1/../../../../arm-atollic-eabi/lib/armv6-m\libc_nano.a(lib_a-nano-mallocr.o)
 .debug_frame   0x000020e8       0x74 c:/program files (x86)/atollic/truestudio for stm32 9.0.0/armtools/bin/../lib/gcc/arm-atollic-eabi/6.3.1/../../../../arm-atollic-eabi/lib/armv6-m\libc_nano.a(lib_a-nano-svfprintf.o)
 .debug_frame   0x0000215c       0x54 c:/program files (x86)/atollic/truestudio for stm32 9.0.0/armtools/bin/../lib/gcc/arm-atollic-eabi/6.3.1/../../../../arm-atollic-eabi/lib/armv6-m\libc_nano.a(lib_a-nano-vfprintf_i.o)
 .debug_frame   0x000021b0       0x2c c:/program files (x86)/atollic/truestudio for stm32 9.0.0/armtools/bin/../lib/gcc/arm-atollic-eabi/6.3.1/../../../../arm-atollic-eabi/lib/armv6-m\libc_nano.a(lib_a-sbrkr.o)
 .debug_frame   0x000021dc       0x38 c:/program files (x86)/atollic/truestudio for stm32 9.0.0/armtools/bin/../lib/gcc/arm-atollic-eabi/6.3.1/../../../../arm-atollic-eabi/lib/armv6-m\libc_nano.a(lib_a-wctomb_r.o)
 .debug_frame   0x00002214       0x20 c:/program files (x86)/atollic/truestudio for stm32 9.0.0/armtools/bin/../lib/gcc/arm-atollic-eabi/6.3.1/../../../../arm-atollic-eabi/lib/armv6-m\libc_nano.a(lib_a-memchr-stub.o)
 .debug_frame   0x00002234       0x28 c:/program files (x86)/atollic/truestudio for stm32 9.0.0/armtools/bin/../lib/gcc/arm-atollic-eabi/6.3.1/../../../../arm-atollic-eabi/lib/armv6-m\libc_nano.a(lib_a-memmove.o)
 .debug_frame   0x0000225c       0x30 c:/program files (x86)/atollic/truestudio for stm32 9.0.0/armtools/bin/../lib/gcc/arm-atollic-eabi/6.3.1/../../../../arm-atollic-eabi/lib/armv6-m\libc_nano.a(lib_a-mlock.o)
 .debug_frame   0x0000228c       0x2c c:/program files (x86)/atollic/truestudio for stm32 9.0.0/armtools/bin/../lib/gcc/arm-atollic-eabi/6.3.1/../../../../arm-atollic-eabi/lib/armv6-m\libc_nano.a(lib_a-nano-freer.o)
 .debug_frame   0x000022b8       0x30 c:/program files (x86)/atollic/truestudio for stm32 9.0.0/armtools/bin/../lib/gcc/arm-atollic-eabi/6.3.1/../../../../arm-atollic-eabi/lib/armv6-m\libc_nano.a(lib_a-nano-reallocr.o)
 .debug_frame   0x000022e8       0x48 c:/program files (x86)/atollic/truestudio for stm32 9.0.0/armtools/bin/../lib/gcc/arm-atollic-eabi/6.3.1/../../../../arm-atollic-eabi/lib/armv6-m\libc_nano.a(lib_a-reent.o)
 .debug_frame   0x00002330       0x20 c:/program files (x86)/atollic/truestudio for stm32 9.0.0/armtools/bin/../lib/gcc/arm-atollic-eabi/6.3.1/../../../../arm-atollic-eabi/lib/armv6-m\libc_nano.a(lib_a-nano-msizer.o)
 .debug_frame   0x00002350       0x20 c:/program files (x86)/atollic/truestudio for stm32 9.0.0/armtools/bin/../lib/gcc/arm-atollic-eabi/6.3.1/armv6-m\libgcc.a(_udivsi3.o)
 .debug_frame   0x00002370       0x20 c:/program files (x86)/atollic/truestudio for stm32 9.0.0/armtools/bin/../lib/gcc/arm-atollic-eabi/6.3.1/armv6-m\libgcc.a(_divsi3.o)
 .debug_frame   0x00002390       0x38 c:/program files (x86)/atollic/truestudio for stm32 9.0.0/armtools/bin/../lib/gcc/arm-atollic-eabi/6.3.1/armv6-m\libgcc.a(eqdf2.o)
 .debug_frame   0x000023c8       0x38 c:/program files (x86)/atollic/truestudio for stm32 9.0.0/armtools/bin/../lib/gcc/arm-atollic-eabi/6.3.1/armv6-m\libgcc.a(gedf2.o)
 .debug_frame   0x00002400       0x38 c:/program files (x86)/atollic/truestudio for stm32 9.0.0/armtools/bin/../lib/gcc/arm-atollic-eabi/6.3.1/armv6-m\libgcc.a(ledf2.o)
 .debug_frame   0x00002438       0x3c c:/program files (x86)/atollic/truestudio for stm32 9.0.0/armtools/bin/../lib/gcc/arm-atollic-eabi/6.3.1/armv6-m\libgcc.a(muldf3.o)
 .debug_frame   0x00002474       0x38 c:/program files (x86)/atollic/truestudio for stm32 9.0.0/armtools/bin/../lib/gcc/arm-atollic-eabi/6.3.1/armv6-m\libgcc.a(subdf3.o)
 .debug_frame   0x000024ac       0x2c c:/program files (x86)/atollic/truestudio for stm32 9.0.0/armtools/bin/../lib/gcc/arm-atollic-eabi/6.3.1/armv6-m\libgcc.a(fixdfsi.o)
 .debug_frame   0x000024d8       0x2c c:/program files (x86)/atollic/truestudio for stm32 9.0.0/armtools/bin/../lib/gcc/arm-atollic-eabi/6.3.1/armv6-m\libgcc.a(floatsidf.o)
 .debug_frame   0x00002504       0x20 c:/program files (x86)/atollic/truestudio for stm32 9.0.0/armtools/bin/../lib/gcc/arm-atollic-eabi/6.3.1/../../../../arm-atollic-eabi/lib/armv6-m\libnosys.a(sbrk.o)

.stabstr        0x00000000       0x3f
 .stabstr       0x00000000       0x3f c:/program files (x86)/atollic/truestudio for stm32 9.0.0/armtools/bin/../lib/gcc/arm-atollic-eabi/6.3.1/../../../../arm-atollic-eabi/lib/armv6-m\libnosys.a(write.o)

Cross Reference Table

Symbol                                            File
ADC1_IRQHandler                                   src\startup_stm32f030x6.o
ADC_AnalogWatchdogCmd                             Drivers\STM32F0xx_StdPeriph_Driver\src\stm32f0xx_adc.o
ADC_AnalogWatchdogSingleChannelCmd                Drivers\STM32F0xx_StdPeriph_Driver\src\stm32f0xx_adc.o
ADC_AnalogWatchdogSingleChannelConfig             Drivers\STM32F0xx_StdPeriph_Driver\src\stm32f0xx_adc.o
ADC_AnalogWatchdogThresholdsConfig                Drivers\STM32F0xx_StdPeriph_Driver\src\stm32f0xx_adc.o
ADC_AutoPowerOffCmd                               Drivers\STM32F0xx_StdPeriph_Driver\src\stm32f0xx_adc.o
ADC_ChannelConfig                                 Drivers\STM32F0xx_StdPeriph_Driver\src\stm32f0xx_adc.o
ADC_ClearFlag                                     Drivers\STM32F0xx_StdPeriph_Driver\src\stm32f0xx_adc.o
ADC_ClearITPendingBit                             Drivers\STM32F0xx_StdPeriph_Driver\src\stm32f0xx_adc.o
ADC_ClockModeConfig                               Drivers\STM32F0xx_StdPeriph_Driver\src\stm32f0xx_adc.o
ADC_Cmd                                           Drivers\STM32F0xx_StdPeriph_Driver\src\stm32f0xx_adc.o
ADC_ContinuousModeCmd                             Drivers\STM32F0xx_StdPeriph_Driver\src\stm32f0xx_adc.o
ADC_DMACmd                                        Drivers\STM32F0xx_StdPeriph_Driver\src\stm32f0xx_adc.o
ADC_DMARequestModeConfig                          Drivers\STM32F0xx_StdPeriph_Driver\src\stm32f0xx_adc.o
ADC_DeInit                                        Drivers\STM32F0xx_StdPeriph_Driver\src\stm32f0xx_adc.o
ADC_DiscModeCmd                                   Drivers\STM32F0xx_StdPeriph_Driver\src\stm32f0xx_adc.o
ADC_GetCalibrationFactor                          Drivers\STM32F0xx_StdPeriph_Driver\src\stm32f0xx_adc.o
ADC_GetConversionValue                            Drivers\STM32F0xx_StdPeriph_Driver\src\stm32f0xx_adc.o
ADC_GetFlagStatus                                 Drivers\STM32F0xx_StdPeriph_Driver\src\stm32f0xx_adc.o
ADC_GetITStatus                                   Drivers\STM32F0xx_StdPeriph_Driver\src\stm32f0xx_adc.o
ADC_ITConfig                                      Drivers\STM32F0xx_StdPeriph_Driver\src\stm32f0xx_adc.o
ADC_Init                                          Drivers\STM32F0xx_StdPeriph_Driver\src\stm32f0xx_adc.o
ADC_JitterCmd                                     Drivers\STM32F0xx_StdPeriph_Driver\src\stm32f0xx_adc.o
ADC_OverrunModeCmd                                Drivers\STM32F0xx_StdPeriph_Driver\src\stm32f0xx_adc.o
ADC_StartOfConversion                             Drivers\STM32F0xx_StdPeriph_Driver\src\stm32f0xx_adc.o
ADC_StopOfConversion                              Drivers\STM32F0xx_StdPeriph_Driver\src\stm32f0xx_adc.o
ADC_StructInit                                    Drivers\STM32F0xx_StdPeriph_Driver\src\stm32f0xx_adc.o
ADC_TempSensorCmd                                 Drivers\STM32F0xx_StdPeriph_Driver\src\stm32f0xx_adc.o
ADC_VbatCmd                                       Drivers\STM32F0xx_StdPeriph_Driver\src\stm32f0xx_adc.o
ADC_VrefintCmd                                    Drivers\STM32F0xx_StdPeriph_Driver\src\stm32f0xx_adc.o
ADC_WaitModeCmd                                   Drivers\STM32F0xx_StdPeriph_Driver\src\stm32f0xx_adc.o
AHBPrescTable                                     src\system_stm32f0xx.o
BH1750_rdLux                                      COMMONRESOURCE\HW_lib\BH1750.o
BH1750_setup                                      COMMONRESOURCE\HW_lib\BH1750.o
CAN_CancelTransmit                                Drivers\STM32F0xx_StdPeriph_Driver\src\stm32f0xx_can.o
CAN_ClearFlag                                     Drivers\STM32F0xx_StdPeriph_Driver\src\stm32f0xx_can.o
CAN_ClearITPendingBit                             Drivers\STM32F0xx_StdPeriph_Driver\src\stm32f0xx_can.o
CAN_DBGFreeze                                     Drivers\STM32F0xx_StdPeriph_Driver\src\stm32f0xx_can.o
CAN_DeInit                                        Drivers\STM32F0xx_StdPeriph_Driver\src\stm32f0xx_can.o
CAN_FIFORelease                                   Drivers\STM32F0xx_StdPeriph_Driver\src\stm32f0xx_can.o
CAN_FilterInit                                    Drivers\STM32F0xx_StdPeriph_Driver\src\stm32f0xx_can.o
CAN_GetFlagStatus                                 Drivers\STM32F0xx_StdPeriph_Driver\src\stm32f0xx_can.o
CAN_GetITStatus                                   Drivers\STM32F0xx_StdPeriph_Driver\src\stm32f0xx_can.o
CAN_GetLSBTransmitErrorCounter                    Drivers\STM32F0xx_StdPeriph_Driver\src\stm32f0xx_can.o
CAN_GetLastErrorCode                              Drivers\STM32F0xx_StdPeriph_Driver\src\stm32f0xx_can.o
CAN_GetReceiveErrorCounter                        Drivers\STM32F0xx_StdPeriph_Driver\src\stm32f0xx_can.o
CAN_ITConfig                                      Drivers\STM32F0xx_StdPeriph_Driver\src\stm32f0xx_can.o
CAN_Init                                          Drivers\STM32F0xx_StdPeriph_Driver\src\stm32f0xx_can.o
CAN_MessagePending                                Drivers\STM32F0xx_StdPeriph_Driver\src\stm32f0xx_can.o
CAN_OperatingModeRequest                          Drivers\STM32F0xx_StdPeriph_Driver\src\stm32f0xx_can.o
CAN_Receive                                       Drivers\STM32F0xx_StdPeriph_Driver\src\stm32f0xx_can.o
CAN_SlaveStartBank                                Drivers\STM32F0xx_StdPeriph_Driver\src\stm32f0xx_can.o
CAN_Sleep                                         Drivers\STM32F0xx_StdPeriph_Driver\src\stm32f0xx_can.o
CAN_StructInit                                    Drivers\STM32F0xx_StdPeriph_Driver\src\stm32f0xx_can.o
CAN_TTComModeCmd                                  Drivers\STM32F0xx_StdPeriph_Driver\src\stm32f0xx_can.o
CAN_Transmit                                      Drivers\STM32F0xx_StdPeriph_Driver\src\stm32f0xx_can.o
CAN_TransmitStatus                                Drivers\STM32F0xx_StdPeriph_Driver\src\stm32f0xx_can.o
CAN_WakeUp                                        Drivers\STM32F0xx_StdPeriph_Driver\src\stm32f0xx_can.o
CEC_ClearFlag                                     Drivers\STM32F0xx_StdPeriph_Driver\src\stm32f0xx_cec.o
CEC_ClearITPendingBit                             Drivers\STM32F0xx_StdPeriph_Driver\src\stm32f0xx_cec.o
CEC_Cmd                                           Drivers\STM32F0xx_StdPeriph_Driver\src\stm32f0xx_cec.o
CEC_DeInit                                        Drivers\STM32F0xx_StdPeriph_Driver\src\stm32f0xx_cec.o
CEC_EndOfMessage                                  Drivers\STM32F0xx_StdPeriph_Driver\src\stm32f0xx_cec.o
CEC_GetFlagStatus                                 Drivers\STM32F0xx_StdPeriph_Driver\src\stm32f0xx_cec.o
CEC_GetITStatus                                   Drivers\STM32F0xx_StdPeriph_Driver\src\stm32f0xx_cec.o
CEC_ITConfig                                      Drivers\STM32F0xx_StdPeriph_Driver\src\stm32f0xx_cec.o
CEC_Init                                          Drivers\STM32F0xx_StdPeriph_Driver\src\stm32f0xx_cec.o
CEC_ListenModeCmd                                 Drivers\STM32F0xx_StdPeriph_Driver\src\stm32f0xx_cec.o
CEC_OwnAddressClear                               Drivers\STM32F0xx_StdPeriph_Driver\src\stm32f0xx_cec.o
CEC_OwnAddressConfig                              Drivers\STM32F0xx_StdPeriph_Driver\src\stm32f0xx_cec.o
CEC_ReceiveData                                   Drivers\STM32F0xx_StdPeriph_Driver\src\stm32f0xx_cec.o
CEC_SendData                                      Drivers\STM32F0xx_StdPeriph_Driver\src\stm32f0xx_cec.o
CEC_StartOfMessage                                Drivers\STM32F0xx_StdPeriph_Driver\src\stm32f0xx_cec.o
CEC_StructInit                                    Drivers\STM32F0xx_StdPeriph_Driver\src\stm32f0xx_cec.o
CIRBUF_add                                        COMMONRESOURCE\SW_lib\cirbuf.o
CIRBUF_count                                      COMMONRESOURCE\SW_lib\cirbuf.o
CIRBUF_get                                        COMMONRESOURCE\SW_lib\cirbuf.o
CIRBUF_setup                                      COMMONRESOURCE\SW_lib\cirbuf.o
CLCD_GotoXY                                       COMMONRESOURCE\HW_lib\CLCD.o
CLCD_ShiftLineContent                             COMMONRESOURCE\HW_lib\CLCD.o
CLCD_clrDisp                                      COMMONRESOURCE\HW_lib\CLCD.o
CLCD_clrLine                                      COMMONRESOURCE\HW_lib\CLCD.o
CLCD_isAvail                                      COMMONRESOURCE\HW_lib\CLCD.o
CLCD_loadCGRAM                                    COMMONRESOURCE\HW_lib\CLCD.o
CLCD_rdy                                          COMMONRESOURCE\HW_lib\CLCD.o
CLCD_setup                                        COMMONRESOURCE\HW_lib\CLCD.o
CLCD_startup                                      COMMONRESOURCE\HW_lib\CLCD.o
CLCD_wrtCGRAMdat                                  COMMONRESOURCE\HW_lib\CLCD.o
CLCD_wrtDat                                       COMMONRESOURCE\HW_lib\CLCD.o
CLCD_wrtDats                                      COMMONRESOURCE\HW_lib\CLCD.o
CLCD_wrtLargeChar                                 COMMONRESOURCE\HW_lib\CLCD.o
CLI_processCmd                                    COMMONRESOURCE\SW_lib\cli.o
CLI_regCmdHdl                                     COMMONRESOURCE\SW_lib\cli.o