06:31:43 **** Rebuild of configuration Debug for project STM32F0_example ****
Info: Internal Builder is used for build
arm-atollic-eabi-gcc -c -Wno-pointer-sign ..\Drivers\STM32F0xx_StdPeriph_Driver\src\stm32f0xx_cec.c -mthumb -mcpu=cortex-m0 -std=gnu11 -DSTM32F030x6 -DHSI48_VALUE=((uint32_t)48000000) -DSTM32F030 -DUSE_STDPERIPH_DRIVER -DHOST_UID=0x1A2B3C4D -DREMOTE_BASEID=0x1A2B0000 -ID:\Mega_sysn\STM32_workspace\led-heart\STM32F0_example\src -ID:\Mega_sysn\STM32_workspace\led-heart\STM32F0_example\Drivers\CMSIS\Include -ID:\Mega_sysn\STM32_workspace\led-heart\STM32F0_example\Drivers\CMSIS\Device\ST\STM32F0xx\Include -ID:\Mega_sysn\STM32_workspace\led-heart\STM32F0_example\Drivers\STM32F0xx_StdPeriph_Driver\inc -Os -ffunction-sections -fdata-sections -g -fstack-usage -Wall -specs=nano.specs -o Drivers\STM32F0xx_StdPeriph_Driver\src\stm32f0xx_cec.o 
arm-atollic-eabi-gcc -c -Wno-pointer-sign ..\Drivers\STM32F0xx_StdPeriph_Driver\src\stm32f0xx_rcc.c -mthumb -mcpu=cortex-m0 -std=gnu11 -DSTM32F030x6 -DHSI48_VALUE=((uint32_t)48000000) -DSTM32F030 -DUSE_STDPERIPH_DRIVER -DHOST_UID=0x1A2B3C4D -DREMOTE_BASEID=0x1A2B0000 -ID:\Mega_sysn\STM32_workspace\led-heart\STM32F0_example\src -ID:\Mega_sysn\STM32_workspace\led-heart\STM32F0_example\Drivers\CMSIS\Include -ID:\Mega_sysn\STM32_workspace\led-heart\STM32F0_example\Drivers\CMSIS\Device\ST\STM32F0xx\Include -ID:\Mega_sysn\STM32_workspace\led-heart\STM32F0_example\Drivers\STM32F0xx_StdPeriph_Driver\inc -Os -ffunction-sections -fdata-sections -g -fstack-usage -Wall -specs=nano.specs -o Drivers\STM32F0xx_StdPeriph_Driver\src\stm32f0xx_rcc.o 
arm-atollic-eabi-gcc -c -Wno-pointer-sign ..\Drivers\STM32F0xx_StdPeriph_Driver\src\stm32f0xx_dbgmcu.c -mthumb -mcpu=cortex-m0 -std=gnu11 -DSTM32F030x6 -DHSI48_VALUE=((uint32_t)48000000) -DSTM32F030 -DUSE_STDPERIPH_DRIVER -DHOST_UID=0x1A2B3C4D -DREMOTE_BASEID=0x1A2B0000 -ID:\Mega_sysn\STM32_workspace\led-heart\STM32F0_example\src -ID:\Mega_sysn\STM32_workspace\led-heart\STM32F0_example\Drivers\CMSIS\Include -ID:\Mega_sysn\STM32_workspace\led-heart\STM32F0_example\Drivers\CMSIS\Device\ST\STM32F0xx\Include -ID:\Mega_sysn\STM32_workspace\led-heart\STM32F0_example\Drivers\STM32F0xx_StdPeriph_Driver\inc -Os -ffunction-sections -fdata-sections -g -fstack-usage -Wall -specs=nano.specs -o Drivers\STM32F0xx_StdPeriph_Driver\src\stm32f0xx_dbgmcu.o 
arm-atollic-eabi-gcc -c -Wno-pointer-sign ..\Drivers\STM32F0xx_StdPeriph_Driver\src\stm32f0xx_spi.c -mthumb -mcpu=cortex-m0 -std=gnu11 -DSTM32F030x6 -DHSI48_VALUE=((uint32_t)48000000) -DSTM32F030 -DUSE_STDPERIPH_DRIVER -DHOST_UID=0x1A2B3C4D -DREMOTE_BASEID=0x1A2B0000 -ID:\Mega_sysn\STM32_workspace\led-heart\STM32F0_example\src -ID:\Mega_sysn\STM32_workspace\led-heart\STM32F0_example\Drivers\CMSIS\Include -ID:\Mega_sysn\STM32_workspace\led-heart\STM32F0_example\Drivers\CMSIS\Device\ST\STM32F0xx\Include -ID:\Mega_sysn\STM32_workspace\led-heart\STM32F0_example\Drivers\STM32F0xx_StdPeriph_Driver\inc -Os -ffunction-sections -fdata-sections -g -fstack-usage -Wall -specs=nano.specs -o Drivers\STM32F0xx_StdPeriph_Driver\src\stm32f0xx_spi.o 
arm-atollic-eabi-gcc -c -mthumb -mcpu=cortex-m0 -DSTM32F030x6 -DHSI48_VALUE=((uint32_t)48000000) -I../src -I../Drivers/CMSIS/Include -I../Drivers/CMSIS/Device/ST/STM32F0xx/Include -I../Drivers/STM32F0xx_HAL_Driver/Inc -g -Wa,--warn -x assembler-with-cpp -specs=nano.specs -o src\startup_stm32f030x6.o ..\src\startup_stm32f030x6.s 
arm-atollic-eabi-gcc -c -Wno-pointer-sign ..\Drivers\STM32F0xx_StdPeriph_Driver\src\stm32f0xx_rtc.c -mthumb -mcpu=cortex-m0 -std=gnu11 -DSTM32F030x6 -DHSI48_VALUE=((uint32_t)48000000) -DSTM32F030 -DUSE_STDPERIPH_DRIVER -DHOST_UID=0x1A2B3C4D -DREMOTE_BASEID=0x1A2B0000 -ID:\Mega_sysn\STM32_workspace\led-heart\STM32F0_example\src -ID:\Mega_sysn\STM32_workspace\led-heart\STM32F0_example\Drivers\CMSIS\Include -ID:\Mega_sysn\STM32_workspace\led-heart\STM32F0_example\Drivers\CMSIS\Device\ST\STM32F0xx\Include -ID:\Mega_sysn\STM32_workspace\led-heart\STM32F0_example\Drivers\STM32F0xx_StdPeriph_Driver\inc -Os -ffunction-sections -fdata-sections -g -fstack-usage -Wall -specs=nano.specs -o Drivers\STM32F0xx_StdPeriph_Driver\src\stm32f0xx_rtc.o 
arm-atollic-eabi-gcc -c -Wno-pointer-sign ..\Drivers\STM32F0xx_StdPeriph_Driver\src\stm32f0xx_syscfg.c -mthumb -mcpu=cortex-m0 -std=gnu11 -DSTM32F030x6 -DHSI48_VALUE=((uint32_t)48000000) -DSTM32F030 -DUSE_STDPERIPH_DRIVER -DHOST_UID=0x1A2B3C4D -DREMOTE_BASEID=0x1A2B0000 -ID:\Mega_sysn\STM32_workspace\led-heart\STM32F0_example\src -ID:\Mega_sysn\STM32_workspace\led-heart\STM32F0_example\Drivers\CMSIS\Include -ID:\Mega_sysn\STM32_workspace\led-heart\STM32F0_example\Drivers\CMSIS\Device\ST\STM32F0xx\Include -ID:\Mega_sysn\STM32_workspace\led-heart\STM32F0_example\Drivers\STM32F0xx_StdPeriph_Driver\inc -Os -ffunction-sections -fdata-sections -g -fstack-usage -Wall -specs=nano.specs -o Drivers\STM32F0xx_StdPeriph_Driver\src\stm32f0xx_syscfg.o 
arm-atollic-eabi-gcc -c -Wno-pointer-sign ..\src\main.c -mthumb -mcpu=cortex-m0 -std=gnu11 -DSTM32F030x6 -DHSI48_VALUE=((uint32_t)48000000) -DSTM32F030 -DUSE_STDPERIPH_DRIVER -DHOST_UID=0x1A2B3C4D -DREMOTE_BASEID=0x1A2B0000 -ID:\Mega_sysn\STM32_workspace\led-heart\STM32F0_example\src -ID:\Mega_sysn\STM32_workspace\led-heart\STM32F0_example\Drivers\CMSIS\Include -ID:\Mega_sysn\STM32_workspace\led-heart\STM32F0_example\Drivers\CMSIS\Device\ST\STM32F0xx\Include -ID:\Mega_sysn\STM32_workspace\led-heart\STM32F0_example\Drivers\STM32F0xx_StdPeriph_Driver\inc -Os -ffunction-sections -fdata-sections -g -fstack-usage -Wall -specs=nano.specs -o src\main.o 
arm-atollic-eabi-gcc -c -Wno-pointer-sign ..\Drivers\STM32F0xx_StdPeriph_Driver\src\stm32f0xx_flash.c -mthumb -mcpu=cortex-m0 -std=gnu11 -DSTM32F030x6 -DHSI48_VALUE=((uint32_t)48000000) -DSTM32F030 -DUSE_STDPERIPH_DRIVER -DHOST_UID=0x1A2B3C4D -DREMOTE_BASEID=0x1A2B0000 -ID:\Mega_sysn\STM32_workspace\led-heart\STM32F0_example\src -ID:\Mega_sysn\STM32_workspace\led-heart\STM32F0_example\Drivers\CMSIS\Include -ID:\Mega_sysn\STM32_workspace\led-heart\STM32F0_example\Drivers\CMSIS\Device\ST\STM32F0xx\Include -ID:\Mega_sysn\STM32_workspace\led-heart\STM32F0_example\Drivers\STM32F0xx_StdPeriph_Driver\inc -Os -ffunction-sections -fdata-sections -g -fstack-usage -Wall -specs=nano.specs -o Drivers\STM32F0xx_StdPeriph_Driver\src\stm32f0xx_flash.o 
arm-atollic-eabi-gcc -c -Wno-pointer-sign ..\Drivers\STM32F0xx_StdPeriph_Driver\src\stm32f0xx_usart.c -mthumb -mcpu=cortex-m0 -std=gnu11 -DSTM32F030x6 -DHSI48_VALUE=((uint32_t)48000000) -DSTM32F030 -DUSE_STDPERIPH_DRIVER -DHOST_UID=0x1A2B3C4D -DREMOTE_BASEID=0x1A2B0000 -ID:\Mega_sysn\STM32_workspace\led-heart\STM32F0_example\src -ID:\Mega_sysn\STM32_workspace\led-heart\STM32F0_example\Drivers\CMSIS\Include -ID:\Mega_sysn\STM32_workspace\led-heart\STM32F0_example\Drivers\CMSIS\Device\ST\STM32F0xx\Include -ID:\Mega_sysn\STM32_workspace\led-heart\STM32F0_example\Drivers\STM32F0xx_StdPeriph_Driver\inc -Os -ffunction-sections -fdata-sections -g -fstack-usage -Wall -specs=nano.specs -o Drivers\STM32F0xx_StdPeriph_Driver\src\stm32f0xx_usart.o 
arm-atollic-eabi-gcc -c -Wno-pointer-sign ..\Drivers\STM32F0xx_StdPeriph_Driver\src\stm32f0xx_wwdg.c -mthumb -mcpu=cortex-m0 -std=gnu11 -DSTM32F030x6 -DHSI48_VALUE=((uint32_t)48000000) -DSTM32F030 -DUSE_STDPERIPH_DRIVER -DHOST_UID=0x1A2B3C4D -DREMOTE_BASEID=0x1A2B0000 -ID:\Mega_sysn\STM32_workspace\led-heart\STM32F0_example\src -ID:\Mega_sysn\STM32_workspace\led-heart\STM32F0_example\Drivers\CMSIS\Include -ID:\Mega_sysn\STM32_workspace\led-heart\STM32F0_example\Drivers\CMSIS\Device\ST\STM32F0xx\Include -ID:\Mega_sysn\STM32_workspace\led-heart\STM32F0_example\Drivers\STM32F0xx_StdPeriph_Driver\inc -Os -ffunction-sections -fdata-sections -g -fstack-usage -Wall -specs=nano.specs -o Drivers\STM32F0xx_StdPeriph_Driver\src\stm32f0xx_wwdg.o 
arm-atollic-eabi-gcc -c -Wno-pointer-sign ..\Drivers\STM32F0xx_StdPeriph_Driver\src\stm32f0xx_crc.c -mthumb -mcpu=cortex-m0 -std=gnu11 -DSTM32F030x6 -DHSI48_VALUE=((uint32_t)48000000) -DSTM32F030 -DUSE_STDPERIPH_DRIVER -DHOST_UID=0x1A2B3C4D -DREMOTE_BASEID=0x1A2B0000 -ID:\Mega_sysn\STM32_workspace\led-heart\STM32F0_example\src -ID:\Mega_sysn\STM32_workspace\led-heart\STM32F0_example\Drivers\CMSIS\Include -ID:\Mega_sysn\STM32_workspace\led-heart\STM32F0_example\Drivers\CMSIS\Device\ST\STM32F0xx\Include -ID:\Mega_sysn\STM32_workspace\led-heart\STM32F0_example\Drivers\STM32F0xx_StdPeriph_Driver\inc -Os -ffunction-sections -fdata-sections -g -fstack-usage -Wall -specs=nano.specs -o Drivers\STM32F0xx_StdPeriph_Driver\src\stm32f0xx_crc.o 
arm-atollic-eabi-gcc -c -Wno-pointer-sign ..\Drivers\STM32F0xx_StdPeriph_Driver\src\stm32f0xx_adc.c -mthumb -mcpu=cortex-m0 -std=gnu11 -DSTM32F030x6 -DHSI48_VALUE=((uint32_t)48000000) -DSTM32F030 -DUSE_STDPERIPH_DRIVER -DHOST_UID=0x1A2B3C4D -DREMOTE_BASEID=0x1A2B0000 -ID:\Mega_sysn\STM32_workspace\led-heart\STM32F0_example\src -ID:\Mega_sysn\STM32_workspace\led-heart\STM32F0_example\Drivers\CMSIS\Include -ID:\Mega_sysn\STM32_workspace\led-heart\STM32F0_example\Drivers\CMSIS\Device\ST\STM32F0xx\Include -ID:\Mega_sysn\STM32_workspace\led-heart\STM32F0_example\Drivers\STM32F0xx_StdPeriph_Driver\inc -Os -ffunction-sections -fdata-sections -g -fstack-usage -Wall -specs=nano.specs -o Drivers\STM32F0xx_StdPeriph_Driver\src\stm32f0xx_adc.o 
arm-atollic-eabi-gcc -c -Wno-pointer-sign ..\Drivers\STM32F0xx_StdPeriph_Driver\src\stm32f0xx_can.c -mthumb -mcpu=cortex-m0 -std=gnu11 -DSTM32F030x6 -DHSI48_VALUE=((uint32_t)48000000) -DSTM32F030 -DUSE_STDPERIPH_DRIVER -DHOST_UID=0x1A2B3C4D -DREMOTE_BASEID=0x1A2B0000 -ID:\Mega_sysn\STM32_workspace\led-heart\STM32F0_example\src -ID:\Mega_sysn\STM32_workspace\led-heart\STM32F0_example\Drivers\CMSIS\Include -ID:\Mega_sysn\STM32_workspace\led-heart\STM32F0_example\Drivers\CMSIS\Device\ST\STM32F0xx\Include -ID:\Mega_sysn\STM32_workspace\led-heart\STM32F0_example\Drivers\STM32F0xx_StdPeriph_Driver\inc -Os -ffunction-sections -fdata-sections -g -fstack-usage -Wall -specs=nano.specs -o Drivers\STM32F0xx_StdPeriph_Driver\src\stm32f0xx_can.o 
arm-atollic-eabi-gcc -c -Wno-pointer-sign ..\Drivers\STM32F0xx_StdPeriph_Driver\src\stm32f0xx_crs.c -mthumb -mcpu=cortex-m0 -std=gnu11 -DSTM32F030x6 -DHSI48_VALUE=((uint32_t)48000000) -DSTM32F030 -DUSE_STDPERIPH_DRIVER -DHOST_UID=0x1A2B3C4D -DREMOTE_BASEID=0x1A2B0000 -ID:\Mega_sysn\STM32_workspace\led-heart\STM32F0_example\src -ID:\Mega_sysn\STM32_workspace\led-heart\STM32F0_example\Drivers\CMSIS\Include -ID:\Mega_sysn\STM32_workspace\led-heart\STM32F0_example\Drivers\CMSIS\Device\ST\STM32F0xx\Include -ID:\Mega_sysn\STM32_workspace\led-heart\STM32F0_example\Drivers\STM32F0xx_StdPeriph_Driver\inc -Os -ffunction-sections -fdata-sections -g -fstack-usage -Wall -specs=nano.specs -o Drivers\STM32F0xx_StdPeriph_Driver\src\stm32f0xx_crs.o 
arm-atollic-eabi-gcc -c -Wno-pointer-sign ..\src\system_stm32f0xx.c -mthumb -mcpu=cortex-m0 -std=gnu11 -DSTM32F030x6 -DHSI48_VALUE=((uint32_t)48000000) -DSTM32F030 -DUSE_STDPERIPH_DRIVER -DHOST_UID=0x1A2B3C4D -DREMOTE_BASEID=0x1A2B0000 -ID:\Mega_sysn\STM32_workspace\led-heart\STM32F0_example\src -ID:\Mega_sysn\STM32_workspace\led-heart\STM32F0_example\Drivers\CMSIS\Include -ID:\Mega_sysn\STM32_workspace\led-heart\STM32F0_example\Drivers\CMSIS\Device\ST\STM32F0xx\Include -ID:\Mega_sysn\STM32_workspace\led-heart\STM32F0_example\Drivers\STM32F0xx_StdPeriph_Driver\inc -Os -ffunction-sections -fdata-sections -g -fstack-usage -Wall -specs=nano.specs -o src\system_stm32f0xx.o 
arm-atollic-eabi-gcc -c -Wno-pointer-sign ..\Drivers\STM32F0xx_StdPeriph_Driver\src\stm32f0xx_misc.c -mthumb -mcpu=cortex-m0 -std=gnu11 -DSTM32F030x6 -DHSI48_VALUE=((uint32_t)48000000) -DSTM32F030 -DUSE_STDPERIPH_DRIVER -DHOST_UID=0x1A2B3C4D -DREMOTE_BASEID=0x1A2B0000 -ID:\Mega_sysn\STM32_workspace\led-heart\STM32F0_example\src -ID:\Mega_sysn\STM32_workspace\led-heart\STM32F0_example\Drivers\CMSIS\Include -ID:\Mega_sysn\STM32_workspace\led-heart\STM32F0_example\Drivers\CMSIS\Device\ST\STM32F0xx\Include -ID:\Mega_sysn\STM32_workspace\led-heart\STM32F0_example\Drivers\STM32F0xx_StdPeriph_Driver\inc -Os -ffunction-sections -fdata-sections -g -fstack-usage -Wall -specs=nano.specs -o Drivers\STM32F0xx_StdPeriph_Driver\src\stm32f0xx_misc.o 
arm-atollic-eabi-gcc -c -Wno-pointer-sign ..\src\tiny_printf.c -mthumb -mcpu=cortex-m0 -std=gnu11 -DSTM32F030x6 -DHSI48_VALUE=((uint32_t)48000000) -DSTM32F030 -DUSE_STDPERIPH_DRIVER -DHOST_UID=0x1A2B3C4D -DREMOTE_BASEID=0x1A2B0000 -ID:\Mega_sysn\STM32_workspace\led-heart\STM32F0_example\src -ID:\Mega_sysn\STM32_workspace\led-heart\STM32F0_example\Drivers\CMSIS\Include -ID:\Mega_sysn\STM32_workspace\led-heart\STM32F0_example\Drivers\CMSIS\Device\ST\STM32F0xx\Include -ID:\Mega_sysn\STM32_workspace\led-heart\STM32F0_example\Drivers\STM32F0xx_StdPeriph_Driver\inc -Os -ffunction-sections -fdata-sections -g -fstack-usage -Wall -specs=nano.specs -o src\tiny_printf.o 
arm-atollic-eabi-gcc -c -Wno-pointer-sign ..\Drivers\STM32F0xx_StdPeriph_Driver\src\stm32f0xx_gpio.c -mthumb -mcpu=cortex-m0 -std=gnu11 -DSTM32F030x6 -DHSI48_VALUE=((uint32_t)48000000) -DSTM32F030 -DUSE_STDPERIPH_DRIVER -DHOST_UID=0x1A2B3C4D -DREMOTE_BASEID=0x1A2B0000 -ID:\Mega_sysn\STM32_workspace\led-heart\STM32F0_example\src -ID:\Mega_sysn\STM32_workspace\led-heart\STM32F0_example\Drivers\CMSIS\Include -ID:\Mega_sysn\STM32_workspace\led-heart\STM32F0_example\Drivers\CMSIS\Device\ST\STM32F0xx\Include -ID:\Mega_sysn\STM32_workspace\led-heart\STM32F0_example\Drivers\STM32F0xx_StdPeriph_Driver\inc -Os -ffunction-sections -fdata-sections -g -fstack-usage -Wall -specs=nano.specs -o Drivers\STM32F0xx_StdPeriph_Driver\src\stm32f0xx_gpio.o 
arm-atollic-eabi-gcc -c -Wno-pointer-sign ..\Drivers\STM32F0xx_StdPeriph_Driver\src\stm32f0xx_iwdg.c -mthumb -mcpu=cortex-m0 -std=gnu11 -DSTM32F030x6 -DHSI48_VALUE=((uint32_t)48000000) -DSTM32F030 -DUSE_STDPERIPH_DRIVER -DHOST_UID=0x1A2B3C4D -DREMOTE_BASEID=0x1A2B0000 -ID:\Mega_sysn\STM32_workspace\led-heart\STM32F0_example\src -ID:\Mega_sysn\STM32_workspace\led-heart\STM32F0_example\Drivers\CMSIS\Include -ID:\Mega_sysn\STM32_workspace\led-heart\STM32F0_example\Drivers\CMSIS\Device\ST\STM32F0xx\Include -ID:\Mega_sysn\STM32_workspace\led-heart\STM32F0_example\Drivers\STM32F0xx_StdPeriph_Driver\inc -Os -ffunction-sections -fdata-sections -g -fstack-usage -Wall -specs=nano.specs -o Drivers\STM32F0xx_StdPeriph_Driver\src\stm32f0xx_iwdg.o 
arm-atollic-eabi-gcc -c -Wno-pointer-sign ..\Drivers\STM32F0xx_StdPeriph_Driver\src\stm32f0xx_comp.c -mthumb -mcpu=cortex-m0 -std=gnu11 -DSTM32F030x6 -DHSI48_VALUE=((uint32_t)48000000) -DSTM32F030 -DUSE_STDPERIPH_DRIVER -DHOST_UID=0x1A2B3C4D -DREMOTE_BASEID=0x1A2B0000 -ID:\Mega_sysn\STM32_workspace\led-heart\STM32F0_example\src -ID:\Mega_sysn\STM32_workspace\led-heart\STM32F0_example\Drivers\CMSIS\Include -ID:\Mega_sysn\STM32_workspace\led-heart\STM32F0_example\Drivers\CMSIS\Device\ST\STM32F0xx\Include -ID:\Mega_sysn\STM32_workspace\led-heart\STM32F0_example\Drivers\STM32F0xx_StdPeriph_Driver\inc -Os -ffunction-sections -fdata-sections -g -fstack-usage -Wall -specs=nano.specs -o Drivers\STM32F0xx_StdPeriph_Driver\src\stm32f0xx_comp.o 
arm-atollic-eabi-gcc -c -Wno-pointer-sign ..\Drivers\STM32F0xx_StdPeriph_Driver\src\stm32f0xx_exti.c -mthumb -mcpu=cortex-m0 -std=gnu11 -DSTM32F030x6 -DHSI48_VALUE=((uint32_t)48000000) -DSTM32F030 -DUSE_STDPERIPH_DRIVER -DHOST_UID=0x1A2B3C4D -DREMOTE_BASEID=0x1A2B0000 -ID:\Mega_sysn\STM32_workspace\led-heart\STM32F0_example\src -ID:\Mega_sysn\STM32_workspace\led-heart\STM32F0_example\Drivers\CMSIS\Include -ID:\Mega_sysn\STM32_workspace\led-heart\STM32F0_example\Drivers\CMSIS\Device\ST\STM32F0xx\Include -ID:\Mega_sysn\STM32_workspace\led-heart\STM32F0_example\Drivers\STM32F0xx_StdPeriph_Driver\inc -Os -ffunction-sections -fdata-sections -g -fstack-usage -Wall -specs=nano.specs -o Drivers\STM32F0xx_StdPeriph_Driver\src\stm32f0xx_exti.o 
arm-atollic-eabi-gcc -c -Wno-pointer-sign ..\Drivers\STM32F0xx_StdPeriph_Driver\src\stm32f0xx_i2c.c -mthumb -mcpu=cortex-m0 -std=gnu11 -DSTM32F030x6 -DHSI48_VALUE=((uint32_t)48000000) -DSTM32F030 -DUSE_STDPERIPH_DRIVER -DHOST_UID=0x1A2B3C4D -DREMOTE_BASEID=0x1A2B0000 -ID:\Mega_sysn\STM32_workspace\led-heart\STM32F0_example\src -ID:\Mega_sysn\STM32_workspace\led-heart\STM32F0_example\Drivers\CMSIS\Include -ID:\Mega_sysn\STM32_workspace\led-heart\STM32F0_example\Drivers\CMSIS\Device\ST\STM32F0xx\Include -ID:\Mega_sysn\STM32_workspace\led-heart\STM32F0_example\Drivers\STM32F0xx_StdPeriph_Driver\inc -Os -ffunction-sections -fdata-sections -g -fstack-usage -Wall -specs=nano.specs -o Drivers\STM32F0xx_StdPeriph_Driver\src\stm32f0xx_i2c.o 
arm-atollic-eabi-gcc -c -Wno-pointer-sign ..\Drivers\STM32F0xx_StdPeriph_Driver\src\stm32f0xx_tim.c -mthumb -mcpu=cortex-m0 -std=gnu11 -DSTM32F030x6 -DHSI48_VALUE=((uint32_t)48000000) -DSTM32F030 -DUSE_STDPERIPH_DRIVER -DHOST_UID=0x1A2B3C4D -DREMOTE_BASEID=0x1A2B0000 -ID:\Mega_sysn\STM32_workspace\led-heart\STM32F0_example\src -ID:\Mega_sysn\STM32_workspace\led-heart\STM32F0_example\Drivers\CMSIS\Include -ID:\Mega_sysn\STM32_workspace\led-heart\STM32F0_example\Drivers\CMSIS\Device\ST\STM32F0xx\Include -ID:\Mega_sysn\STM32_workspace\led-heart\STM32F0_example\Drivers\STM32F0xx_StdPeriph_Driver\inc -Os -ffunction-sections -fdata-sections -g -fstack-usage -Wall -specs=nano.specs -o Drivers\STM32F0xx_StdPeriph_Driver\src\stm32f0xx_tim.o 
arm-atollic-eabi-gcc -c -Wno-pointer-sign ..\Drivers\STM32F0xx_StdPeriph_Driver\src\stm32f0xx_pwr.c -mthumb -mcpu=cortex-m0 -std=gnu11 -DSTM32F030x6 -DHSI48_VALUE=((uint32_t)48000000) -DSTM32F030 -DUSE_STDPERIPH_DRIVER -DHOST_UID=0x1A2B3C4D -DREMOTE_BASEID=0x1A2B0000 -ID:\Mega_sysn\STM32_workspace\led-heart\STM32F0_example\src -ID:\Mega_sysn\STM32_workspace\led-heart\STM32F0_example\Drivers\CMSIS\Include -ID:\Mega_sysn\STM32_workspace\led-heart\STM32F0_example\Drivers\CMSIS\Device\ST\STM32F0xx\Include -ID:\Mega_sysn\STM32_workspace\led-heart\STM32F0_example\Drivers\STM32F0xx_StdPeriph_Driver\inc -Os -ffunction-sections -fdata-sections -g -fstack-usage -Wall -specs=nano.specs -o Drivers\STM32F0xx_StdPeriph_Driver\src\stm32f0xx_pwr.o 
arm-atollic-eabi-gcc -c -Wno-pointer-sign ..\Drivers\STM32F0xx_StdPeriph_Driver\src\stm32f0xx_dma.c -mthumb -mcpu=cortex-m0 -std=gnu11 -DSTM32F030x6 -DHSI48_VALUE=((uint32_t)48000000) -DSTM32F030 -DUSE_STDPERIPH_DRIVER -DHOST_UID=0x1A2B3C4D -DREMOTE_BASEID=0x1A2B0000 -ID:\Mega_sysn\STM32_workspace\led-heart\STM32F0_example\src -ID:\Mega_sysn\STM32_workspace\led-heart\STM32F0_example\Drivers\CMSIS\Include -ID:\Mega_sysn\STM32_workspace\led-heart\STM32F0_example\Drivers\CMSIS\Device\ST\STM32F0xx\Include -ID:\Mega_sysn\STM32_workspace\led-heart\STM32F0_example\Drivers\STM32F0xx_StdPeriph_Driver\inc -Os -ffunction-sections -fdata-sections -g -fstack-usage -Wall -specs=nano.specs -o Drivers\STM32F0xx_StdPeriph_Driver\src\stm32f0xx_dma.o 
arm-atollic-eabi-gcc -o STM32F0_example.elf Drivers\STM32F0xx_StdPeriph_Driver\src\stm32f0xx_adc.o Drivers\STM32F0xx_StdPeriph_Driver\src\stm32f0xx_can.o Drivers\STM32F0xx_StdPeriph_Driver\src\stm32f0xx_cec.o Drivers\STM32F0xx_StdPeriph_Driver\src\stm32f0xx_comp.o Drivers\STM32F0xx_StdPeriph_Driver\src\stm32f0xx_crc.o Drivers\STM32F0xx_StdPeriph_Driver\src\stm32f0xx_crs.o Drivers\STM32F0xx_StdPeriph_Driver\src\stm32f0xx_dbgmcu.o Drivers\STM32F0xx_StdPeriph_Driver\src\stm32f0xx_dma.o Drivers\STM32F0xx_StdPeriph_Driver\src\stm32f0xx_exti.o Drivers\STM32F0xx_StdPeriph_Driver\src\stm32f0xx_flash.o Drivers\STM32F0xx_StdPeriph_Driver\src\stm32f0xx_gpio.o Drivers\STM32F0xx_StdPeriph_Driver\src\stm32f0xx_i2c.o Drivers\STM32F0xx_StdPeriph_Driver\src\stm32f0xx_iwdg.o Drivers\STM32F0xx_StdPeriph_Driver\src\stm32f0xx_misc.o Drivers\STM32F0xx_StdPeriph_Driver\src\stm32f0xx_pwr.o Drivers\STM32F0xx_StdPeriph_Driver\src\stm32f0xx_rcc.o Drivers\STM32F0xx_StdPeriph_Driver\src\stm32f0xx_rtc.o Drivers\STM32F0xx_StdPeriph_Driver\src\stm32f0xx_spi.o Drivers\STM32F0xx_StdPeriph_Driver\src\stm32f0xx_syscfg.o Drivers\STM32F0xx_StdPeriph_Driver\src\stm32f0xx_tim.o Drivers\STM32F0xx_StdPeriph_Driver\src\stm32f0xx_usart.o Drivers\STM32F0xx_StdPeriph_Driver\src\stm32f0xx_wwdg.o src\main.o src\startup_stm32f030x6.o src\system_stm32f0xx.o src\tiny_printf.o -mthumb -mcpu=cortex-m0 -T..\stm32_flash.ld -specs=nosys.specs -static -Wl,-cref,-u,Reset_Handler -Wl,-Map=STM32F0_example.map -Wl,--gc-sections -Wl,--defsym=malloc_getpagesize_P=0x80 -Wl,--start-group -lc -lm -Wl,--end-group -specs=nano.specs 
D:\Program Files\True Studio\TrueSTUDIO for STM32 9.0.1\ide\jre\bin\java -jar D:\Program Files\True Studio\TrueSTUDIO for STM32 9.0.1\Tools\arm-atollic-reports.jar convert-hex sizeinfo list STM32F0_example.elf 
Generate build reports...
Converting build output to hex
Output sent to: STM32F0_example.hex
Converting build output to hex done
Print size information
   text	   data	    bss	    dec	    hex	filename
   1032	      8	    220	   1260	    4ec	STM32F0_example.elf
Print size information done
Generate listing file
Output sent to: STM32F0_example.list
Generate listing file done
Generate build reports done
06:34:01 **** Incremental Build of configuration Debug for project STM32F0_example ****
Info: Internal Builder is used for build
arm-atollic-eabi-gcc -c -Wno-pointer-sign ..\src\main.c -mthumb -mcpu=cortex-m0 -std=gnu11 -DSTM32F030x6 -DHSI48_VALUE=((uint32_t)48000000) -DSTM32F030 -DUSE_STDPERIPH_DRIVER -DHOST_UID=0x1A2B3C4D -DREMOTE_BASEID=0x1A2B0000 -ID:\Mega_sysn\STM32_workspace\led-heart\STM32F0_example\src -ID:\Mega_sysn\STM32_workspace\led-heart\STM32F0_example\Drivers\CMSIS\Include -ID:\Mega_sysn\STM32_workspace\led-heart\STM32F0_example\Drivers\CMSIS\Device\ST\STM32F0xx\Include -ID:\Mega_sysn\STM32_workspace\led-heart\STM32F0_example\Drivers\STM32F0xx_StdPeriph_Driver\inc -Os -ffunction-sections -fdata-sections -g -fstack-usage -Wall -specs=nano.specs -o src\main.o 
arm-atollic-eabi-gcc -o STM32F0_example.elf Drivers\STM32F0xx_StdPeriph_Driver\src\stm32f0xx_adc.o Drivers\STM32F0xx_StdPeriph_Driver\src\stm32f0xx_can.o Drivers\STM32F0xx_StdPeriph_Driver\src\stm32f0xx_cec.o Drivers\STM32F0xx_StdPeriph_Driver\src\stm32f0xx_comp.o Drivers\STM32F0xx_StdPeriph_Driver\src\stm32f0xx_crc.o Drivers\STM32F0xx_StdPeriph_Driver\src\stm32f0xx_crs.o Drivers\STM32F0xx_StdPeriph_Driver\src\stm32f0xx_dbgmcu.o Drivers\STM32F0xx_StdPeriph_Driver\src\stm32f0xx_dma.o Drivers\STM32F0xx_StdPeriph_Driver\src\stm32f0xx_exti.o Drivers\STM32F0xx_StdPeriph_Driver\src\stm32f0xx_flash.o Drivers\STM32F0xx_StdPeriph_Driver\src\stm32f0xx_gpio.o Drivers\STM32F0xx_StdPeriph_Driver\src\stm32f0xx_i2c.o Drivers\STM32F0xx_StdPeriph_Driver\src\stm32f0xx_iwdg.o Drivers\STM32F0xx_StdPeriph_Driver\src\stm32f0xx_misc.o Drivers\STM32F0xx_StdPeriph_Driver\src\stm32f0xx_pwr.o Drivers\STM32F0xx_StdPeriph_Driver\src\stm32f0xx_rcc.o Drivers\STM32F0xx_StdPeriph_Driver\src\stm32f0xx_rtc.o Drivers\STM32F0xx_StdPeriph_Driver\src\stm32f0xx_spi.o Drivers\STM32F0xx_StdPeriph_Driver\src\stm32f0xx_syscfg.o Drivers\STM32F0xx_StdPeriph_Driver\src\stm32f0xx_tim.o Drivers\STM32F0xx_StdPeriph_Driver\src\stm32f0xx_usart.o Drivers\STM32F0xx_StdPeriph_Driver\src\stm32f0xx_wwdg.o src\main.o src\startup_stm32f030x6.o src\system_stm32f0xx.o src\tiny_printf.o -mthumb -mcpu=cortex-m0 -T..\stm32_flash.ld -specs=nosys.specs -static -Wl,-cref,-u,Reset_Handler -Wl,-Map=STM32F0_example.map -Wl,--gc-sections -Wl,--defsym=malloc_getpagesize_P=0x80 -Wl,--start-group -lc -lm -Wl,--end-group -specs=nano.specs 
D:\Program Files\True Studio\TrueSTUDIO for STM32 9.0.1\ide\jre\bin\java -jar D:\Program Files\True Studio\TrueSTUDIO for STM32 9.0.1\Tools\arm-atollic-reports.jar convert-hex sizeinfo list STM32F0_example.elf 
Generate build reports...
Converting build output to hex
Output sent to: STM32F0_example.hex
Converting build output to hex done
Print size information
   text	   data	    bss	    dec	    hex	filename
   1032	      8	    220	   1260	    4ec	STM32F0_example.elf
Print size information done
Generate listing file
Output sent to: STM32F0_example.list
Generate listing file done
Generate build reports done
Info: Nothing to build for STM32F0_example
Info: Nothing to build for STM32F0_example
06:38:05 **** Incremental Build of configuration Debug for project STM32F0_example ****
Info: Internal Builder is used for build
arm-atollic-eabi-gcc -c -Wno-pointer-sign ..\src\main.c -mthumb -mcpu=cortex-m0 -std=gnu11 -DSTM32F030x6 -DHSI48_VALUE=((uint32_t)48000000) -DSTM32F030 -DUSE_STDPERIPH_DRIVER -DHOST_UID=0x1A2B3C4D -DREMOTE_BASEID=0x1A2B0000 -ID:\Mega_sysn\STM32_workspace\led-heart\STM32F0_example\src -ID:\Mega_sysn\STM32_workspace\led-heart\STM32F0_example\Drivers\CMSIS\Include -ID:\Mega_sysn\STM32_workspace\led-heart\STM32F0_example\Drivers\CMSIS\Device\ST\STM32F0xx\Include -ID:\Mega_sysn\STM32_workspace\led-heart\STM32F0_example\Drivers\STM32F0xx_StdPeriph_Driver\inc -Os -ffunction-sections -fdata-sections -g -fstack-usage -Wall -specs=nano.specs -o src\main.o 
arm-atollic-eabi-gcc -o STM32F0_example.elf Drivers\STM32F0xx_StdPeriph_Driver\src\stm32f0xx_adc.o Drivers\STM32F0xx_StdPeriph_Driver\src\stm32f0xx_can.o Drivers\STM32F0xx_StdPeriph_Driver\src\stm32f0xx_cec.o Drivers\STM32F0xx_StdPeriph_Driver\src\stm32f0xx_comp.o Drivers\STM32F0xx_StdPeriph_Driver\src\stm32f0xx_crc.o Drivers\STM32F0xx_StdPeriph_Driver\src\stm32f0xx_crs.o Drivers\STM32F0xx_StdPeriph_Driver\src\stm32f0xx_dbgmcu.o Drivers\STM32F0xx_StdPeriph_Driver\src\stm32f0xx_dma.o Drivers\STM32F0xx_StdPeriph_Driver\src\stm32f0xx_exti.o Drivers\STM32F0xx_StdPeriph_Driver\src\stm32f0xx_flash.o Drivers\STM32F0xx_StdPeriph_Driver\src\stm32f0xx_gpio.o Drivers\STM32F0xx_StdPeriph_Driver\src\stm32f0xx_i2c.o Drivers\STM32F0xx_StdPeriph_Driver\src\stm32f0xx_iwdg.o Drivers\STM32F0xx_StdPeriph_Driver\src\stm32f0xx_misc.o Drivers\STM32F0xx_StdPeriph_Driver\src\stm32f0xx_pwr.o Drivers\STM32F0xx_StdPeriph_Driver\src\stm32f0xx_rcc.o Drivers\STM32F0xx_StdPeriph_Driver\src\stm32f0xx_rtc.o Drivers\STM32F0xx_StdPeriph_Driver\src\stm32f0xx_spi.o Drivers\STM32F0xx_StdPeriph_Driver\src\stm32f0xx_syscfg.o Drivers\STM32F0xx_StdPeriph_Driver\src\stm32f0xx_tim.o Drivers\STM32F0xx_StdPeriph_Driver\src\stm32f0xx_usart.o Drivers\STM32F0xx_StdPeriph_Driver\src\stm32f0xx_wwdg.o src\main.o src\startup_stm32f030x6.o src\system_stm32f0xx.o src\tiny_printf.o -mthumb -mcpu=cortex-m0 -T..\stm32_flash.ld -specs=nosys.specs -static -Wl,-cref,-u,Reset_Handler -Wl,-Map=STM32F0_example.map -Wl,--gc-sections -Wl,--defsym=malloc_getpagesize_P=0x80 -Wl,--start-group -lc -lm -Wl,--end-group -specs=nano.specs 
D:\Program Files\True Studio\TrueSTUDIO for STM32 9.0.1\ide\jre\bin\java -jar D:\Program Files\True Studio\TrueSTUDIO for STM32 9.0.1\Tools\arm-atollic-reports.jar convert-hex sizeinfo list STM32F0_example.elf 
Generate build reports...
Converting build output to hex
Output sent to: STM32F0_example.hex
Converting build output to hex done
Print size information
   text	   data	    bss	    dec	    hex	filename
   1032	      8	    220	   1260	    4ec	STM32F0_example.elf
Print size information done
Generate listing file
Output sent to: STM32F0_example.list
Generate listing file done
Generate build reports done
Info: Nothing to build for STM32F0_example
